2026-08-13 03:47:43,654 | INFO | eos finance domains unavailable (ImportError: eos checkout not found at /home/runner/work/finance_project/mcp_server. Set EOS_ROOT to the mcp_server directory to enable the finance domains.). Trading pipeline continues with built-in logic only.
2026-08-13 03:47:43,955 | INFO | Failed to extract font properties from /usr/share/fonts/truetype/noto/NotoColorEmoji.ttf: Non-scalable fonts are not supported
2026-08-13 03:47:44,027 | INFO | generated new fontManager
2026-08-13 03:47:44,200 | INFO | START DAILY TRADING RUN
2026-08-13 03:47:44,204 | INFO | DATE/TIME: 2026-08-12T23:47:44.204707-04:00
2026-08-13 03:47:45,023 | INFO | ACCOUNT: equity=$492.17 (source=broker_live) | cash=$362.48 | exposure=26.4%
2026-08-13 03:47:45,105 | INFO | FILL RECONCILE: 3 fills -> 1 round trips, realized P&L $-42.74 (0W/1L, 0.0% win rate), 1 lots still open [dry run, nothing written]
2026-08-13 03:47:45,105 | INFO |   TSLA     1.00 sh  2026-03-24 -> 2026-07-23  $379.74 -> $337.00  P&L $-42.74 (-11.26%, 120d)
2026-08-13 03:47:45,105 | INFO |   OPEN BAC      2.00 sh @ $47.38 since 2026-03-24
2026-08-13 03:47:45,165 | INFO | CURRENTLY HELD: BAC
2026-08-13 03:47:47,796 | INFO | UNIVERSE SCREEN: scope=all | 16/24 affordable at $98.43/position (20% of $492.17 equity)
  OK UNG        $10.20  up to 9 share(s) at $10.20
  OK CANE       $10.69  up to 9 share(s) at $10.69
  OK PPLT       $15.94  up to 6 share(s) at $15.94
  OK CORN       $18.20  up to 5 share(s) at $18.20
  OK WEAT       $24.36  up to 4 share(s) at $24.36
  OK PALL       $24.85  up to 3 share(s) at $24.85
  OK SOYB       $25.24  up to 3 share(s) at $25.24
  OK DBB        $25.50  up to 3 share(s) at $25.50
  OK DBA        $27.84  up to 3 share(s) at $27.84
  OK DBC        $30.11  up to 3 share(s) at $30.11
  OK GSG        $32.62  up to 3 share(s) at $32.62
  OK CPER       $40.02  up to 2 share(s) at $40.02
  OK BNO        $50.72  up to 1 share(s) at $50.72
  OK SLV        $59.06  up to 1 share(s) at $59.06
  OK XLE        $61.03  up to 1 share(s) at $61.03
  OK IAU        $82.98  up to 1 share(s) at $82.98
  -- UGA       $118.72  1 share costs $118.72 but the cap is $98.43 (20% of $492.17)
  -- USO       $127.30  1 share costs $127.30 but the cap is $98.43 (20% of $492.17)
  -- NVDA      $224.09  1 share costs $224.09 but the cap is $98.43 (20% of $492.17)
  -- AMZN      $267.28  1 share costs $267.28 but the cap is $98.43 (20% of $492.17)
  -- AAPL      $302.25  1 share costs $302.25 but the cap is $98.43 (20% of $492.17)
  -- GOOGL     $343.54  1 share costs $343.54 but the cap is $98.43 (20% of $492.17)
  -- GLD       $404.92  1 share costs $404.92 but the cap is $98.43 (20% of $492.17)
  -- MSFT      $492.43  1 share costs $492.43 but the cap is $98.43 (20% of $492.17)
2026-08-13 03:47:47,796 | INFO | TRADING UNIVERSE (17): WEAT, CORN, SOYB, CANE, DBA, UNG, BNO, XLE, SLV, IAU, PPLT, PALL, CPER, DBB, DBC, GSG, BAC
2026-08-13 03:47:47,918 | INFO | EXIT RECONCILE | BAC | ALREADY_PROTECTED | open protective sell order exists
2026-08-13 03:47:47,918 | INFO | EXIT RECONCILE SUMMARY: 1 positions checked, 0 exits attached
2026-08-13 03:47:47,918 | INFO | Generating signals...
YF.download() has changed argument auto_adjust default to True

🔵 Running Bayesian Linear Regression for WEAT...
🟠 Running Gaussian Process for WEAT...

📊 WEAT - Unified Forecast Summary (2026-08-12)
======================================================================
🔵 Bayesian Forecast: -0.0029 ± 0.2010
🟠 GP Forecast:       0.0005 ± 0.0067
🟢 Ensemble Forecast: 0.0005 ± 0.0097
📈 RSI Signal:        HOLD (RSI: 39.2)
📊 BB Signal:         HOLD (Z-Score: -0.30)
🎯 Final Signal:      HOLD (Confidence: 50.0%)
💰 Recommendation:    HOLD

💰 Next-Day Closing Price Predictions:
   Current Close:    $24.36
   Bayesian:         $24.29 ($19.39 - $29.19)
   GP:               $24.37 ($24.21 - $24.54)
   Ensemble:         $24.37 ($24.14 - $24.61)

🔵 Running Bayesian Linear Regression for CORN...
🟠 Running Gaussian Process for CORN...

📊 CORN - Unified Forecast Summary (2026-08-12)
======================================================================
🔵 Bayesian Forecast: 0.0053 ± 0.2015
🟠 GP Forecast:       -0.0005 ± 0.0042
🟢 Ensemble Forecast: -0.0005 ± 0.0062
📈 RSI Signal:        SELL (RSI: 71.6)
📊 BB Signal:         HOLD (Z-Score: 1.31)
🎯 Final Signal:      HOLD (Confidence: 50.0%)
💰 Recommendation:    HOLD

💰 Next-Day Closing Price Predictions:
   Current Close:    $18.20
   Bayesian:         $18.30 ($14.63 - $21.96)
   GP:               $18.19 ($18.11 - $18.27)
   Ensemble:         $18.19 ($18.08 - $18.30)

🔵 Running Bayesian Linear Regression for SOYB...
🟠 Running Gaussian Process for SOYB...

📊 SOYB - Unified Forecast Summary (2026-08-12)
======================================================================
🔵 Bayesian Forecast: -0.0018 ± 0.2013
🟠 GP Forecast:       -0.0022 ± 0.0046
🟢 Ensemble Forecast: -0.0022 ± 0.0068
📈 RSI Signal:        HOLD (RSI: 53.8)
📊 BB Signal:         HOLD (Z-Score: -0.46)
🎯 Final Signal:      HOLD (Confidence: 50.0%)
💰 Recommendation:    HOLD

💰 Next-Day Closing Price Predictions:
   Current Close:    $25.24
   Bayesian:         $25.19 ($20.11 - $30.28)
   GP:               $25.19 ($25.07 - $25.30)
   Ensemble:         $25.19 ($25.01 - $25.36)

🔵 Running Bayesian Linear Regression for CANE...
🟠 Running Gaussian Process for CANE...

📊 CANE - Unified Forecast Summary (2026-08-12)
======================================================================
🔵 Bayesian Forecast: 0.0054 ± 0.2036
🟠 GP Forecast:       0.0087 ± 0.0075
🟢 Ensemble Forecast: 0.0087 ± 0.0108
📈 RSI Signal:        HOLD (RSI: 65.2)
📊 BB Signal:         SELL (Z-Score: 1.74)
🎯 Final Signal:      HOLD (Confidence: 50.0%)
💰 Recommendation:    HOLD

💰 Next-Day Closing Price Predictions:
   Current Close:    $10.69
   Bayesian:         $10.75 ($8.57 - $12.92)
   GP:               $10.78 ($10.70 - $10.86)
   Ensemble:         $10.78 ($10.67 - $10.90)

🔵 Running Bayesian Linear Regression for DBA...
🟠 Running Gaussian Process for DBA...

📊 DBA - Unified Forecast Summary (2026-08-12)
======================================================================
🔵 Bayesian Forecast: -0.0003 ± 0.2010
🟠 GP Forecast:       -0.0010 ± 0.0051
🟢 Ensemble Forecast: -0.0010 ± 0.0074
📈 RSI Signal:        HOLD (RSI: 56.4)
📊 BB Signal:         HOLD (Z-Score: 0.22)
🎯 Final Signal:      HOLD (Confidence: 50.0%)
💰 Recommendation:    HOLD

💰 Next-Day Closing Price Predictions:
   Current Close:    $27.84
   Bayesian:         $27.83 ($22.24 - $33.43)
   GP:               $27.81 ($27.67 - $27.95)
   Ensemble:         $27.81 ($27.60 - $28.02)

🔵 Running Bayesian Linear Regression for UNG...
🟠 Running Gaussian Process for UNG...

📊 UNG - Unified Forecast Summary (2026-08-12)
======================================================================
🔵 Bayesian Forecast: -0.0029 ± 0.2007
🟠 GP Forecast:       -0.0155 ± 0.0045
🟢 Ensemble Forecast: -0.0155 ± 0.0067
📈 RSI Signal:        BUY (RSI: 25.0)
📊 BB Signal:         HOLD (Z-Score: 0.21)
🎯 Final Signal:      SELL (Confidence: 75.0%)
💰 Recommendation:    SELL

💰 Next-Day Closing Price Predictions:
   Current Close:    $10.20
   Bayesian:         $10.17 ($8.12 - $12.22)
   GP:               $10.04 ($10.00 - $10.09)
   Ensemble:         $10.04 ($9.97 - $10.11)

🔵 Running Bayesian Linear Regression for BNO...
🟠 Running Gaussian Process for BNO...

📊 BNO - Unified Forecast Summary (2026-08-12)
======================================================================
🔵 Bayesian Forecast: 0.0006 ± 0.2038
🟠 GP Forecast:       -0.0614 ± 0.0193
🟢 Ensemble Forecast: -0.0609 ± 0.0296
📈 RSI Signal:        SELL (RSI: 81.9)
📊 BB Signal:         HOLD (Z-Score: 0.68)
🎯 Final Signal:      STRONG SELL (Confidence: 90.0%)
💰 Recommendation:    STRONG SELL

💰 Next-Day Closing Price Predictions:
   Current Close:    $50.72
   Bayesian:         $50.75 ($40.41 - $61.09)
   GP:               $47.60 ($46.63 - $48.58)
   Ensemble:         $47.63 ($46.13 - $49.13)
2026-08-13 03:47:51,983 | INFO | SIGNAL NORMALIZED | symbol=BNO | original=STRONG SELL | normalized=SELL | confidence=0.9000 | prob_profit=0.0000

🔵 Running Bayesian Linear Regression for XLE...
🟠 Running Gaussian Process for XLE...

📊 XLE - Unified Forecast Summary (2026-08-12)
======================================================================
🔵 Bayesian Forecast: 0.0101 ± 0.2041
🟠 GP Forecast:       0.0001 ± 0.0087
🟢 Ensemble Forecast: 0.0001 ± 0.0125
📈 RSI Signal:        SELL (RSI: 74.1)
📊 BB Signal:         SELL (Z-Score: 2.02)
🎯 Final Signal:      SELL (Confidence: 75.0%)
💰 Recommendation:    SELL

💰 Next-Day Closing Price Predictions:
   Current Close:    $61.03
   Bayesian:         $61.65 ($49.19 - $74.11)
   GP:               $61.04 ($60.51 - $61.57)
   Ensemble:         $61.04 ($60.28 - $61.80)

🔵 Running Bayesian Linear Regression for SLV...
🟠 Running Gaussian Process for SLV...

📊 SLV - Unified Forecast Summary (2026-08-12)
======================================================================
🔵 Bayesian Forecast: 0.0230 ± 0.2020
🟠 GP Forecast:       0.0091 ± 0.0056
🟢 Ensemble Forecast: 0.0091 ± 0.0082
📈 RSI Signal:        HOLD (RSI: 67.0)
📊 BB Signal:         SELL (Z-Score: 1.81)
🎯 Final Signal:      BUY (Confidence: 75.0%)
💰 Recommendation:    BUY

💰 Next-Day Closing Price Predictions:
   Current Close:    $59.06
   Bayesian:         $60.42 ($48.49 - $72.35)
   GP:               $59.59 ($59.26 - $59.93)
   Ensemble:         $59.60 ($59.11 - $60.08)

🔵 Running Bayesian Linear Regression for IAU...
🟠 Running Gaussian Process for IAU...

📊 IAU - Unified Forecast Summary (2026-08-12)
======================================================================
🔵 Bayesian Forecast: 0.0115 ± 0.2029
🟠 GP Forecast:       0.0014 ± 0.0063
🟢 Ensemble Forecast: 0.0014 ± 0.0091
📈 RSI Signal:        HOLD (RSI: 68.9)
📊 BB Signal:         SELL (Z-Score: 1.95)
🎯 Final Signal:      HOLD (Confidence: 50.0%)
💰 Recommendation:    HOLD

💰 Next-Day Closing Price Predictions:
   Current Close:    $82.98
   Bayesian:         $83.94 ($67.10 - $100.77)
   GP:               $83.10 ($82.58 - $83.62)
   Ensemble:         $83.10 ($82.34 - $83.85)

🔵 Running Bayesian Linear Regression for PPLT...
🟠 Running Gaussian Process for PPLT...

📊 PPLT - Unified Forecast Summary (2026-08-12)
======================================================================
🔵 Bayesian Forecast: 0.0273 ± 0.2016
🟠 GP Forecast:       0.0030 ± 0.0066
🟢 Ensemble Forecast: 0.0031 ± 0.0097
📈 RSI Signal:        HOLD (RSI: 59.9)
📊 BB Signal:         SELL (Z-Score: 1.51)
🎯 Final Signal:      HOLD (Confidence: 50.0%)
💰 Recommendation:    HOLD

💰 Next-Day Closing Price Predictions:
   Current Close:    $15.94
   Bayesian:         $16.37 ($13.16 - $19.59)
   GP:               $15.99 ($15.88 - $16.09)
   Ensemble:         $15.99 ($15.83 - $16.14)

🔵 Running Bayesian Linear Regression for PALL...
🟠 Running Gaussian Process for PALL...

📊 PALL - Unified Forecast Summary (2026-08-12)
======================================================================
🔵 Bayesian Forecast: 0.0232 ± 0.2018
🟠 GP Forecast:       -0.0033 ± 0.0092
🟢 Ensemble Forecast: -0.0032 ± 0.0134
📈 RSI Signal:        HOLD (RSI: 64.3)
📊 BB Signal:         HOLD (Z-Score: 1.24)
🎯 Final Signal:      HOLD (Confidence: 50.0%)
💰 Recommendation:    HOLD

💰 Next-Day Closing Price Predictions:
   Current Close:    $24.85
   Bayesian:         $25.43 ($20.41 - $30.44)
   GP:               $24.77 ($24.54 - $25.00)
   Ensemble:         $24.77 ($24.44 - $25.10)

🔵 Running Bayesian Linear Regression for CPER...
🟠 Running Gaussian Process for CPER...

📊 CPER - Unified Forecast Summary (2026-08-12)
======================================================================
🔵 Bayesian Forecast: 0.0049 ± 0.2011
🟠 GP Forecast:       -0.0036 ± 0.0043
🟢 Ensemble Forecast: -0.0036 ± 0.0065
📈 RSI Signal:        HOLD (RSI: 50.0)
📊 BB Signal:         HOLD (Z-Score: 0.79)
🎯 Final Signal:      HOLD (Confidence: 50.0%)
💰 Recommendation:    HOLD

💰 Next-Day Closing Price Predictions:
   Current Close:    $40.02
   Bayesian:         $40.22 ($32.17 - $48.26)
   GP:               $39.87 ($39.70 - $40.05)
   Ensemble:         $39.87 ($39.62 - $40.13)

🔵 Running Bayesian Linear Regression for DBB...
🟠 Running Gaussian Process for DBB...

📊 DBB - Unified Forecast Summary (2026-08-12)
======================================================================
🔵 Bayesian Forecast: 0.0039 ± 0.2007
🟠 GP Forecast:       -0.0003 ± 0.0030
🟢 Ensemble Forecast: -0.0003 ± 0.0047
📈 RSI Signal:        HOLD (RSI: 36.6)
📊 BB Signal:         HOLD (Z-Score: 1.10)
🎯 Final Signal:      HOLD (Confidence: 50.0%)
💰 Recommendation:    HOLD

💰 Next-Day Closing Price Predictions:
   Current Close:    $25.50
   Bayesian:         $25.60 ($20.48 - $30.72)
   GP:               $25.49 ($25.41 - $25.57)
   Ensemble:         $25.49 ($25.37 - $25.61)

🔵 Running Bayesian Linear Regression for DBC...
🟠 Running Gaussian Process for DBC...

📊 DBC - Unified Forecast Summary (2026-08-12)
======================================================================
🔵 Bayesian Forecast: 0.0051 ± 0.2020
🟠 GP Forecast:       -0.0003 ± 0.0075
🟢 Ensemble Forecast: -0.0003 ± 0.0108
📈 RSI Signal:        SELL (RSI: 70.1)
📊 BB Signal:         HOLD (Z-Score: 1.35)
🎯 Final Signal:      HOLD (Confidence: 50.0%)
💰 Recommendation:    HOLD

💰 Next-Day Closing Price Predictions:
   Current Close:    $30.11
   Bayesian:         $30.26 ($24.18 - $36.35)
   GP:               $30.10 ($29.87 - $30.33)
   Ensemble:         $30.10 ($29.78 - $30.43)

🔵 Running Bayesian Linear Regression for GSG...
🟠 Running Gaussian Process for GSG...

📊 GSG - Unified Forecast Summary (2026-08-12)
======================================================================
🔵 Bayesian Forecast: 0.0062 ± 0.2026
🟠 GP Forecast:       -0.0019 ± 0.0082
🟢 Ensemble Forecast: -0.0019 ± 0.0118
📈 RSI Signal:        SELL (RSI: 81.0)
📊 BB Signal:         HOLD (Z-Score: 1.13)
🎯 Final Signal:      HOLD (Confidence: 50.0%)
💰 Recommendation:    HOLD

💰 Next-Day Closing Price Predictions:
   Current Close:    $32.62
   Bayesian:         $32.82 ($26.21 - $39.43)
   GP:               $32.56 ($32.29 - $32.83)
   Ensemble:         $32.56 ($32.17 - $32.94)

🔵 Running Bayesian Linear Regression for BAC...
🟠 Running Gaussian Process for BAC...

📊 BAC - Unified Forecast Summary (2026-08-12)
======================================================================
🔵 Bayesian Forecast: 0.0116 ± 0.2023
🟠 GP Forecast:       0.0037 ± 0.0041
🟢 Ensemble Forecast: 0.0037 ± 0.0061
📈 RSI Signal:        HOLD (RSI: 68.7)
📊 BB Signal:         SELL (Z-Score: 2.21)
🎯 Final Signal:      HOLD (Confidence: 50.0%)
💰 Recommendation:    HOLD

💰 Next-Day Closing Price Predictions:
   Current Close:    $64.81
   Bayesian:         $65.56 ($52.45 - $78.68)
   GP:               $65.05 ($64.78 - $65.31)
   Ensemble:         $65.05 ($64.65 - $65.44)
2026-08-13 03:47:58,293 | INFO | SIGNAL FILTER | symbol=WEAT | original=HOLD | normalized=HOLD | confidence=0.5000 | prob_profit=0.5429 | decision=HOLD | reason=explicit HOLD decision retained for logging
2026-08-13 03:47:58,293 | INFO | SIGNAL FILTER | symbol=CORN | original=HOLD | normalized=HOLD | confidence=0.5000 | prob_profit=0.4316 | decision=HOLD | reason=explicit HOLD decision retained for logging
2026-08-13 03:47:58,293 | INFO | SIGNAL FILTER | symbol=SOYB | original=HOLD | normalized=HOLD | confidence=0.5000 | prob_profit=0.2634 | decision=HOLD | reason=explicit HOLD decision retained for logging
2026-08-13 03:47:58,293 | INFO | SIGNAL FILTER | symbol=CANE | original=HOLD | normalized=HOLD | confidence=0.4250 | prob_profit=0.9461 | decision=HOLD | reason=explicit HOLD decision retained for logging
2026-08-13 03:47:58,293 | INFO | SIGNAL FILTER | symbol=DBA | original=HOLD | normalized=HOLD | confidence=0.5000 | prob_profit=0.3916 | decision=HOLD | reason=explicit HOLD decision retained for logging
2026-08-13 03:47:58,293 | INFO | SIGNAL FILTER | symbol=UNG | original=SELL | normalized=SELL | confidence=0.7500 | prob_profit=0.0000 | p_dir=1.0000 | decision=PASS | reason=meets confidence and probability thresholds
2026-08-13 03:47:58,293 | INFO | SIGNAL FILTER | symbol=BNO | original=STRONG SELL | normalized=SELL | confidence=0.9000 | prob_profit=0.0000 | p_dir=1.0000 | decision=PASS | reason=meets confidence and probability thresholds
2026-08-13 03:47:58,293 | INFO | SIGNAL FILTER | symbol=XLE | original=SELL | normalized=SELL | confidence=0.8625 | prob_profit=0.5090 | p_dir=0.4910 | decision=REJECT | reason=P(down) 0.4910 < 0.5000
2026-08-13 03:47:58,293 | INFO | SIGNAL FILTER | symbol=SLV | original=BUY | normalized=BUY | confidence=0.6375 | prob_profit=0.9862 | p_dir=0.9862 | decision=PASS | reason=meets confidence and probability thresholds
2026-08-13 03:47:58,293 | INFO | SIGNAL FILTER | symbol=IAU | original=HOLD | normalized=HOLD | confidence=0.4250 | prob_profit=0.6218 | decision=HOLD | reason=explicit HOLD decision retained for logging
2026-08-13 03:47:58,293 | INFO | SIGNAL FILTER | symbol=PPLT | original=HOLD | normalized=HOLD | confidence=0.4250 | prob_profit=0.7347 | decision=HOLD | reason=explicit HOLD decision retained for logging
2026-08-13 03:47:58,293 | INFO | SIGNAL FILTER | symbol=PALL | original=HOLD | normalized=HOLD | confidence=0.5000 | prob_profit=0.3163 | decision=HOLD | reason=explicit HOLD decision retained for logging
2026-08-13 03:47:58,293 | INFO | SIGNAL FILTER | symbol=CPER | original=HOLD | normalized=HOLD | confidence=0.5000 | prob_profit=0.1310 | decision=HOLD | reason=explicit HOLD decision retained for logging
2026-08-13 03:47:58,293 | INFO | SIGNAL FILTER | symbol=DBB | original=HOLD | normalized=HOLD | confidence=0.5000 | prob_profit=0.4457 | decision=HOLD | reason=explicit HOLD decision retained for logging
2026-08-13 03:47:58,293 | INFO | SIGNAL FILTER | symbol=DBC | original=HOLD | normalized=HOLD | confidence=0.5000 | prob_profit=0.4790 | decision=HOLD | reason=explicit HOLD decision retained for logging
2026-08-13 03:47:58,293 | INFO | SIGNAL FILTER | symbol=GSG | original=HOLD | normalized=HOLD | confidence=0.5000 | prob_profit=0.3719 | decision=HOLD | reason=explicit HOLD decision retained for logging
2026-08-13 03:47:58,293 | INFO | SIGNAL FILTER | symbol=BAC | original=HOLD | normalized=HOLD | confidence=0.4250 | prob_profit=0.8843 | decision=HOLD | reason=explicit HOLD decision retained for logging
2026-08-13 03:47:58,293 | INFO | SIGNALS GENERATED: 17 total, 3 directional candidates, 13 hold decisions
2026-08-13 03:47:58,293 | INFO |   UNG   SELL conf=0.75 prob=0.00 | energy / natural gas futures
2026-08-13 03:47:58,293 | INFO |   BNO   SELL conf=0.90 prob=0.00 | energy / Brent crude futures
2026-08-13 03:47:58,293 | INFO |   SLV   BUY  conf=0.64 prob=0.99 | precious_metals / physical silver
2026-08-13 03:47:58,295 | INFO | THESES SHADOW-LOGGED: 17
2026-08-13 03:47:58,528 | WARNING | Options data unavailable for UNG ({"message":"OPRA agreement is not signed"}
). Using placeholder candidates.
2026-08-13 03:47:58,529 | INFO | OPTIONS CANDIDATES FOR TODAY: UNG -> PUT {'symbol': 'UNG', 'expiration': '2026-09-12', 'strike': None, 'type': 'put', 'delta': None} | CALL {'symbol': 'UNG', 'expiration': '2026-09-12', 'strike': None, 'type': 'call', 'delta': None}
2026-08-13 03:47:58,737 | WARNING | Options data unavailable for BNO ({"message":"OPRA agreement is not signed"}
). Using placeholder candidates.
2026-08-13 03:47:58,738 | INFO | OPTIONS CANDIDATES FOR TODAY: BNO -> PUT {'symbol': 'BNO', 'expiration': '2026-09-12', 'strike': None, 'type': 'put', 'delta': None} | CALL {'symbol': 'BNO', 'expiration': '2026-09-12', 'strike': None, 'type': 'call', 'delta': None}
2026-08-13 03:47:58,972 | WARNING | Options data unavailable for SLV ({"message":"OPRA agreement is not signed"}
). Using placeholder candidates.
2026-08-13 03:47:58,972 | INFO | OPTIONS CANDIDATES FOR TODAY: SLV -> PUT {'symbol': 'SLV', 'expiration': '2026-09-12', 'strike': None, 'type': 'put', 'delta': None} | CALL {'symbol': 'SLV', 'expiration': '2026-09-12', 'strike': None, 'type': 'call', 'delta': None}
2026-08-13 03:47:58,973 | INFO | Loading portfolio state...
2026-08-13 03:47:59,358 | INFO | INVERSE ROUTE (entry) | SELL UNG -> BUY KOLD | -2x | KOLD @ $28.54 (-2x UNG)
2026-08-13 03:47:59,614 | INFO | INVERSE ROUTE (entry) | SELL BNO -> BUY SCO | -2x | SCO @ $25.90 (-2x BNO)
2026-08-13 03:47:59,614 | INFO | INVERSE ROUTING: routed_entry=2
  FROM    SIGNAL ACTION         TO      REASON
  UNG     SELL   routed_entry   KOLD    KOLD @ $28.54 (-2x UNG)
  BNO     SELL   routed_entry   SCO     SCO @ $25.90 (-2x BNO)
2026-08-13 03:47:59,614 | INFO | Loading portfolio state for routed symbols: KOLD, SCO
2026-08-13 03:47:59,673 | INFO | Executing trading cycle...

📋 Pre-trade snapshot:
   Equity source: broker_live
   Account equity: $492.17
   Exposure (invested fraction): 0.2635
   Trades today (executed): 0
   Daily return: 0.0034
   Risk config: exposure=0.3, max_pos=0.2, max_trades/day=3, daily_loss_limit=0.02, paper_mode=True
[INFO] PAPER TRADING MODE: True — executing in paper mode with guardrails enabled.

🎯 KOLD: BUY
   Quantity: 1 shares
   Entry: $10.20
   TP: $10.40
   SL: $10.10

[RISK TRACE] KOLD
   equity_source_used: broker_live
   account_equity_value: 492.17
   max_position_size_value: 0.2
   computed_max_dollar_position: 98.43
   proposed_order_value: 10.2
   capped_quantity: 9
   final_decision: EXECUTE
   rejection_reason: 
[DRY RUN] BUY 1 KOLD @ market
   TP: $10.40, SL: $10.10

🎯 SCO: BUY
   Quantity: 1 shares
   Entry: $50.72
   TP: $51.73
   SL: $50.21

[RISK TRACE] SCO
   equity_source_used: broker_live
   account_equity_value: 492.17
   max_position_size_value: 0.2
   computed_max_dollar_position: 98.43
   proposed_order_value: 50.72
   capped_quantity: 1
   final_decision: EXECUTE
   rejection_reason: 
[DRY RUN] BUY 1 SCO @ market
   TP: $51.73, SL: $50.21

🎯 SLV: BUY
   Quantity: 1 shares
   Entry: $59.06
   TP: $61.42
   SL: $57.88

[RISK TRACE] SLV
   equity_source_used: broker_live
   account_equity_value: 492.17
   max_position_size_value: 0.2
   computed_max_dollar_position: 98.43
   proposed_order_value: 59.06
   capped_quantity: 1
   final_decision: EXECUTE
   rejection_reason: 
[DRY RUN] BUY 1 SLV @ market
   TP: $61.42, SL: $57.88
2026-08-13 03:48:00,077 | INFO | ORDERS ATTEMPTED: 3
2026-08-13 03:48:00,078 | INFO | ORDERS SUBMITTED: 0
2026-08-13 03:48:00,079 | INFO | Decision summary: {'hold': 13, 'buy': 3}
2026-08-13 03:48:00,079 | INFO | END DAILY TRADING RUN
