2026-09-11 17:27:45,907 | WARNING | EOS FINANCE DOMAINS UNAVAILABLE (ImportError: eos checkout not found at /home/runner/work/finance_project/mcp_server. Set EOS_ROOT to the mcp_server directory to enable the finance domains.). Running on reduced built-in logic only -- this is NOT the configuration backtests are validated under. Set EOS_ROOT to the mcp_server directory to restore it.
2026-09-11 17:27:46,148 | INFO | Failed to extract font properties from /usr/share/fonts/truetype/noto/NotoColorEmoji.ttf: Non-scalable fonts are not supported
2026-09-11 17:27:46,229 | INFO | generated new fontManager
2026-09-11 17:27:46,420 | INFO | START DAILY TRADING RUN
2026-09-11 17:27:46,421 | INFO | DATE/TIME: 2026-09-11T13:27:46.420976-04:00
2026-09-11 17:27:47,220 | INFO | ACCOUNT: equity=$499.09 (source=broker_live) | cash=$438.15 | exposure=12.2%
2026-09-11 17:27:47,299 | INFO | FILL RECONCILE: 8 fills -> 4 round trips, realized P&L $-12.19 (2W/2L, 50.0% win rate), 1 lots still open, 4 rows written
2026-09-11 17:27:47,299 | INFO |   TSLA     1.00 sh  2026-03-24 -> 2026-07-23  $379.74 -> $337.00  P&L $-42.74 (-11.26%, 120d)
2026-09-11 17:27:47,299 | INFO |   BAC      1.00 sh  2026-03-24 -> 2026-09-09  $47.38 -> $62.79  P&L $+15.41 (+32.52%, 169d)
2026-09-11 17:27:47,299 | INFO |   BAC      1.00 sh  2026-03-24 -> 2026-09-11  $47.38 -> $62.54  P&L $+15.16 (+32.00%, 171d)
2026-09-11 17:27:47,299 | INFO |   CORN     1.00 sh  2026-09-09 -> 2026-09-11  $19.91 -> $19.89  P&L $-0.02 (-0.10%, 1d)
2026-09-11 17:27:47,299 | INFO |   OPEN BNO      1.00 sh @ $49.60 since 2026-08-13
2026-09-11 17:27:47,358 | INFO | CURRENTLY HELD: BNO
2026-09-11 17:27:47,360 | INFO | Failed to create TzCache, reason: Error creating TzCache folder: '/home/runner/.cache/py-yfinance' reason: [Errno 17] File exists: '/home/runner/.cache/py-yfinance'. TzCache will not be used. Tip: You can direct cache to use a different location with 'set_tz_cache_location(mylocation)'
2026-09-11 17:27:50,366 | INFO | UNIVERSE SCREEN: scope=all | 16/24 affordable at $99.82/position (20% of $499.09 equity)
  OK UNG        $10.08  up to 9 share(s) at $10.08
  OK CANE       $11.52  up to 8 share(s) at $11.52
  OK PPLT       $16.25  up to 6 share(s) at $16.25
  OK CORN       $19.82  up to 5 share(s) at $19.82
  OK PALL       $23.73  up to 4 share(s) at $23.73
  OK DBB        $25.40  up to 3 share(s) at $25.40
  OK WEAT       $26.03  up to 3 share(s) at $26.03
  OK SOYB       $27.47  up to 3 share(s) at $27.47
  OK DBA        $28.90  up to 3 share(s) at $28.90
  OK DBC        $33.01  up to 3 share(s) at $33.01
  OK GSG        $36.26  up to 2 share(s) at $36.26
  OK CPER       $39.26  up to 2 share(s) at $39.26
  OK SLV        $58.37  up to 1 share(s) at $58.37
  OK BNO        $60.94  up to 1 share(s) at $60.94
  OK XLE        $65.11  up to 1 share(s) at $65.11
  OK IAU        $82.10  up to 1 share(s) at $82.10
  -- UGA       $137.60  1 share costs $137.60 but the cap is $99.82 (20% of $499.09)
  -- USO       $153.27  1 share costs $153.27 but the cap is $99.82 (20% of $499.09)
  -- NVDA      $219.26  1 share costs $219.26 but the cap is $99.82 (20% of $499.09)
  -- AMZN      $256.86  1 share costs $256.86 but the cap is $99.82 (20% of $499.09)
  -- AAPL      $334.16  1 share costs $334.16 but the cap is $99.82 (20% of $499.09)
  -- GOOGL     $341.18  1 share costs $341.18 but the cap is $99.82 (20% of $499.09)
  -- GLD       $400.46  1 share costs $400.46 but the cap is $99.82 (20% of $499.09)
  -- MSFT      $495.39  1 share costs $495.39 but the cap is $99.82 (20% of $499.09)
2026-09-11 17:27:50,366 | INFO | TRADING UNIVERSE (16): WEAT, CORN, SOYB, CANE, DBA, UNG, BNO, XLE, SLV, IAU, PPLT, PALL, CPER, DBB, DBC, GSG
2026-09-11 17:27:50,485 | INFO | EXIT RECONCILE | BNO | ALREADY_PROTECTED | open protective sell order exists
2026-09-11 17:27:50,485 | INFO | EXIT RECONCILE SUMMARY: 1 positions checked, 0 exits attached
2026-09-11 17:27:50,496 | WARNING | History fetch failed for SOYB ('str' object has no attribute 'date').
2026-09-11 17:27:50,500 | WARNING | History fetch failed for CANE ('str' object has no attribute 'date').
2026-09-11 17:27:50,504 | WARNING | History fetch failed for DBA ('str' object has no attribute 'date').
2026-09-11 17:27:50,507 | WARNING | History fetch failed for AAPL ('str' object has no attribute 'date').
2026-09-11 17:27:50,511 | WARNING | History fetch failed for MSFT ('str' object has no attribute 'date').
2026-09-11 17:27:50,515 | WARNING | History fetch failed for AMZN ('str' object has no attribute 'date').
2026-09-11 17:27:50,519 | WARNING | History fetch failed for NVDA ('str' object has no attribute 'date').
2026-09-11 17:27:50,522 | WARNING | History fetch failed for GOOGL ('str' object has no attribute 'date').
2026-09-11 17:27:50,526 | WARNING | History fetch failed for UNG ('str' object has no attribute 'date').
2026-09-11 17:27:50,530 | WARNING | History fetch failed for BNO ('str' object has no attribute 'date').
2026-09-11 17:27:50,533 | WARNING | History fetch failed for USO ('str' object has no attribute 'date').
2026-09-11 17:27:50,537 | WARNING | History fetch failed for UGA ('str' object has no attribute 'date').
2026-09-11 17:27:50,541 | WARNING | History fetch failed for XLE ('str' object has no attribute 'date').
2026-09-11 17:27:50,545 | WARNING | History fetch failed for SLV ('str' object has no attribute 'date').
2026-09-11 17:27:50,548 | WARNING | History fetch failed for IAU ('str' object has no attribute 'date').
2026-09-11 17:27:50,552 | WARNING | History fetch failed for GLD ('str' object has no attribute 'date').
2026-09-11 17:27:50,556 | WARNING | History fetch failed for PPLT ('str' object has no attribute 'date').
2026-09-11 17:27:50,560 | WARNING | History fetch failed for PALL ('str' object has no attribute 'date').
2026-09-11 17:27:50,563 | WARNING | History fetch failed for CPER ('str' object has no attribute 'date').
2026-09-11 17:27:50,567 | WARNING | History fetch failed for DBB ('str' object has no attribute 'date').
2026-09-11 17:27:50,571 | WARNING | History fetch failed for DBC ('str' object has no attribute 'date').
2026-09-11 17:27:50,575 | WARNING | History fetch failed for GSG ('str' object has no attribute 'date').
2026-09-11 17:27:50,578 | WARNING | History fetch failed for WEAT ('str' object has no attribute 'date').
2026-09-11 17:27:50,581 | WARNING | History fetch failed for CORN ('str' object has no attribute 'date').
2026-09-11 17:27:50,880 | INFO | scored KOLD: 1 row(s)
2026-09-11 17:27:50,883 | WARNING | History fetch failed for BAC ('str' object has no attribute 'date').
2026-09-11 17:27:51,091 | INFO | MODEL SCORING: 1 prediction(s) graded against realized returns
2026-09-11 17:27:51,110 | INFO | COMPONENT ACCURACY (all history):
  base rate: the market rose on 51.9% of 22667 scored observations — beat this, not 50%
  component         n     acc            95% CI  verdict
  --------------------------------------------------------------
  Bollinger      6361   49.7%   [ 48.5%,  50.9%]  indistinguishable from a coin flip
  Bayesian      22667   49.2%   [ 48.6%,  49.9%]  WORSE than chance
  GaussianProc  22667   50.8%   [ 50.2%,  51.5%]  beats 50% but NOT the 51.9% base rate
  RSI            5501   51.0%   [ 49.7%,  52.3%]  indistinguishable from a coin flip
  ENSEMBLE       4275   50.7%   [ 49.2%,  52.2%]  indistinguishable from a coin flip
2026-09-11 17:27:51,352 | INFO | CALIBRATION: refit from 249 matched prediction(s), saved to trade_logs/calibration.json
2026-09-11 17:27:52,925 | INFO | NEWS SCORING: 16 event(s) graded against realized returns
2026-09-11 17:27:52,926 | INFO | NEWS DIFFUSION ACCURACY (all history):
  base rate: the market rose on 61.6% of 73 scored news-linked observations
  match_type    n     acc            95% CI  verdict
  ----------------------------------------------------------
  explicit      1    0.0%   [  0.0%,   0.0%]  sample too small (n<10)
  theme         7   85.7%   [ 59.8%, 100.0%]  sample too small (n<10)
2026-09-11 17:27:53,151 | INFO | NEWS DIFFUSION: 8 event(s) across 11 symbol(s)
2026-09-11 17:27:53,151 | INFO | NEWS EVENT | symbol=XLE | match=explicit | polarity=neutral (0.00) | themes=- | Leading And Lagging Sectors For September 11, 2026
2026-09-11 17:27:53,151 | INFO | NEWS EVENT | symbol=XLE | match=explicit | polarity=neutral (0.00) | themes=- | As the Rotation Dies, Wall Street Is Blaming the Wrong Flaw in Small Caps
2026-09-11 17:27:53,151 | INFO | NEWS EVENT | symbol=XLE | match=explicit | polarity=bearish (-0.33) | themes=inflation_hedge | Oil Tops $100, Fed Hike Bets Surge: 5 Defensive ETFs to Watch Now
2026-09-11 17:27:53,151 | INFO | NEWS EVENT | symbol=DBA | match=theme | polarity=bearish (-0.33) | themes=inflation_hedge | Oil Tops $100, Fed Hike Bets Surge: 5 Defensive ETFs to Watch Now
2026-09-11 17:27:53,151 | INFO | NEWS EVENT | symbol=SLV | match=theme | polarity=bearish (-0.33) | themes=inflation_hedge | Oil Tops $100, Fed Hike Bets Surge: 5 Defensive ETFs to Watch Now
2026-09-11 17:27:53,151 | INFO | NEWS EVENT | symbol=IAU | match=theme | polarity=bearish (-0.33) | themes=inflation_hedge | Oil Tops $100, Fed Hike Bets Surge: 5 Defensive ETFs to Watch Now
2026-09-11 17:27:53,151 | INFO | NEWS EVENT | symbol=PPLT | match=theme | polarity=bearish (-0.33) | themes=inflation_hedge | Oil Tops $100, Fed Hike Bets Surge: 5 Defensive ETFs to Watch Now
2026-09-11 17:27:53,151 | INFO | NEWS EVENT | symbol=DBC | match=theme | polarity=bearish (-0.33) | themes=inflation_hedge | Oil Tops $100, Fed Hike Bets Surge: 5 Defensive ETFs to Watch Now
2026-09-11 17:27:53,151 | INFO | NEWS EVENT | symbol=GSG | match=theme | polarity=bearish (-0.33) | themes=inflation_hedge | Oil Tops $100, Fed Hike Bets Surge: 5 Defensive ETFs to Watch Now
2026-09-11 17:27:53,151 | INFO | NEWS EVENT | symbol=XLE | match=explicit | polarity=bullish (0.20) | themes=geopolitical_supply_shock | Stock Market Today: Nasdaq 100 Tumbles as Oil Spikes 6%, Yields Hit 19-Year High
2026-09-11 17:27:53,151 | INFO | NEWS EVENT | symbol=WEAT | match=theme | polarity=bullish (0.20) | themes=geopolitical_supply_shock | Stock Market Today: Nasdaq 100 Tumbles as Oil Spikes 6%, Yields Hit 19-Year High
2026-09-11 17:27:53,151 | INFO | NEWS EVENT | symbol=CORN | match=theme | polarity=bullish (0.20) | themes=geopolitical_supply_shock | Stock Market Today: Nasdaq 100 Tumbles as Oil Spikes 6%, Yields Hit 19-Year High
2026-09-11 17:27:53,151 | INFO | NEWS EVENT | symbol=UNG | match=theme | polarity=bullish (0.20) | themes=geopolitical_supply_shock | Stock Market Today: Nasdaq 100 Tumbles as Oil Spikes 6%, Yields Hit 19-Year High
2026-09-11 17:27:53,151 | INFO | NEWS EVENT | symbol=BNO | match=theme | polarity=bullish (0.20) | themes=geopolitical_supply_shock | Stock Market Today: Nasdaq 100 Tumbles as Oil Spikes 6%, Yields Hit 19-Year High
2026-09-11 17:27:53,151 | INFO | NEWS EVENT | symbol=IAU | match=theme | polarity=bullish (0.20) | themes=geopolitical_supply_shock | Stock Market Today: Nasdaq 100 Tumbles as Oil Spikes 6%, Yields Hit 19-Year High
2026-09-11 17:27:53,152 | INFO | NEWS EVENT | symbol=SLV | match=explicit | polarity=neutral (0.00) | themes=- | Hot PPI Sinks Gold, Freight Stocks: 10 Names To Watch Thursday
2026-09-11 17:27:53,152 | INFO | NEWS EVENT | symbol=XLE | match=explicit | polarity=neutral (0.00) | themes=- | Leading And Lagging Sectors For September 10, 2026
2026-09-11 17:27:53,152 | INFO | NEWS EVENT | symbol=BNO | match=explicit | polarity=neutral (0.00) | themes=geopolitical_supply_shock | The $100 Oil Tipping Point: The Economy Is Running Out of Shock Absorbers
2026-09-11 17:27:53,152 | INFO | NEWS EVENT | symbol=XLE | match=explicit | polarity=neutral (0.00) | themes=geopolitical_supply_shock | The $100 Oil Tipping Point: The Economy Is Running Out of Shock Absorbers
2026-09-11 17:27:53,152 | INFO | NEWS EVENT | symbol=WEAT | match=theme | polarity=neutral (0.00) | themes=geopolitical_supply_shock | The $100 Oil Tipping Point: The Economy Is Running Out of Shock Absorbers
2026-09-11 17:27:53,152 | INFO | NEWS EVENT | symbol=CORN | match=theme | polarity=neutral (0.00) | themes=geopolitical_supply_shock | The $100 Oil Tipping Point: The Economy Is Running Out of Shock Absorbers
2026-09-11 17:27:53,152 | INFO | NEWS EVENT | symbol=UNG | match=theme | polarity=neutral (0.00) | themes=geopolitical_supply_shock | The $100 Oil Tipping Point: The Economy Is Running Out of Shock Absorbers
2026-09-11 17:27:53,152 | INFO | NEWS EVENT | symbol=IAU | match=theme | polarity=neutral (0.00) | themes=geopolitical_supply_shock | The $100 Oil Tipping Point: The Economy Is Running Out of Shock Absorbers
2026-09-11 17:27:53,152 | INFO | NEWS EVENT | symbol=BNO | match=explicit | polarity=neutral (0.00) | themes=geopolitical_supply_shock,crude | Trump Says Iran War Will End 'Immediately After' the Midterms, Peter Schiff Calls It His 'Latest Lie': Economist Warns o
2026-09-11 17:27:53,152 | INFO | NEWS EVENT | symbol=WEAT | match=theme | polarity=neutral (0.00) | themes=geopolitical_supply_shock,crude | Trump Says Iran War Will End 'Immediately After' the Midterms, Peter Schiff Calls It His 'Latest Lie': Economist Warns o
2026-09-11 17:27:53,152 | INFO | NEWS EVENT | symbol=CORN | match=theme | polarity=neutral (0.00) | themes=geopolitical_supply_shock,crude | Trump Says Iran War Will End 'Immediately After' the Midterms, Peter Schiff Calls It His 'Latest Lie': Economist Warns o
2026-09-11 17:27:53,152 | INFO | NEWS EVENT | symbol=UNG | match=theme | polarity=neutral (0.00) | themes=geopolitical_supply_shock,crude | Trump Says Iran War Will End 'Immediately After' the Midterms, Peter Schiff Calls It His 'Latest Lie': Economist Warns o
2026-09-11 17:27:53,152 | INFO | NEWS EVENT | symbol=IAU | match=theme | polarity=neutral (0.00) | themes=geopolitical_supply_shock,crude | Trump Says Iran War Will End 'Immediately After' the Midterms, Peter Schiff Calls It His 'Latest Lie': Economist Warns o
2026-09-11 17:27:53,152 | INFO | NEWS EVENT | symbol=XLE | match=theme | polarity=neutral (0.00) | themes=geopolitical_supply_shock,crude | Trump Says Iran War Will End 'Immediately After' the Midterms, Peter Schiff Calls It His 'Latest Lie': Economist Warns o
2026-09-11 17:27:53,152 | INFO | NEWS EVENT | symbol=DBC | match=theme | polarity=neutral (0.00) | themes=geopolitical_supply_shock,crude | Trump Says Iran War Will End 'Immediately After' the Midterms, Peter Schiff Calls It His 'Latest Lie': Economist Warns o
2026-09-11 17:27:53,152 | INFO | NEWS EVENT | symbol=GSG | match=theme | polarity=neutral (0.00) | themes=geopolitical_supply_shock,crude | Trump Says Iran War Will End 'Immediately After' the Midterms, Peter Schiff Calls It His 'Latest Lie': Economist Warns o
2026-09-11 17:27:53,155 | INFO | NEWS DIFFUSION: 15 new event(s) persisted for scoring
2026-09-11 17:27:53,155 | INFO | Generating signals...
YF.download() has changed argument auto_adjust default to True

🔵 Running Bayesian Linear Regression for WEAT...
🟠 Running Gaussian Process for WEAT...

📊 WEAT - Unified Forecast Summary (2026-09-11)
======================================================================
🔵 Bayesian Forecast: -0.0064 ± 0.2032
🟠 GP Forecast:       -0.0023 ± 0.0081
🟢 Ensemble Forecast: -0.0023 ± 0.0117
📈 RSI Signal:        HOLD (RSI: 47.7)
📊 BB Signal:         HOLD (Z-Score: -0.31)
🎯 Final Signal:      HOLD (Confidence: 50.0%)
💰 Recommendation:    HOLD

💰 Next-Day Closing Price Predictions:
   Current Close:    $26.03
   Bayesian:         $25.87 ($20.58 - $31.16)
   GP:               $25.97 ($25.76 - $26.19)
   Ensemble:         $25.97 ($25.67 - $26.28)

🔵 Running Bayesian Linear Regression for CORN...
🟠 Running Gaussian Process for CORN...

📊 CORN - Unified Forecast Summary (2026-09-11)
======================================================================
🔵 Bayesian Forecast: 0.0011 ± 0.2015
🟠 GP Forecast:       0.0006 ± 0.0041
🟢 Ensemble Forecast: 0.0006 ± 0.0061
📈 RSI Signal:        HOLD (RSI: 68.8)
📊 BB Signal:         HOLD (Z-Score: 0.41)
🎯 Final Signal:      HOLD (Confidence: 50.0%)
💰 Recommendation:    HOLD

💰 Next-Day Closing Price Predictions:
   Current Close:    $19.82
   Bayesian:         $19.84 ($15.84 - $23.83)
   GP:               $19.83 ($19.75 - $19.91)
   Ensemble:         $19.83 ($19.71 - $19.95)

🔵 Running Bayesian Linear Regression for SOYB...
🟠 Running Gaussian Process for SOYB...

📊 SOYB - Unified Forecast Summary (2026-09-11)
======================================================================
🔵 Bayesian Forecast: 0.0007 ± 0.2024
🟠 GP Forecast:       0.0016 ± 0.0059
🟢 Ensemble Forecast: 0.0016 ± 0.0086
📈 RSI Signal:        HOLD (RSI: 64.7)
📊 BB Signal:         HOLD (Z-Score: 0.70)
🎯 Final Signal:      HOLD (Confidence: 50.0%)
💰 Recommendation:    HOLD

💰 Next-Day Closing Price Predictions:
   Current Close:    $27.47
   Bayesian:         $27.49 ($21.93 - $33.05)
   GP:               $27.52 ($27.36 - $27.68)
   Ensemble:         $27.52 ($27.28 - $27.75)

🔵 Running Bayesian Linear Regression for CANE...
🟠 Running Gaussian Process for CANE...

📊 CANE - Unified Forecast Summary (2026-09-11)
======================================================================
🔵 Bayesian Forecast: 0.0050 ± 0.2025
🟠 GP Forecast:       0.0077 ± 0.0065
🟢 Ensemble Forecast: 0.0077 ± 0.0094
📈 RSI Signal:        SELL (RSI: 76.7)
📊 BB Signal:         HOLD (Z-Score: 0.77)
🎯 Final Signal:      HOLD (Confidence: 50.0%)
💰 Recommendation:    HOLD

💰 Next-Day Closing Price Predictions:
   Current Close:    $11.52
   Bayesian:         $11.58 ($9.25 - $13.92)
   GP:               $11.61 ($11.54 - $11.69)
   Ensemble:         $11.61 ($11.50 - $11.72)

🔵 Running Bayesian Linear Regression for DBA...
🟠 Running Gaussian Process for DBA...

📊 DBA - Unified Forecast Summary (2026-09-11)
======================================================================
🔵 Bayesian Forecast: -0.0005 ± 0.2012
🟠 GP Forecast:       0.0037 ± 0.0060
🟢 Ensemble Forecast: 0.0037 ± 0.0088
📈 RSI Signal:        HOLD (RSI: 60.0)
📊 BB Signal:         HOLD (Z-Score: 0.34)
🎯 Final Signal:      HOLD (Confidence: 50.0%)
💰 Recommendation:    HOLD

💰 Next-Day Closing Price Predictions:
   Current Close:    $28.90
   Bayesian:         $28.88 ($23.06 - $34.69)
   GP:               $29.00 ($28.83 - $29.18)
   Ensemble:         $29.00 ($28.75 - $29.26)

🔵 Running Bayesian Linear Regression for UNG...
🟠 Running Gaussian Process for UNG...

📊 UNG - Unified Forecast Summary (2026-09-11)
======================================================================
🔵 Bayesian Forecast: -0.0010 ± 0.2016
🟠 GP Forecast:       -0.0021 ± 0.0046
🟢 Ensemble Forecast: -0.0021 ± 0.0067
📈 RSI Signal:        HOLD (RSI: 48.1)
📊 BB Signal:         HOLD (Z-Score: -0.65)
🎯 Final Signal:      HOLD (Confidence: 50.0%)
💰 Recommendation:    HOLD

💰 Next-Day Closing Price Predictions:
   Current Close:    $10.09
   Bayesian:         $10.08 ($8.05 - $12.11)
   GP:               $10.07 ($10.02 - $10.11)
   Ensemble:         $10.07 ($10.00 - $10.14)

🔵 Running Bayesian Linear Regression for BNO...
🟠 Running Gaussian Process for BNO...

📊 BNO - Unified Forecast Summary (2026-09-11)
======================================================================
🔵 Bayesian Forecast: 0.0080 ± 0.2027
🟠 GP Forecast:       0.0112 ± 0.0084
🟢 Ensemble Forecast: 0.0112 ± 0.0121
📈 RSI Signal:        SELL (RSI: 89.5)
📊 BB Signal:         SELL (Z-Score: 1.81)
🎯 Final Signal:      SELL (Confidence: 75.0%)
💰 Recommendation:    SELL

💰 Next-Day Closing Price Predictions:
   Current Close:    $60.95
   Bayesian:         $61.44 ($49.08 - $73.79)
   GP:               $61.63 ($61.12 - $62.14)
   Ensemble:         $61.63 ($60.89 - $62.37)

🔵 Running Bayesian Linear Regression for XLE...
🟠 Running Gaussian Process for XLE...

📊 XLE - Unified Forecast Summary (2026-09-11)
======================================================================
🔵 Bayesian Forecast: 0.0068 ± 0.2009
🟠 GP Forecast:       0.0016 ± 0.0037
🟢 Ensemble Forecast: 0.0016 ± 0.0056
📈 RSI Signal:        HOLD (RSI: 41.2)
📊 BB Signal:         HOLD (Z-Score: 1.25)
🎯 Final Signal:      HOLD (Confidence: 50.0%)
💰 Recommendation:    HOLD

💰 Next-Day Closing Price Predictions:
   Current Close:    $65.11
   Bayesian:         $65.55 ($52.48 - $78.63)
   GP:               $65.21 ($64.97 - $65.45)
   Ensemble:         $65.21 ($64.84 - $65.58)

🔵 Running Bayesian Linear Regression for SLV...
🟠 Running Gaussian Process for SLV...

📊 SLV - Unified Forecast Summary (2026-09-11)
======================================================================
🔵 Bayesian Forecast: -0.0206 ± 0.2021
🟠 GP Forecast:       0.0125 ± 0.0087
🟢 Ensemble Forecast: 0.0125 ± 0.0127
📈 RSI Signal:        HOLD (RSI: 32.9)
📊 BB Signal:         HOLD (Z-Score: -1.03)
🎯 Final Signal:      HOLD (Confidence: 50.0%)
💰 Recommendation:    HOLD

💰 Next-Day Closing Price Predictions:
   Current Close:    $58.36
   Bayesian:         $57.16 ($45.36 - $68.95)
   GP:               $59.09 ($58.59 - $59.60)
   Ensemble:         $59.09 ($58.34 - $59.83)

🔵 Running Bayesian Linear Regression for IAU...
🟠 Running Gaussian Process for IAU...

📊 IAU - Unified Forecast Summary (2026-09-11)
======================================================================
🔵 Bayesian Forecast: -0.0054 ± 0.2012
🟠 GP Forecast:       0.0026 ± 0.0068
🟢 Ensemble Forecast: 0.0026 ± 0.0098
📈 RSI Signal:        BUY (RSI: 29.3)
📊 BB Signal:         HOLD (Z-Score: -0.88)
🎯 Final Signal:      HOLD (Confidence: 50.0%)
💰 Recommendation:    HOLD

💰 Next-Day Closing Price Predictions:
   Current Close:    $82.10
   Bayesian:         $81.65 ($65.13 - $98.16)
   GP:               $82.31 ($81.75 - $82.87)
   Ensemble:         $82.31 ($81.51 - $83.11)

🔵 Running Bayesian Linear Regression for PPLT...
🟠 Running Gaussian Process for PPLT...

📊 PPLT - Unified Forecast Summary (2026-09-11)
======================================================================
🔵 Bayesian Forecast: -0.0082 ± 0.2025
🟠 GP Forecast:       0.0073 ± 0.0087
🟢 Ensemble Forecast: 0.0073 ± 0.0125
📈 RSI Signal:        HOLD (RSI: 32.2)
📊 BB Signal:         HOLD (Z-Score: -0.40)
🎯 Final Signal:      HOLD (Confidence: 50.0%)
💰 Recommendation:    HOLD

💰 Next-Day Closing Price Predictions:
   Current Close:    $16.25
   Bayesian:         $16.11 ($12.82 - $19.40)
   GP:               $16.36 ($16.22 - $16.51)
   Ensemble:         $16.36 ($16.16 - $16.57)

🔵 Running Bayesian Linear Regression for PALL...
🟠 Running Gaussian Process for PALL...

📊 PALL - Unified Forecast Summary (2026-09-11)
======================================================================
🔵 Bayesian Forecast: -0.0053 ± 0.2029
🟠 GP Forecast:       -0.0158 ± 0.0162
🟢 Ensemble Forecast: -0.0157 ± 0.0230
📈 RSI Signal:        HOLD (RSI: 42.2)
📊 BB Signal:         HOLD (Z-Score: -0.97)
🎯 Final Signal:      HOLD (Confidence: 50.0%)
💰 Recommendation:    HOLD

💰 Next-Day Closing Price Predictions:
   Current Close:    $23.73
   Bayesian:         $23.60 ($18.79 - $28.42)
   GP:               $23.36 ($22.97 - $23.74)
   Ensemble:         $23.36 ($22.81 - $23.90)

🔵 Running Bayesian Linear Regression for CPER...
🟠 Running Gaussian Process for CPER...

📊 CPER - Unified Forecast Summary (2026-09-11)
======================================================================
🔵 Bayesian Forecast: -0.0058 ± 0.2025
🟠 GP Forecast:       0.0079 ± 0.0064
🟢 Ensemble Forecast: 0.0078 ± 0.0092
📈 RSI Signal:        BUY (RSI: 26.7)
📊 BB Signal:         HOLD (Z-Score: -1.07)
🎯 Final Signal:      BUY (Confidence: 75.0%)
💰 Recommendation:    BUY

💰 Next-Day Closing Price Predictions:
   Current Close:    $39.26
   Bayesian:         $39.04 ($31.08 - $46.99)
   GP:               $39.57 ($39.32 - $39.82)
   Ensemble:         $39.57 ($39.21 - $39.94)

🔵 Running Bayesian Linear Regression for DBB...
🟠 Running Gaussian Process for DBB...

📊 DBB - Unified Forecast Summary (2026-09-11)
======================================================================
🔵 Bayesian Forecast: -0.0026 ± 0.2018
🟠 GP Forecast:       0.0034 ± 0.0054
🟢 Ensemble Forecast: 0.0033 ± 0.0078
📈 RSI Signal:        HOLD (RSI: 33.8)
📊 BB Signal:         HOLD (Z-Score: -0.54)
🎯 Final Signal:      HOLD (Confidence: 50.0%)
💰 Recommendation:    HOLD

💰 Next-Day Closing Price Predictions:
   Current Close:    $25.40
   Bayesian:         $25.33 ($20.20 - $30.45)
   GP:               $25.48 ($25.34 - $25.62)
   Ensemble:         $25.48 ($25.28 - $25.68)

🔵 Running Bayesian Linear Regression for DBC...
🟠 Running Gaussian Process for DBC...

📊 DBC - Unified Forecast Summary (2026-09-11)
======================================================================
🔵 Bayesian Forecast: 0.0056 ± 0.2017
🟠 GP Forecast:       0.0055 ± 0.0047
🟢 Ensemble Forecast: 0.0055 ± 0.0069
📈 RSI Signal:        SELL (RSI: 83.6)
📊 BB Signal:         SELL (Z-Score: 1.61)
🎯 Final Signal:      SELL (Confidence: 75.0%)
💰 Recommendation:    SELL

💰 Next-Day Closing Price Predictions:
   Current Close:    $33.01
   Bayesian:         $33.19 ($26.54 - $39.85)
   GP:               $33.19 ($33.04 - $33.35)
   Ensemble:         $33.19 ($32.96 - $33.42)

🔵 Running Bayesian Linear Regression for GSG...
🟠 Running Gaussian Process for GSG...

📊 GSG - Unified Forecast Summary (2026-09-11)
======================================================================
🔵 Bayesian Forecast: 0.0073 ± 0.2019
🟠 GP Forecast:       0.0039 ± 0.0048
🟢 Ensemble Forecast: 0.0039 ± 0.0071
📈 RSI Signal:        SELL (RSI: 89.4)
📊 BB Signal:         SELL (Z-Score: 1.66)
🎯 Final Signal:      SELL (Confidence: 75.0%)
💰 Recommendation:    SELL

💰 Next-Day Closing Price Predictions:
   Current Close:    $36.26
   Bayesian:         $36.52 ($29.20 - $43.84)
   GP:               $36.39 ($36.22 - $36.57)
   Ensemble:         $36.39 ($36.14 - $36.65)
2026-09-11 17:28:03,030 | INFO | CALIBRATION APPLIED: 16 signal(s), fit on n=249 (fitted 2026-09-11T17:27:51+00:00) — 15 moved by >5pp
2026-09-11 17:28:03,030 | INFO | SIGNAL FILTER | symbol=WEAT | original=HOLD | normalized=HOLD | confidence=0.5000 | prob_profit=0.6492 | decision=HOLD | reason=explicit HOLD decision retained for logging
2026-09-11 17:28:03,030 | INFO | SIGNAL FILTER | symbol=CORN | original=HOLD | normalized=HOLD | confidence=0.5000 | prob_profit=0.6492 | decision=HOLD | reason=explicit HOLD decision retained for logging
2026-09-11 17:28:03,031 | INFO | SIGNAL FILTER | symbol=SOYB | original=HOLD | normalized=HOLD | confidence=0.5000 | prob_profit=0.6492 | decision=HOLD | reason=explicit HOLD decision retained for logging
2026-09-11 17:28:03,031 | INFO | SIGNAL FILTER | symbol=CANE | original=HOLD | normalized=HOLD | confidence=0.5000 | prob_profit=0.6492 | decision=HOLD | reason=explicit HOLD decision retained for logging
2026-09-11 17:28:03,031 | INFO | SIGNAL FILTER | symbol=DBA | original=HOLD | normalized=HOLD | confidence=0.5000 | prob_profit=0.6492 | decision=HOLD | reason=explicit HOLD decision retained for logging
2026-09-11 17:28:03,031 | INFO | SIGNAL FILTER | symbol=UNG | original=HOLD | normalized=HOLD | confidence=0.5000 | prob_profit=0.6492 | decision=HOLD | reason=explicit HOLD decision retained for logging
2026-09-11 17:28:03,031 | INFO | SIGNAL FILTER | symbol=BNO | original=SELL | normalized=SELL | confidence=0.8625 | prob_profit=0.6492 | p_dir=0.3508 | decision=REJECT | reason=P(down) 0.3508 < 0.5000
2026-09-11 17:28:03,031 | INFO | SIGNAL FILTER | symbol=XLE | original=HOLD | normalized=HOLD | confidence=0.5000 | prob_profit=0.6492 | decision=HOLD | reason=explicit HOLD decision retained for logging
2026-09-11 17:28:03,031 | INFO | SIGNAL FILTER | symbol=SLV | original=HOLD | normalized=HOLD | confidence=0.5000 | prob_profit=0.6492 | decision=HOLD | reason=explicit HOLD decision retained for logging
2026-09-11 17:28:03,031 | INFO | SIGNAL FILTER | symbol=IAU | original=HOLD | normalized=HOLD | confidence=0.5000 | prob_profit=0.6492 | decision=HOLD | reason=explicit HOLD decision retained for logging
2026-09-11 17:28:03,031 | INFO | SIGNAL FILTER | symbol=PPLT | original=HOLD | normalized=HOLD | confidence=0.5000 | prob_profit=0.6492 | decision=HOLD | reason=explicit HOLD decision retained for logging
2026-09-11 17:28:03,031 | INFO | SIGNAL FILTER | symbol=PALL | original=HOLD | normalized=HOLD | confidence=0.5000 | prob_profit=0.6492 | decision=HOLD | reason=explicit HOLD decision retained for logging
2026-09-11 17:28:03,031 | INFO | SIGNAL FILTER | symbol=CPER | original=BUY | normalized=BUY | confidence=0.7500 | prob_profit=0.6492 | p_dir=0.6492 | decision=PASS | reason=meets confidence and probability thresholds
2026-09-11 17:28:03,031 | INFO | SIGNAL FILTER | symbol=DBB | original=HOLD | normalized=HOLD | confidence=0.5000 | prob_profit=0.6492 | decision=HOLD | reason=explicit HOLD decision retained for logging
2026-09-11 17:28:03,031 | INFO | SIGNAL FILTER | symbol=DBC | original=SELL | normalized=SELL | confidence=0.8625 | prob_profit=0.6492 | p_dir=0.3508 | decision=REJECT | reason=P(down) 0.3508 < 0.5000
2026-09-11 17:28:03,031 | INFO | SIGNAL FILTER | symbol=GSG | original=SELL | normalized=SELL | confidence=0.8625 | prob_profit=0.6492 | p_dir=0.3508 | decision=REJECT | reason=P(down) 0.3508 < 0.5000
2026-09-11 17:28:03,031 | INFO | EDGE GATE | symbol=CPER | move=0.784% | p_dir=0.649 | cost=0.250% | EV=-0.016% | decision=PASS (shadow) | reason=predicted move 0.784% at 64.9% does not cover 0.250% round-trip cost (EV -0.016%)
2026-09-11 17:28:03,031 | INFO | EDGE GATE SUMMARY: 1 directional signal(s) evaluated, 0 demoted to HOLD (shadow mode)
2026-09-11 17:28:03,031 | INFO | SIGNALS GENERATED: 16 total, 1 directional candidates, 12 hold decisions
2026-09-11 17:28:03,031 | INFO |   CPER  BUY  conf=0.75 prob=0.65 | industrial_metals / copper futures
2026-09-11 17:28:03,033 | INFO | THESES SHADOW-LOGGED: 16
2026-09-11 17:28:03,515 | INFO | Options chain for CPER served from the INDICATIVE (delayed) feed; OPRA unavailable ({"message":"OPRA agreement is not signed"}).
2026-09-11 17:28:03,520 | INFO | OPTIONS CANDIDATES FOR TODAY: CPER -> PUT {'symbol': 'CPER261016P00038000', 'underlying': 'CPER', 'expiration': '2026-10-16', 'strike': 38.0, 'type': 'put', 'delta': -0.3029, 'implied_volatility': 0.2457} | CALL {'symbol': 'CPER261016C00041000', 'underlying': 'CPER', 'expiration': '2026-10-16', 'strike': 41.0, 'type': 'call', 'delta': 0.3298, 'implied_volatility': 0.2656}
2026-09-11 17:28:03,520 | INFO | Loading portfolio state...
2026-09-11 17:28:03,652 | INFO | INVERSE ROUTING: nothing to route
  (no directional signals to route)
2026-09-11 17:28:03,652 | INFO | Executing trading cycle...

📋 Pre-trade snapshot:
   Equity source: broker_live
   Account equity: $499.11
   Exposure (invested fraction): 0.1221
   Trades today (executed): 0
   Daily return: -0.0046
   Risk config: exposure=0.3, max_pos=0.2, max_trades/day=3, daily_loss_limit=0.02, paper_mode=True
[INFO] PAPER TRADING MODE: True — executing in paper mode with guardrails enabled.

🎯 CPER: BUY
   Quantity: 1 shares
   Entry: $39.26
   TP: $40.84
   SL: $38.48

[RISK TRACE] CPER
   equity_source_used: broker_live
   account_equity_value: 499.11
   max_position_size_value: 0.2
   computed_max_dollar_position: 99.82
   proposed_order_value: 39.26
   capped_quantity: 2
   final_decision: EXECUTE
   rejection_reason: 
[OK] PAPER: BRACKET BUY 1 CPER
   TP: $40.84 | SL: $38.48
   Order ID: 6241a8b8-ee59-4f12-bb3d-bab99eebbfd8
2026-09-11 17:28:05,939 | INFO | ORDERS ATTEMPTED: 1
2026-09-11 17:28:05,939 | INFO | ORDERS SUBMITTED: 1
2026-09-11 17:28:05,941 | INFO | Decision summary: {'hold': 12, 'buy': 1}
2026-09-11 17:28:05,941 | INFO | END DAILY TRADING RUN
