2026-10-01 19:11:31,823 | WARNING | EOS FINANCE DOMAINS UNAVAILABLE (ImportError: eos checkout not found at /home/runner/work/finance_project/mcp_server. Set EOS_ROOT to the mcp_server directory to enable the finance domains.). Running on reduced built-in logic only -- this is NOT the configuration backtests are validated under. Set EOS_ROOT to the mcp_server directory to restore it.
2026-10-01 19:11:32,115 | INFO | Failed to extract font properties from /usr/share/fonts/truetype/noto/NotoColorEmoji.ttf: Non-scalable fonts are not supported
2026-10-01 19:11:32,127 | INFO | generated new fontManager
2026-10-01 19:11:32,250 | INFO | START DAILY TRADING RUN
2026-10-01 19:11:32,250 | INFO | DATE/TIME: 2026-10-01T15:11:32.250737-04:00
2026-10-01 19:11:32,702 | INFO | ACCOUNT: equity=$493.76 (source=broker_live) | cash=$469.03 | exposure=5.0%
2026-10-01 19:11:32,853 | INFO | FILL RECONCILE: 38 fills -> 19 round trips, realized P&L $-5.86 (7W/12L, 36.8% win rate), 1 lots still open, 19 rows written
2026-10-01 19:11:32,853 | INFO |   TSLA     1.00 sh  2026-03-24 -> 2026-07-23  $379.74 -> $337.00  P&L $-42.74 (-11.26%, 120d)
2026-10-01 19:11:32,853 | INFO |   BAC      1.00 sh  2026-03-24 -> 2026-09-09  $47.38 -> $62.79  P&L $+15.41 (+32.52%, 169d)
2026-10-01 19:11:32,853 | INFO |   BAC      1.00 sh  2026-03-24 -> 2026-09-11  $47.38 -> $62.54  P&L $+15.16 (+32.00%, 171d)
2026-10-01 19:11:32,853 | INFO |   CORN     1.00 sh  2026-09-09 -> 2026-09-11  $19.91 -> $19.89  P&L $-0.02 (-0.10%, 1d)
2026-10-01 19:11:32,853 | INFO |   KOLD     1.00 sh  2026-09-15 -> 2026-09-15  $28.63 -> $28.34  P&L $-0.29 (-1.01%, 0d)
2026-10-01 19:11:32,853 | INFO |   CPER     1.00 sh  2026-09-11 -> 2026-09-17  $39.27 -> $39.89  P&L $+0.62 (+1.58%, 6d)
2026-10-01 19:11:32,853 | INFO |   BNO      1.00 sh  2026-08-13 -> 2026-09-17  $49.60 -> $61.30  P&L $+11.70 (+23.59%, 35d)
2026-10-01 19:11:32,853 | INFO |   KOLD     1.00 sh  2026-09-16 -> 2026-09-18  $29.39 -> $28.97  P&L $-0.42 (-1.43%, 1d)
2026-10-01 19:11:32,853 | INFO |   GSG      1.00 sh  2026-09-16 -> 2026-09-21  $36.72 -> $35.97  P&L $-0.75 (-2.04%, 4d)
2026-10-01 19:11:32,853 | INFO |   DBC      1.00 sh  2026-09-16 -> 2026-09-21  $33.27 -> $32.54  P&L $-0.73 (-2.19%, 4d)
2026-10-01 19:11:32,853 | INFO |   PALL     1.00 sh  2026-09-17 -> 2026-09-21  $23.36 -> $23.57  P&L $+0.21 (+0.90%, 3d)
2026-10-01 19:11:32,853 | INFO |   PPLT     1.00 sh  2026-09-17 -> 2026-09-23  $16.17 -> $15.99  P&L $-0.18 (-1.11%, 5d)
2026-10-01 19:11:32,853 | INFO |   SLV      1.00 sh  2026-09-22 -> 2026-09-24  $59.76 -> $57.24  P&L $-2.52 (-4.22%, 1d)
2026-10-01 19:11:32,853 | INFO |   PALL     1.00 sh  2026-09-22 -> 2026-09-25  $23.48 -> $22.67  P&L $-0.81 (-3.45%, 2d)
2026-10-01 19:11:32,853 | INFO |   KOLD     1.00 sh  2026-09-24 -> 2026-09-25  $22.92 -> $24.80  P&L $+1.88 (+8.20%, 1d)
2026-10-01 19:11:32,853 | INFO |   IAU      1.00 sh  2026-09-24 -> 2026-09-28  $80.04 -> $77.93  P&L $-2.11 (-2.64%, 3d)
2026-10-01 19:11:32,853 | INFO |   SCO      1.00 sh  2026-09-29 -> 2026-09-29  $20.40 -> $20.37  P&L $-0.03 (-0.15%, 0d)
2026-10-01 19:11:32,853 | INFO |   GLL      1.00 sh  2026-09-29 -> 2026-09-29  $24.89 -> $24.93  P&L $+0.04 (+0.16%, 0d)
2026-10-01 19:11:32,853 | INFO |   ZSL      1.00 sh  2026-09-29 -> 2026-09-29  $27.20 -> $26.92  P&L $-0.28 (-1.03%, 0d)
2026-10-01 19:11:32,853 | INFO |   OPEN WEAT     1.00 sh @ $24.99 since 2026-09-29
2026-10-01 19:11:32,887 | INFO | CURRENTLY HELD: WEAT
2026-10-01 19:11:35,152 | INFO | UNIVERSE SCREEN: scope=all | 16/24 affordable at $98.75/position (20% of $493.76 equity)
  OK UNG        $10.15  up to 9 share(s) at $10.15
  OK CANE       $11.44  up to 8 share(s) at $11.44
  OK PPLT       $15.49  up to 6 share(s) at $15.49
  OK CORN       $18.99  up to 5 share(s) at $18.99
  OK PALL       $21.43  up to 4 share(s) at $21.43
  OK WEAT       $24.73  up to 3 share(s) at $24.73
  OK DBB        $24.96  up to 3 share(s) at $24.96
  OK SOYB       $27.32  up to 3 share(s) at $27.32
  OK DBA        $28.10  up to 3 share(s) at $28.10
  OK DBC        $32.71  up to 3 share(s) at $32.71
  OK GSG        $35.95  up to 2 share(s) at $35.95
  OK CPER       $39.46  up to 2 share(s) at $39.46
  OK SLV        $54.97  up to 1 share(s) at $54.97
  OK XLE        $62.58  up to 1 share(s) at $62.58
  OK BNO        $62.74  up to 1 share(s) at $62.74
  OK IAU        $78.46  up to 1 share(s) at $78.46
  -- USO       $149.63  1 share costs $149.63 but the cap is $98.75 (20% of $493.76)
  -- UGA       $152.37  1 share costs $152.37 but the cap is $98.75 (20% of $493.76)
  -- NVDA      $231.71  1 share costs $231.71 but the cap is $98.75 (20% of $493.76)
  -- AMZN      $249.10  1 share costs $249.10 but the cap is $98.75 (20% of $493.76)
  -- AAPL      $329.56  1 share costs $329.56 but the cap is $98.75 (20% of $493.76)
  -- GOOGL     $338.81  1 share costs $338.81 but the cap is $98.75 (20% of $493.76)
  -- GLD       $382.73  1 share costs $382.73 but the cap is $98.75 (20% of $493.76)
  -- MSFT      $515.82  1 share costs $515.82 but the cap is $98.75 (20% of $493.76)
2026-10-01 19:11:35,152 | INFO | TRADING UNIVERSE (16): WEAT, CORN, SOYB, CANE, DBA, UNG, BNO, XLE, SLV, IAU, PPLT, PALL, CPER, DBB, DBC, GSG
2026-10-01 19:11:35,216 | INFO | EXIT RECONCILE | WEAT | ALREADY_PROTECTED | open protective sell order exists
2026-10-01 19:11:35,216 | INFO | EXIT RECONCILE SUMMARY: 1 positions checked, 0 exits attached
2026-10-01 19:11:35,224 | WARNING | Price cache for WEAT does not cover 2026-09-22..2026-10-14 with a date index; refetching.
2026-10-01 19:11:35,335 | INFO | scored WEAT: 4 row(s)
2026-10-01 19:11:35,337 | WARNING | Price cache for CORN does not cover 2026-09-22..2026-10-14 with a date index; refetching.
2026-10-01 19:11:35,411 | INFO | scored CORN: 4 row(s)
2026-10-01 19:11:35,414 | WARNING | Price cache for SOYB does not cover 2026-09-22..2026-10-14 with a date index; refetching.
2026-10-01 19:11:35,480 | INFO | scored SOYB: 4 row(s)
2026-10-01 19:11:35,482 | WARNING | Price cache for CANE does not cover 2026-09-22..2026-10-14 with a date index; refetching.
2026-10-01 19:11:35,597 | INFO | scored CANE: 4 row(s)
2026-10-01 19:11:35,599 | WARNING | Price cache for DBA does not cover 2026-09-22..2026-10-14 with a date index; refetching.
2026-10-01 19:11:35,708 | INFO | scored DBA: 3 row(s)
2026-10-01 19:11:35,710 | WARNING | Price cache for UNG does not cover 2026-09-22..2026-10-14 with a date index; refetching.
2026-10-01 19:11:35,775 | INFO | scored UNG: 4 row(s)
2026-10-01 19:11:35,777 | WARNING | Price cache for BNO does not cover 2026-09-22..2026-10-14 with a date index; refetching.
2026-10-01 19:11:35,836 | INFO | scored BNO: 4 row(s)
2026-10-01 19:11:35,838 | WARNING | Price cache for XLE does not cover 2026-09-22..2026-10-14 with a date index; refetching.
2026-10-01 19:11:35,934 | INFO | scored XLE: 4 row(s)
2026-10-01 19:11:35,935 | WARNING | Price cache for SLV does not cover 2026-09-22..2026-10-14 with a date index; refetching.
2026-10-01 19:11:36,009 | INFO | scored SLV: 4 row(s)
2026-10-01 19:11:36,010 | WARNING | Price cache for IAU does not cover 2026-09-22..2026-10-14 with a date index; refetching.
2026-10-01 19:11:36,086 | INFO | scored IAU: 4 row(s)
2026-10-01 19:11:36,088 | WARNING | Price cache for PALL does not cover 2026-09-22..2026-10-14 with a date index; refetching.
2026-10-01 19:11:36,150 | INFO | scored PALL: 4 row(s)
2026-10-01 19:11:36,152 | WARNING | Price cache for CPER does not cover 2026-09-22..2026-10-14 with a date index; refetching.
2026-10-01 19:11:36,219 | INFO | scored CPER: 3 row(s)
2026-10-01 19:11:36,221 | WARNING | Price cache for DBB does not cover 2026-09-22..2026-10-14 with a date index; refetching.
2026-10-01 19:11:36,337 | INFO | scored DBB: 4 row(s)
2026-10-01 19:11:36,342 | WARNING | Price cache for DBC does not cover 2026-09-22..2026-10-14 with a date index; refetching.
2026-10-01 19:11:36,443 | INFO | scored DBC: 4 row(s)
2026-10-01 19:11:36,445 | WARNING | Price cache for GSG does not cover 2026-09-22..2026-10-14 with a date index; refetching.
2026-10-01 19:11:36,552 | INFO | scored GSG: 4 row(s)
2026-10-01 19:11:36,554 | WARNING | Price cache for PPLT does not cover 2026-09-22..2026-10-14 with a date index; refetching.
2026-10-01 19:11:36,619 | INFO | scored PPLT: 3 row(s)
2026-10-01 19:11:36,621 | INFO | MODEL SCORING: 61 prediction(s) graded against realized returns
2026-10-01 19:11:36,636 | INFO | COMPONENT ACCURACY (all history):
  base rate: the market rose on 51.6% of 24427 scored observations — beat this, not 50%
  component         n     acc            95% CI  verdict
  --------------------------------------------------------------
  Bollinger      6784   49.8%   [ 48.6%,  51.0%]  indistinguishable from a coin flip
  Bayesian      24427   49.3%   [ 48.6%,  49.9%]  WORSE than chance
  GaussianProc  24427   50.8%   [ 50.2%,  51.5%]  beats 50% but NOT the 51.6% base rate
  RSI            5867   51.4%   [ 50.2%,  52.7%]  beats 50% but NOT the 51.6% base rate
  ENSEMBLE       4648   51.0%   [ 49.5%,  52.4%]  indistinguishable from a coin flip
2026-10-01 19:11:36,924 | INFO | CALIBRATION: refit from 24418 matched prediction(s), saved to trade_logs/calibration.json
2026-10-01 19:11:38,003 | INFO | NEWS SCORING: 14 event(s) graded against realized returns
2026-10-01 19:11:38,003 | INFO | NEWS DIFFUSION ACCURACY (all history):
  base rate: the market rose on 46.3% of 285 scored news-linked observations
  match_type    n     acc            95% CI  verdict
  ----------------------------------------------------------
  explicit     26   15.4%   [  1.5%,  29.3%]  WORSE than chance
  theme        75   38.7%   [ 27.6%,  49.7%]  WORSE than chance
2026-10-01 19:11:38,449 | INFO | NEWS DIFFUSION: 13 event(s) across 11 symbol(s)
2026-10-01 19:11:38,449 | INFO | NEWS EVENT | symbol=IAU | match=explicit | polarity=bullish (1.00) | themes=- | Gold Is Defying 24-Year-High Treasury Yields. Will Gold ETFs Follow?
2026-10-01 19:11:38,449 | INFO | NEWS EVENT | symbol=XLE | match=explicit | polarity=bullish (1.00) | themes=- | Stock Market Today: S&P 500 Slips as Micron Fails to Impress, 10-Year Yields Ease to 5.25%
2026-10-01 19:11:38,449 | INFO | NEWS EVENT | symbol=XLE | match=explicit | polarity=neutral (0.00) | themes=- | 8 Of 11 Sectors Fall In Thursday Trading As Cyclicals Lead
2026-10-01 19:11:38,449 | INFO | NEWS EVENT | symbol=UNG | match=explicit | polarity=neutral (0.00) | themes=- | USA Natural Gas Storage 64B Vs 63B Est.
2026-10-01 19:11:38,449 | INFO | NEWS EVENT | symbol=UNG | match=explicit | polarity=neutral (0.00) | themes=geopolitical_supply_shock | 'Russia Plans Three Years of Record War Spending Under New Budget' - Bloomberg
2026-10-01 19:11:38,449 | INFO | NEWS EVENT | symbol=WEAT | match=theme | polarity=neutral (0.00) | themes=geopolitical_supply_shock | 'Russia Plans Three Years of Record War Spending Under New Budget' - Bloomberg
2026-10-01 19:11:38,449 | INFO | NEWS EVENT | symbol=CORN | match=theme | polarity=neutral (0.00) | themes=geopolitical_supply_shock | 'Russia Plans Three Years of Record War Spending Under New Budget' - Bloomberg
2026-10-01 19:11:38,449 | INFO | NEWS EVENT | symbol=BNO | match=theme | polarity=neutral (0.00) | themes=geopolitical_supply_shock | 'Russia Plans Three Years of Record War Spending Under New Budget' - Bloomberg
2026-10-01 19:11:38,449 | INFO | NEWS EVENT | symbol=IAU | match=theme | polarity=neutral (0.00) | themes=geopolitical_supply_shock | 'Russia Plans Three Years of Record War Spending Under New Budget' - Bloomberg
2026-10-01 19:11:38,449 | INFO | NEWS EVENT | symbol=UNG | match=explicit | polarity=neutral (0.00) | themes=geopolitical_supply_shock | President Trump Says In Time Magazine Interview That May Increase Iran Strikes After Midterms If There Is No Deal; Oil M
2026-10-01 19:11:38,449 | INFO | NEWS EVENT | symbol=WEAT | match=theme | polarity=neutral (0.00) | themes=geopolitical_supply_shock | President Trump Says In Time Magazine Interview That May Increase Iran Strikes After Midterms If There Is No Deal; Oil M
2026-10-01 19:11:38,449 | INFO | NEWS EVENT | symbol=CORN | match=theme | polarity=neutral (0.00) | themes=geopolitical_supply_shock | President Trump Says In Time Magazine Interview That May Increase Iran Strikes After Midterms If There Is No Deal; Oil M
2026-10-01 19:11:38,449 | INFO | NEWS EVENT | symbol=BNO | match=theme | polarity=neutral (0.00) | themes=geopolitical_supply_shock | President Trump Says In Time Magazine Interview That May Increase Iran Strikes After Midterms If There Is No Deal; Oil M
2026-10-01 19:11:38,449 | INFO | NEWS EVENT | symbol=IAU | match=theme | polarity=neutral (0.00) | themes=geopolitical_supply_shock | President Trump Says In Time Magazine Interview That May Increase Iran Strikes After Midterms If There Is No Deal; Oil M
2026-10-01 19:11:38,449 | INFO | NEWS EVENT | symbol=UNG | match=explicit | polarity=neutral (0.00) | themes=- | Iranian President Pezeshkian Says Government Won't Ever Shy Away From Dialogue, Even As U.S. Has Targeted Iran Several T
2026-10-01 19:11:38,449 | INFO | NEWS EVENT | symbol=UNG | match=explicit | polarity=neutral (0.00) | themes=- | Reported Earlier, US, South Korea Select NextEra And Related For $22.3B Project Star Linking 6.47 GW Texas Power Generat
2026-10-01 19:11:38,449 | INFO | NEWS EVENT | symbol=UNG | match=explicit | polarity=neutral (0.00) | themes=- | Trump Announces Plans For $54B NG Project In Alaska
2026-10-01 19:11:38,449 | INFO | NEWS EVENT | symbol=XLE | match=explicit | polarity=neutral (0.00) | themes=inflation_hedge | Nasdaq 100 Climbs as Cooler PCE Cuts Rate Hike Bets, Micron Earnings Loom: Stock Market Today
2026-10-01 19:11:38,449 | INFO | NEWS EVENT | symbol=DBA | match=theme | polarity=neutral (0.00) | themes=inflation_hedge | Nasdaq 100 Climbs as Cooler PCE Cuts Rate Hike Bets, Micron Earnings Loom: Stock Market Today
2026-10-01 19:11:38,449 | INFO | NEWS EVENT | symbol=SLV | match=theme | polarity=neutral (0.00) | themes=inflation_hedge | Nasdaq 100 Climbs as Cooler PCE Cuts Rate Hike Bets, Micron Earnings Loom: Stock Market Today
2026-10-01 19:11:38,449 | INFO | NEWS EVENT | symbol=IAU | match=theme | polarity=neutral (0.00) | themes=inflation_hedge | Nasdaq 100 Climbs as Cooler PCE Cuts Rate Hike Bets, Micron Earnings Loom: Stock Market Today
2026-10-01 19:11:38,449 | INFO | NEWS EVENT | symbol=PPLT | match=theme | polarity=neutral (0.00) | themes=inflation_hedge | Nasdaq 100 Climbs as Cooler PCE Cuts Rate Hike Bets, Micron Earnings Loom: Stock Market Today
2026-10-01 19:11:38,449 | INFO | NEWS EVENT | symbol=DBC | match=theme | polarity=neutral (0.00) | themes=inflation_hedge | Nasdaq 100 Climbs as Cooler PCE Cuts Rate Hike Bets, Micron Earnings Loom: Stock Market Today
2026-10-01 19:11:38,449 | INFO | NEWS EVENT | symbol=GSG | match=theme | polarity=neutral (0.00) | themes=inflation_hedge | Nasdaq 100 Climbs as Cooler PCE Cuts Rate Hike Bets, Micron Earnings Loom: Stock Market Today
2026-10-01 19:11:38,449 | INFO | NEWS EVENT | symbol=XLE | match=explicit | polarity=neutral (0.00) | themes=- | Growth Leads Sectors In Wednesday Trading As Defensives Trail
2026-10-01 19:11:38,449 | INFO | NEWS EVENT | symbol=UNG | match=explicit | polarity=neutral (0.00) | themes=crude | EIA Weekly Distillates Stocks -2.251M Barrel Draw Vs 0.200M Barrel Draw Est.
2026-10-01 19:11:38,449 | INFO | NEWS EVENT | symbol=BNO | match=theme | polarity=neutral (0.00) | themes=crude | EIA Weekly Distillates Stocks -2.251M Barrel Draw Vs 0.200M Barrel Draw Est.
2026-10-01 19:11:38,449 | INFO | NEWS EVENT | symbol=XLE | match=theme | polarity=neutral (0.00) | themes=crude | EIA Weekly Distillates Stocks -2.251M Barrel Draw Vs 0.200M Barrel Draw Est.
2026-10-01 19:11:38,449 | INFO | NEWS EVENT | symbol=DBC | match=theme | polarity=neutral (0.00) | themes=crude | EIA Weekly Distillates Stocks -2.251M Barrel Draw Vs 0.200M Barrel Draw Est.
2026-10-01 19:11:38,449 | INFO | NEWS EVENT | symbol=GSG | match=theme | polarity=neutral (0.00) | themes=crude | EIA Weekly Distillates Stocks -2.251M Barrel Draw Vs 0.200M Barrel Draw Est.
2026-10-01 19:11:38,449 | INFO | NEWS EVENT | symbol=UNG | match=explicit | polarity=neutral (0.00) | themes=- | 'Trump to Unveil $54B Alaska LNG Plan Amid Midterm Woes'- Bloomberg
2026-10-01 19:11:38,451 | INFO | NEWS DIFFUSION: 17 new event(s) persisted for scoring
2026-10-01 19:11:38,451 | INFO | Generating signals...
YF.download() has changed argument auto_adjust default to True

🔵 Running Bayesian Linear Regression for WEAT...
🟠 Running Gaussian Process for WEAT...

📊 WEAT - Unified Forecast Summary (2026-10-01)
======================================================================
🔵 Bayesian Forecast: -0.0111 ± 0.2024
🟠 GP Forecast:       0.0006 ± 0.0053
🟢 Ensemble Forecast: 0.0006 ± 0.0078
📈 RSI Signal:        HOLD (RSI: 39.3)
📊 BB Signal:         BUY (Z-Score: -1.72)
🎯 Final Signal:      HOLD (Confidence: 50.0%)
💰 Recommendation:    HOLD

💰 Next-Day Closing Price Predictions:
   Current Close:    $24.73
   Bayesian:         $24.46 ($19.45 - $29.46)
   GP:               $24.75 ($24.61 - $24.88)
   Ensemble:         $24.75 ($24.55 - $24.94)

🔵 Running Bayesian Linear Regression for CORN...
🟠 Running Gaussian Process for CORN...

📊 CORN - Unified Forecast Summary (2026-10-01)
======================================================================
🔵 Bayesian Forecast: -0.0091 ± 0.2030
🟠 GP Forecast:       -0.0071 ± 0.0069
🟢 Ensemble Forecast: -0.0071 ± 0.0100
📈 RSI Signal:        HOLD (RSI: 35.9)
📊 BB Signal:         BUY (Z-Score: -2.43)
🎯 Final Signal:      HOLD (Confidence: 50.0%)
💰 Recommendation:    HOLD

💰 Next-Day Closing Price Predictions:
   Current Close:    $18.99
   Bayesian:         $18.82 ($14.96 - $22.67)
   GP:               $18.86 ($18.72 - $18.99)
   Ensemble:         $18.86 ($18.67 - $19.05)

🔵 Running Bayesian Linear Regression for SOYB...
🟠 Running Gaussian Process for SOYB...

📊 SOYB - Unified Forecast Summary (2026-10-01)
======================================================================
🔵 Bayesian Forecast: -0.0066 ± 0.2040
🟠 GP Forecast:       -0.0004 ± 0.0050
🟢 Ensemble Forecast: -0.0004 ± 0.0073
📈 RSI Signal:        HOLD (RSI: 41.0)
📊 BB Signal:         BUY (Z-Score: -1.84)
🎯 Final Signal:      HOLD (Confidence: 50.0%)
💰 Recommendation:    HOLD

💰 Next-Day Closing Price Predictions:
   Current Close:    $27.32
   Bayesian:         $27.14 ($21.57 - $32.71)
   GP:               $27.31 ($27.17 - $27.45)
   Ensemble:         $27.31 ($27.11 - $27.51)

🔵 Running Bayesian Linear Regression for CANE...
🟠 Running Gaussian Process for CANE...

📊 CANE - Unified Forecast Summary (2026-10-01)
======================================================================
🔵 Bayesian Forecast: 0.0039 ± 0.2010
🟠 GP Forecast:       0.0037 ± 0.0048
🟢 Ensemble Forecast: 0.0037 ± 0.0070
📈 RSI Signal:        HOLD (RSI: 51.5)
📊 BB Signal:         HOLD (Z-Score: 0.49)
🎯 Final Signal:      HOLD (Confidence: 50.0%)
💰 Recommendation:    HOLD

💰 Next-Day Closing Price Predictions:
   Current Close:    $11.44
   Bayesian:         $11.49 ($9.19 - $13.79)
   GP:               $11.49 ($11.43 - $11.54)
   Ensemble:         $11.49 ($11.41 - $11.57)

🔵 Running Bayesian Linear Regression for DBA...
🟠 Running Gaussian Process for DBA...

📊 DBA - Unified Forecast Summary (2026-10-01)
======================================================================
🔵 Bayesian Forecast: -0.0053 ± 0.2026
🟠 GP Forecast:       -0.0056 ± 0.0064
🟢 Ensemble Forecast: -0.0056 ± 0.0092
📈 RSI Signal:        HOLD (RSI: 42.5)
📊 BB Signal:         BUY (Z-Score: -1.52)
🎯 Final Signal:      HOLD (Confidence: 50.0%)
💰 Recommendation:    HOLD

💰 Next-Day Closing Price Predictions:
   Current Close:    $28.10
   Bayesian:         $27.96 ($22.26 - $33.65)
   GP:               $27.95 ($27.77 - $28.13)
   Ensemble:         $27.95 ($27.69 - $28.21)

🔵 Running Bayesian Linear Regression for UNG...
🟠 Running Gaussian Process for UNG...

📊 UNG - Unified Forecast Summary (2026-10-01)
======================================================================
🔵 Bayesian Forecast: -0.0031 ± 0.2039
🟠 GP Forecast:       0.0157 ± 0.0149
🟢 Ensemble Forecast: 0.0156 ± 0.0213
📈 RSI Signal:        HOLD (RSI: 62.6)
📊 BB Signal:         HOLD (Z-Score: -0.98)
🎯 Final Signal:      HOLD (Confidence: 50.0%)
💰 Recommendation:    HOLD

💰 Next-Day Closing Price Predictions:
   Current Close:    $10.15
   Bayesian:         $10.12 ($8.05 - $12.19)
   GP:               $10.31 ($10.16 - $10.47)
   Ensemble:         $10.31 ($10.10 - $10.53)

🔵 Running Bayesian Linear Regression for BNO...
🟠 Running Gaussian Process for BNO...

📊 BNO - Unified Forecast Summary (2026-10-01)
======================================================================
🔵 Bayesian Forecast: 0.0185 ± 0.2022
🟠 GP Forecast:       0.0051 ± 0.0081
🟢 Ensemble Forecast: 0.0051 ± 0.0117
📈 RSI Signal:        HOLD (RSI: 60.2)
📊 BB Signal:         HOLD (Z-Score: 1.19)
🎯 Final Signal:      HOLD (Confidence: 50.0%)
💰 Recommendation:    HOLD

💰 Next-Day Closing Price Predictions:
   Current Close:    $62.73
   Bayesian:         $63.89 ($51.21 - $76.57)
   GP:               $63.05 ($62.54 - $63.56)
   Ensemble:         $63.05 ($62.31 - $63.79)

🔵 Running Bayesian Linear Regression for XLE...
🟠 Running Gaussian Process for XLE...

📊 XLE - Unified Forecast Summary (2026-10-01)
======================================================================
🔵 Bayesian Forecast: -0.0018 ± 0.2018
🟠 GP Forecast:       0.0002 ± 0.0041
🟢 Ensemble Forecast: 0.0002 ± 0.0062
📈 RSI Signal:        HOLD (RSI: 57.6)
📊 BB Signal:         HOLD (Z-Score: -0.61)
🎯 Final Signal:      HOLD (Confidence: 50.0%)
💰 Recommendation:    HOLD

💰 Next-Day Closing Price Predictions:
   Current Close:    $62.58
   Bayesian:         $62.47 ($49.84 - $75.10)
   GP:               $62.60 ($62.34 - $62.86)
   Ensemble:         $62.60 ($62.21 - $62.98)

🔵 Running Bayesian Linear Regression for SLV...
🟠 Running Gaussian Process for SLV...

📊 SLV - Unified Forecast Summary (2026-10-01)
======================================================================
🔵 Bayesian Forecast: -0.0192 ± 0.2024
🟠 GP Forecast:       0.0093 ± 0.0071
🟢 Ensemble Forecast: 0.0093 ± 0.0105
📈 RSI Signal:        HOLD (RSI: 39.2)
📊 BB Signal:         BUY (Z-Score: -1.55)
🎯 Final Signal:      BUY (Confidence: 75.0%)
💰 Recommendation:    BUY

💰 Next-Day Closing Price Predictions:
   Current Close:    $54.97
   Bayesian:         $53.91 ($42.78 - $65.03)
   GP:               $55.48 ($55.08 - $55.87)
   Ensemble:         $55.47 ($54.90 - $56.05)

🔵 Running Bayesian Linear Regression for IAU...
🟠 Running Gaussian Process for IAU...

📊 IAU - Unified Forecast Summary (2026-10-01)
======================================================================
🔵 Bayesian Forecast: -0.0084 ± 0.2020
🟠 GP Forecast:       0.0044 ± 0.0051
🟢 Ensemble Forecast: 0.0044 ± 0.0075
📈 RSI Signal:        HOLD (RSI: 35.2)
📊 BB Signal:         HOLD (Z-Score: -1.42)
🎯 Final Signal:      HOLD (Confidence: 50.0%)
💰 Recommendation:    HOLD

💰 Next-Day Closing Price Predictions:
   Current Close:    $78.45
   Bayesian:         $77.79 ($61.95 - $93.64)
   GP:               $78.80 ($78.40 - $79.20)
   Ensemble:         $78.80 ($78.21 - $79.38)

🔵 Running Bayesian Linear Regression for PPLT...
🟠 Running Gaussian Process for PPLT...

📊 PPLT - Unified Forecast Summary (2026-10-01)
======================================================================
🔵 Bayesian Forecast: -0.0182 ± 0.2025
🟠 GP Forecast:       -0.0003 ± 0.0055
🟢 Ensemble Forecast: -0.0003 ± 0.0081
📈 RSI Signal:        HOLD (RSI: 49.4)
📊 BB Signal:         HOLD (Z-Score: -1.38)
🎯 Final Signal:      HOLD (Confidence: 50.0%)
💰 Recommendation:    HOLD

💰 Next-Day Closing Price Predictions:
   Current Close:    $15.49
   Bayesian:         $15.21 ($12.07 - $18.34)
   GP:               $15.49 ($15.40 - $15.57)
   Ensemble:         $15.49 ($15.36 - $15.61)

🔵 Running Bayesian Linear Regression for PALL...
🟠 Running Gaussian Process for PALL...

📊 PALL - Unified Forecast Summary (2026-10-01)
======================================================================
🔵 Bayesian Forecast: -0.0202 ± 0.2021
🟠 GP Forecast:       0.0014 ± 0.0047
🟢 Ensemble Forecast: 0.0014 ± 0.0071
📈 RSI Signal:        HOLD (RSI: 36.3)
📊 BB Signal:         BUY (Z-Score: -1.78)
🎯 Final Signal:      HOLD (Confidence: 50.0%)
💰 Recommendation:    HOLD

💰 Next-Day Closing Price Predictions:
   Current Close:    $21.43
   Bayesian:         $21.00 ($16.67 - $25.33)
   GP:               $21.47 ($21.36 - $21.57)
   Ensemble:         $21.47 ($21.31 - $21.62)

🔵 Running Bayesian Linear Regression for CPER...
🟠 Running Gaussian Process for CPER...

📊 CPER - Unified Forecast Summary (2026-10-01)
======================================================================
🔵 Bayesian Forecast: -0.0038 ± 0.2018
🟠 GP Forecast:       0.0037 ± 0.0052
🟢 Ensemble Forecast: 0.0037 ± 0.0077
📈 RSI Signal:        HOLD (RSI: 60.7)
📊 BB Signal:         HOLD (Z-Score: -0.51)
🎯 Final Signal:      HOLD (Confidence: 50.0%)
💰 Recommendation:    HOLD

💰 Next-Day Closing Price Predictions:
   Current Close:    $39.46
   Bayesian:         $39.31 ($31.35 - $47.27)
   GP:               $39.60 ($39.40 - $39.81)
   Ensemble:         $39.60 ($39.30 - $39.91)

🔵 Running Bayesian Linear Regression for DBB...
🟠 Running Gaussian Process for DBB...

📊 DBB - Unified Forecast Summary (2026-10-01)
======================================================================
🔵 Bayesian Forecast: -0.0112 ± 0.2035
🟠 GP Forecast:       0.0027 ± 0.0048
🟢 Ensemble Forecast: 0.0027 ± 0.0071
📈 RSI Signal:        HOLD (RSI: 53.0)
📊 BB Signal:         BUY (Z-Score: -1.76)
🎯 Final Signal:      HOLD (Confidence: 50.0%)
💰 Recommendation:    HOLD

💰 Next-Day Closing Price Predictions:
   Current Close:    $24.96
   Bayesian:         $24.68 ($19.60 - $29.76)
   GP:               $25.03 ($24.91 - $25.15)
   Ensemble:         $25.03 ($24.85 - $25.21)

🔵 Running Bayesian Linear Regression for DBC...
🟠 Running Gaussian Process for DBC...

📊 DBC - Unified Forecast Summary (2026-10-01)
======================================================================
🔵 Bayesian Forecast: 0.0004 ± 0.2016
🟠 GP Forecast:       0.0030 ± 0.0041
🟢 Ensemble Forecast: 0.0030 ± 0.0062
📈 RSI Signal:        HOLD (RSI: 52.7)
📊 BB Signal:         HOLD (Z-Score: -0.09)
🎯 Final Signal:      HOLD (Confidence: 50.0%)
💰 Recommendation:    HOLD

💰 Next-Day Closing Price Predictions:
   Current Close:    $32.71
   Bayesian:         $32.72 ($26.13 - $39.32)
   GP:               $32.81 ($32.67 - $32.94)
   Ensemble:         $32.81 ($32.61 - $33.01)

🔵 Running Bayesian Linear Regression for GSG...
🟠 Running Gaussian Process for GSG...

📊 GSG - Unified Forecast Summary (2026-10-01)
======================================================================
🔵 Bayesian Forecast: 0.0002 ± 0.2016
🟠 GP Forecast:       0.0027 ± 0.0041
🟢 Ensemble Forecast: 0.0027 ± 0.0062
📈 RSI Signal:        HOLD (RSI: 59.3)
📊 BB Signal:         HOLD (Z-Score: -0.07)
🎯 Final Signal:      HOLD (Confidence: 50.0%)
💰 Recommendation:    HOLD

💰 Next-Day Closing Price Predictions:
   Current Close:    $35.95
   Bayesian:         $35.96 ($28.71 - $43.21)
   GP:               $36.05 ($35.90 - $36.20)
   Ensemble:         $36.05 ($35.83 - $36.27)
2026-10-01 19:11:45,199 | INFO | CALIBRATION APPLIED: 16 signal(s), fit on n=24418 (fitted 2026-10-01T19:11:36+00:00) — 13 moved by >5pp
2026-10-01 19:11:45,202 | INFO | VOL SIZING | symbol=SLV | predicted_vol=39.8% | scale=x0.63 | ENFORCED | vol 39.8% vs 25% target -> x0.63
2026-10-01 19:11:45,202 | INFO | SIGNAL FILTER | symbol=WEAT | original=HOLD | normalized=HOLD | confidence=0.4250 | prob_profit=0.5191 | decision=HOLD | reason=explicit HOLD decision retained for logging
2026-10-01 19:11:45,202 | INFO | SIGNAL FILTER | symbol=CORN | original=HOLD | normalized=HOLD | confidence=0.4250 | prob_profit=0.4903 | decision=HOLD | reason=explicit HOLD decision retained for logging
2026-10-01 19:11:45,202 | INFO | SIGNAL FILTER | symbol=SOYB | original=HOLD | normalized=HOLD | confidence=0.4250 | prob_profit=0.5138 | decision=HOLD | reason=explicit HOLD decision retained for logging
2026-10-01 19:11:45,202 | INFO | SIGNAL FILTER | symbol=CANE | original=HOLD | normalized=HOLD | confidence=0.5000 | prob_profit=0.5319 | decision=HOLD | reason=explicit HOLD decision retained for logging
2026-10-01 19:11:45,202 | INFO | SIGNAL FILTER | symbol=DBA | original=HOLD | normalized=HOLD | confidence=0.4250 | prob_profit=0.4903 | decision=HOLD | reason=explicit HOLD decision retained for logging
2026-10-01 19:11:45,202 | INFO | SIGNAL FILTER | symbol=UNG | original=HOLD | normalized=HOLD | confidence=0.5000 | prob_profit=0.5319 | decision=HOLD | reason=explicit HOLD decision retained for logging
2026-10-01 19:11:45,202 | INFO | SIGNAL FILTER | symbol=BNO | original=HOLD | normalized=HOLD | confidence=0.5000 | prob_profit=0.5319 | decision=HOLD | reason=explicit HOLD decision retained for logging
2026-10-01 19:11:45,202 | INFO | SIGNAL FILTER | symbol=XLE | original=HOLD | normalized=HOLD | confidence=0.5000 | prob_profit=0.5191 | decision=HOLD | reason=explicit HOLD decision retained for logging
2026-10-01 19:11:45,202 | INFO | SIGNAL FILTER | symbol=SLV | original=BUY | normalized=BUY | confidence=0.8625 | prob_profit=0.5319 | p_dir=0.5319 | decision=PASS | reason=meets confidence and probability thresholds
2026-10-01 19:11:45,202 | INFO | SIGNAL FILTER | symbol=IAU | original=HOLD | normalized=HOLD | confidence=0.5000 | prob_profit=0.5319 | decision=HOLD | reason=explicit HOLD decision retained for logging
2026-10-01 19:11:45,202 | INFO | SIGNAL FILTER | symbol=PPLT | original=HOLD | normalized=HOLD | confidence=0.5000 | prob_profit=0.5191 | decision=HOLD | reason=explicit HOLD decision retained for logging
2026-10-01 19:11:45,202 | INFO | SIGNAL FILTER | symbol=PALL | original=HOLD | normalized=HOLD | confidence=0.4250 | prob_profit=0.5237 | decision=HOLD | reason=explicit HOLD decision retained for logging
2026-10-01 19:11:45,202 | INFO | SIGNAL FILTER | symbol=CPER | original=HOLD | normalized=HOLD | confidence=0.5000 | prob_profit=0.5319 | decision=HOLD | reason=explicit HOLD decision retained for logging
2026-10-01 19:11:45,202 | INFO | SIGNAL FILTER | symbol=DBB | original=HOLD | normalized=HOLD | confidence=0.4250 | prob_profit=0.5319 | decision=HOLD | reason=explicit HOLD decision retained for logging
2026-10-01 19:11:45,202 | INFO | SIGNAL FILTER | symbol=DBC | original=HOLD | normalized=HOLD | confidence=0.5000 | prob_profit=0.5319 | decision=HOLD | reason=explicit HOLD decision retained for logging
2026-10-01 19:11:45,202 | INFO | SIGNAL FILTER | symbol=GSG | original=HOLD | normalized=HOLD | confidence=0.5000 | prob_profit=0.5319 | decision=HOLD | reason=explicit HOLD decision retained for logging
2026-10-01 19:11:45,202 | INFO | EDGE GATE | symbol=SLV | move=0.925% | p_dir=0.532 | cost=0.130% | EV=-0.071% | decision=REJECT | reason=predicted move 0.925% at 53.2% does not cover 0.130% round-trip cost (EV -0.071%)
2026-10-01 19:11:45,202 | ERROR | rejection_reason: edge gate SLV: predicted move 0.925% at 53.2% does not cover 0.130% round-trip cost (EV -0.071%)
2026-10-01 19:11:45,202 | INFO | EDGE GATE SUMMARY: 1 directional signal(s) evaluated, 1 demoted to HOLD (enforcing)
2026-10-01 19:11:45,202 | INFO | SIGNALS GENERATED: 16 total, 0 directional candidates, 16 hold decisions
2026-10-01 19:11:45,203 | INFO | THESES SHADOW-LOGGED: 16
2026-10-01 19:11:45,203 | INFO | OPTIONS CANDIDATES FOR TODAY: none
2026-10-01 19:11:45,203 | INFO | Loading portfolio state...
2026-10-01 19:11:45,261 | INFO | INVERSE ROUTING: nothing to route
  (no directional signals to route)
2026-10-01 19:11:45,261 | INFO | EDGE GATE SUMMARY: 0 directional signal(s) evaluated, 0 demoted to HOLD (enforcing)
2026-10-01 19:11:45,261 | INFO | Executing trading cycle...

📋 Pre-trade snapshot:
   Equity source: broker_live
   Account equity: $493.76
   Exposure (invested fraction): 0.0501
   Trades today (executed): 0
   Daily return: 0.0003
   Risk config: exposure=0.3, max_pos=0.2, max_trades/day=3, daily_loss_limit=0.02, paper_mode=True
[INFO] PAPER TRADING MODE: True — executing in paper mode with guardrails enabled.
2026-10-01 19:11:45,412 | INFO | ORDERS ATTEMPTED: 0
2026-10-01 19:11:45,412 | INFO | ORDERS SUBMITTED: 0
2026-10-01 19:11:45,414 | INFO | Decision summary: {'hold': 16}
2026-10-01 19:11:45,414 | INFO | END DAILY TRADING RUN
