2026-09-02 17:33:13,509 | INFO | eos finance domains unavailable (ImportError: eos checkout not found at /home/runner/work/finance_project/mcp_server. Set EOS_ROOT to the mcp_server directory to enable the finance domains.). Trading pipeline continues with built-in logic only.
2026-09-02 17:33:13,904 | INFO | Failed to extract font properties from /usr/share/fonts/truetype/noto/NotoColorEmoji.ttf: Non-scalable fonts are not supported
2026-09-02 17:33:13,913 | INFO | generated new fontManager
2026-09-02 17:33:14,060 | INFO | START DAILY TRADING RUN
2026-09-02 17:33:14,060 | INFO | DATE/TIME: 2026-09-02T13:33:14.060673-04:00
2026-09-02 17:33:14,663 | INFO | ACCOUNT: equity=$493.48 (source=broker_live) | cash=$312.87 | exposure=36.6%
2026-09-02 17:33:14,730 | INFO | FILL RECONCILE: 4 fills -> 1 round trips, realized P&L $-42.74 (0W/1L, 0.0% win rate), 2 lots still open, 1 rows written
2026-09-02 17:33:14,730 | INFO |   TSLA     1.00 sh  2026-03-24 -> 2026-07-23  $379.74 -> $337.00  P&L $-42.74 (-11.26%, 120d)
2026-09-02 17:33:14,730 | INFO |   OPEN BAC      2.00 sh @ $47.38 since 2026-03-24
2026-09-02 17:33:14,730 | INFO |   OPEN BNO      1.00 sh @ $49.60 since 2026-08-13
2026-09-02 17:33:14,767 | INFO | CURRENTLY HELD: BAC, BNO
2026-09-02 17:33:19,405 | INFO | UNIVERSE SCREEN: scope=all | 16/24 affordable at $98.70/position (20% of $493.48 equity)
  OK UNG        $10.56  up to 9 share(s) at $10.56
  OK CANE       $11.69  up to 8 share(s) at $11.69
  OK PPLT       $15.90  up to 6 share(s) at $15.90
  OK CORN       $20.34  up to 4 share(s) at $20.34
  OK PALL       $24.43  up to 4 share(s) at $24.43
  OK DBB        $25.54  up to 3 share(s) at $25.54
  OK SOYB       $27.80  up to 3 share(s) at $27.80
  OK WEAT       $27.97  up to 3 share(s) at $27.97
  OK DBA        $29.31  up to 3 share(s) at $29.31
  OK DBC        $31.97  up to 3 share(s) at $31.97
  OK GSG        $34.93  up to 2 share(s) at $34.93
  OK CPER       $39.44  up to 2 share(s) at $39.44
  OK BNO        $55.92  up to 1 share(s) at $55.92
  OK SLV        $58.67  up to 1 share(s) at $58.67
  OK XLE        $65.02  up to 1 share(s) at $65.02
  OK IAU        $82.12  up to 1 share(s) at $82.12
  -- UGA       $129.73  1 share costs $129.73 but the cap is $98.70 (20% of $493.48)
  -- USO       $141.63  1 share costs $141.63 but the cap is $98.70 (20% of $493.48)
  -- NVDA      $225.29  1 share costs $225.29 but the cap is $98.70 (20% of $493.48)
  -- AMZN      $254.58  1 share costs $254.58 but the cap is $98.70 (20% of $493.48)
  -- AAPL      $324.81  1 share costs $324.81 but the cap is $98.70 (20% of $493.48)
  -- GOOGL     $337.80  1 share costs $337.80 but the cap is $98.70 (20% of $493.48)
  -- GLD       $400.74  1 share costs $400.74 but the cap is $98.70 (20% of $493.48)
  -- MSFT      $496.83  1 share costs $496.83 but the cap is $98.70 (20% of $493.48)
2026-09-02 17:33:19,406 | INFO | TRADING UNIVERSE (17): WEAT, CORN, SOYB, CANE, DBA, UNG, BNO, XLE, SLV, IAU, PPLT, PALL, CPER, DBB, DBC, GSG, BAC
2026-09-02 17:33:19,489 | INFO | EXIT RECONCILE | BAC | ALREADY_PROTECTED | open protective sell order exists
2026-09-02 17:33:19,489 | INFO | EXIT RECONCILE | BNO | ALREADY_PROTECTED | open protective sell order exists
2026-09-02 17:33:19,489 | INFO | EXIT RECONCILE SUMMARY: 2 positions checked, 0 exits attached
2026-09-02 17:33:19,489 | INFO | Generating signals...
YF.download() has changed argument auto_adjust default to True

🔵 Running Bayesian Linear Regression for WEAT...
🟠 Running Gaussian Process for WEAT...

📊 WEAT - Unified Forecast Summary (2026-09-02)
======================================================================
🔵 Bayesian Forecast: 0.0054 ± 0.2045
🟠 GP Forecast:       0.0029 ± 0.0081
🟢 Ensemble Forecast: 0.0029 ± 0.0116
📈 RSI Signal:        SELL (RSI: 84.1)
📊 BB Signal:         SELL (Z-Score: 1.78)
🎯 Final Signal:      SELL (Confidence: 75.0%)
💰 Recommendation:    SELL

💰 Next-Day Closing Price Predictions:
   Current Close:    $27.97
   Bayesian:         $28.12 ($22.40 - $33.84)
   GP:               $28.05 ($27.82 - $28.28)
   Ensemble:         $28.05 ($27.73 - $28.38)

🔵 Running Bayesian Linear Regression for CORN...
🟠 Running Gaussian Process for CORN...

📊 CORN - Unified Forecast Summary (2026-09-02)
======================================================================
🔵 Bayesian Forecast: 0.0064 ± 0.2053
🟠 GP Forecast:       0.0053 ± 0.0064
🟢 Ensemble Forecast: 0.0053 ± 0.0093
📈 RSI Signal:        SELL (RSI: 87.0)
📊 BB Signal:         SELL (Z-Score: 1.61)
🎯 Final Signal:      SELL (Confidence: 75.0%)
💰 Recommendation:    SELL

💰 Next-Day Closing Price Predictions:
   Current Close:    $20.34
   Bayesian:         $20.48 ($16.30 - $24.65)
   GP:               $20.45 ($20.32 - $20.58)
   Ensemble:         $20.45 ($20.26 - $20.64)

🔵 Running Bayesian Linear Regression for SOYB...
🟠 Running Gaussian Process for SOYB...

📊 SOYB - Unified Forecast Summary (2026-09-02)
======================================================================
🔵 Bayesian Forecast: 0.0051 ± 0.2037
🟠 GP Forecast:       0.0007 ± 0.0073
🟢 Ensemble Forecast: 0.0007 ± 0.0105
📈 RSI Signal:        SELL (RSI: 87.6)
📊 BB Signal:         SELL (Z-Score: 2.00)
🎯 Final Signal:      SELL (Confidence: 75.0%)
💰 Recommendation:    SELL

💰 Next-Day Closing Price Predictions:
   Current Close:    $27.80
   Bayesian:         $27.94 ($22.27 - $33.60)
   GP:               $27.82 ($27.61 - $28.02)
   Ensemble:         $27.82 ($27.52 - $28.11)

🔵 Running Bayesian Linear Regression for CANE...
🟠 Running Gaussian Process for CANE...

📊 CANE - Unified Forecast Summary (2026-09-02)
======================================================================
🔵 Bayesian Forecast: 0.0097 ± 0.2030
🟠 GP Forecast:       0.0015 ± 0.0055
🟢 Ensemble Forecast: 0.0015 ± 0.0081
📈 RSI Signal:        SELL (RSI: 86.9)
📊 BB Signal:         SELL (Z-Score: 1.74)
🎯 Final Signal:      SELL (Confidence: 75.0%)
💰 Recommendation:    SELL

💰 Next-Day Closing Price Predictions:
   Current Close:    $11.69
   Bayesian:         $11.80 ($9.43 - $14.18)
   GP:               $11.71 ($11.64 - $11.77)
   Ensemble:         $11.71 ($11.61 - $11.80)

🔵 Running Bayesian Linear Regression for DBA...
🟠 Running Gaussian Process for DBA...

📊 DBA - Unified Forecast Summary (2026-09-02)
======================================================================
🔵 Bayesian Forecast: 0.0029 ± 0.2020
🟠 GP Forecast:       0.0006 ± 0.0057
🟢 Ensemble Forecast: 0.0006 ± 0.0082
📈 RSI Signal:        SELL (RSI: 87.9)
📊 BB Signal:         SELL (Z-Score: 1.75)
🎯 Final Signal:      SELL (Confidence: 75.0%)
💰 Recommendation:    SELL

💰 Next-Day Closing Price Predictions:
   Current Close:    $29.31
   Bayesian:         $29.39 ($23.47 - $35.31)
   GP:               $29.32 ($29.16 - $29.49)
   Ensemble:         $29.32 ($29.08 - $29.56)

🔵 Running Bayesian Linear Regression for UNG...
🟠 Running Gaussian Process for UNG...

📊 UNG - Unified Forecast Summary (2026-09-02)
======================================================================
🔵 Bayesian Forecast: 0.0247 ± 0.2029
🟠 GP Forecast:       -0.0014 ± 0.0034
🟢 Ensemble Forecast: -0.0014 ± 0.0054
📈 RSI Signal:        HOLD (RSI: 64.7)
📊 BB Signal:         SELL (Z-Score: 1.56)
🎯 Final Signal:      HOLD (Confidence: 50.0%)
💰 Recommendation:    HOLD

💰 Next-Day Closing Price Predictions:
   Current Close:    $10.56
   Bayesian:         $10.83 ($8.68 - $12.97)
   GP:               $10.55 ($10.51 - $10.59)
   Ensemble:         $10.55 ($10.49 - $10.61)

🔵 Running Bayesian Linear Regression for BNO...
🟠 Running Gaussian Process for BNO...

📊 BNO - Unified Forecast Summary (2026-09-02)
======================================================================
🔵 Bayesian Forecast: 0.0147 ± 0.2033
🟠 GP Forecast:       0.0043 ± 0.0077
🟢 Ensemble Forecast: 0.0044 ± 0.0111
📈 RSI Signal:        SELL (RSI: 77.0)
📊 BB Signal:         SELL (Z-Score: 1.76)
🎯 Final Signal:      SELL (Confidence: 75.0%)
💰 Recommendation:    SELL

💰 Next-Day Closing Price Predictions:
   Current Close:    $55.92
   Bayesian:         $56.74 ($45.37 - $68.11)
   GP:               $56.16 ($55.73 - $56.59)
   Ensemble:         $56.16 ($55.54 - $56.78)

🔵 Running Bayesian Linear Regression for XLE...
🟠 Running Gaussian Process for XLE...

📊 XLE - Unified Forecast Summary (2026-09-02)
======================================================================
🔵 Bayesian Forecast: 0.0063 ± 0.2015
🟠 GP Forecast:       0.0017 ± 0.0039
🟢 Ensemble Forecast: 0.0017 ± 0.0059
📈 RSI Signal:        SELL (RSI: 78.5)
📊 BB Signal:         HOLD (Z-Score: 1.42)
🎯 Final Signal:      HOLD (Confidence: 50.0%)
💰 Recommendation:    HOLD

💰 Next-Day Closing Price Predictions:
   Current Close:    $65.02
   Bayesian:         $65.43 ($52.33 - $78.53)
   GP:               $65.13 ($64.87 - $65.38)
   Ensemble:         $65.13 ($64.75 - $65.51)

🔵 Running Bayesian Linear Regression for SLV...
🟠 Running Gaussian Process for SLV...

📊 SLV - Unified Forecast Summary (2026-09-02)
======================================================================
🔵 Bayesian Forecast: 0.0017 ± 0.2015
🟠 GP Forecast:       0.0107 ± 0.0066
🟢 Ensemble Forecast: 0.0107 ± 0.0096
📈 RSI Signal:        HOLD (RSI: 35.7)
📊 BB Signal:         HOLD (Z-Score: -0.52)
🎯 Final Signal:      BUY (Confidence: 75.0%)
💰 Recommendation:    BUY

💰 Next-Day Closing Price Predictions:
   Current Close:    $58.67
   Bayesian:         $58.77 ($46.95 - $70.59)
   GP:               $59.29 ($58.91 - $59.68)
   Ensemble:         $59.29 ($58.73 - $59.85)

🔵 Running Bayesian Linear Regression for IAU...
🟠 Running Gaussian Process for IAU...

📊 IAU - Unified Forecast Summary (2026-09-02)
======================================================================
🔵 Bayesian Forecast: 0.0000 ± 0.2019
🟠 GP Forecast:       0.0055 ± 0.0074
🟢 Ensemble Forecast: 0.0055 ± 0.0107
📈 RSI Signal:        HOLD (RSI: 42.7)
📊 BB Signal:         HOLD (Z-Score: -0.68)
🎯 Final Signal:      HOLD (Confidence: 50.0%)
💰 Recommendation:    HOLD

💰 Next-Day Closing Price Predictions:
   Current Close:    $82.14
   Bayesian:         $82.14 ($65.55 - $98.72)
   GP:               $82.59 ($81.98 - $83.20)
   Ensemble:         $82.59 ($81.71 - $83.46)

🔵 Running Bayesian Linear Regression for PPLT...
🟠 Running Gaussian Process for PPLT...

📊 PPLT - Unified Forecast Summary (2026-09-02)
======================================================================
🔵 Bayesian Forecast: 0.0019 ± 0.2017
🟠 GP Forecast:       0.0085 ± 0.0079
🟢 Ensemble Forecast: 0.0085 ± 0.0113
📈 RSI Signal:        HOLD (RSI: 52.7)
📊 BB Signal:         HOLD (Z-Score: -0.53)
🎯 Final Signal:      HOLD (Confidence: 50.0%)
💰 Recommendation:    HOLD

💰 Next-Day Closing Price Predictions:
   Current Close:    $15.90
   Bayesian:         $15.93 ($12.72 - $19.14)
   GP:               $16.04 ($15.91 - $16.16)
   Ensemble:         $16.04 ($15.86 - $16.21)

🔵 Running Bayesian Linear Regression for PALL...
🟠 Running Gaussian Process for PALL...

📊 PALL - Unified Forecast Summary (2026-09-02)
======================================================================
🔵 Bayesian Forecast: 0.0085 ± 0.2035
🟠 GP Forecast:       0.0255 ± 0.0101
🟢 Ensemble Forecast: 0.0254 ± 0.0146
📈 RSI Signal:        HOLD (RSI: 55.6)
📊 BB Signal:         HOLD (Z-Score: -0.04)
🎯 Final Signal:      BUY (Confidence: 75.0%)
💰 Recommendation:    BUY

💰 Next-Day Closing Price Predictions:
   Current Close:    $24.43
   Bayesian:         $24.64 ($19.67 - $29.62)
   GP:               $25.06 ($24.81 - $25.30)
   Ensemble:         $25.06 ($24.70 - $25.41)

🔵 Running Bayesian Linear Regression for CPER...
🟠 Running Gaussian Process for CPER...

📊 CPER - Unified Forecast Summary (2026-09-02)
======================================================================
🔵 Bayesian Forecast: -0.0063 ± 0.2016
🟠 GP Forecast:       0.0045 ± 0.0047
🟢 Ensemble Forecast: 0.0045 ± 0.0070
📈 RSI Signal:        HOLD (RSI: 32.9)
📊 BB Signal:         HOLD (Z-Score: -1.06)
🎯 Final Signal:      HOLD (Confidence: 50.0%)
💰 Recommendation:    HOLD

💰 Next-Day Closing Price Predictions:
   Current Close:    $39.44
   Bayesian:         $39.19 ($31.24 - $47.14)
   GP:               $39.61 ($39.42 - $39.80)
   Ensemble:         $39.61 ($39.33 - $39.89)

🔵 Running Bayesian Linear Regression for DBB...
🟠 Running Gaussian Process for DBB...

📊 DBB - Unified Forecast Summary (2026-09-02)
======================================================================
🔵 Bayesian Forecast: 0.0006 ± 0.2021
🟠 GP Forecast:       0.0005 ± 0.0037
🟢 Ensemble Forecast: 0.0005 ± 0.0056
📈 RSI Signal:        HOLD (RSI: 60.9)
📊 BB Signal:         HOLD (Z-Score: 0.39)
🎯 Final Signal:      HOLD (Confidence: 50.0%)
💰 Recommendation:    HOLD

💰 Next-Day Closing Price Predictions:
   Current Close:    $25.54
   Bayesian:         $25.55 ($20.39 - $30.72)
   GP:               $25.55 ($25.46 - $25.65)
   Ensemble:         $25.55 ($25.41 - $25.70)

🔵 Running Bayesian Linear Regression for DBC...
🟠 Running Gaussian Process for DBC...

📊 DBC - Unified Forecast Summary (2026-09-02)
======================================================================
🔵 Bayesian Forecast: 0.0077 ± 0.2017
🟠 GP Forecast:       0.0016 ± 0.0045
🟢 Ensemble Forecast: 0.0016 ± 0.0067
📈 RSI Signal:        SELL (RSI: 80.1)
📊 BB Signal:         SELL (Z-Score: 1.75)
🎯 Final Signal:      SELL (Confidence: 75.0%)
💰 Recommendation:    SELL

💰 Next-Day Closing Price Predictions:
   Current Close:    $31.97
   Bayesian:         $32.22 ($25.77 - $38.67)
   GP:               $32.02 ($31.87 - $32.17)
   Ensemble:         $32.02 ($31.81 - $32.24)

🔵 Running Bayesian Linear Regression for GSG...
🟠 Running Gaussian Process for GSG...

📊 GSG - Unified Forecast Summary (2026-09-02)
======================================================================
🔵 Bayesian Forecast: 0.0096 ± 0.2022
🟠 GP Forecast:       0.0016 ± 0.0043
🟢 Ensemble Forecast: 0.0016 ± 0.0065
📈 RSI Signal:        SELL (RSI: 85.2)
📊 BB Signal:         SELL (Z-Score: 1.77)
🎯 Final Signal:      SELL (Confidence: 75.0%)
💰 Recommendation:    SELL

💰 Next-Day Closing Price Predictions:
   Current Close:    $34.93
   Bayesian:         $35.26 ($28.20 - $42.33)
   GP:               $34.99 ($34.84 - $35.14)
   Ensemble:         $34.99 ($34.76 - $35.21)

🔵 Running Bayesian Linear Regression for BAC...
🟠 Running Gaussian Process for BAC...

📊 BAC - Unified Forecast Summary (2026-09-02)
======================================================================
🔵 Bayesian Forecast: -0.0030 ± 0.2009
🟠 GP Forecast:       -0.0016 ± 0.0045
🟢 Ensemble Forecast: -0.0016 ± 0.0066
📈 RSI Signal:        HOLD (RSI: 31.0)
📊 BB Signal:         HOLD (Z-Score: -0.62)
🎯 Final Signal:      HOLD (Confidence: 50.0%)
💰 Recommendation:    HOLD

💰 Next-Day Closing Price Predictions:
   Current Close:    $62.34
   Bayesian:         $62.15 ($49.63 - $74.67)
   GP:               $62.24 ($61.96 - $62.52)
   Ensemble:         $62.24 ($61.83 - $62.65)
2026-09-02 17:33:31,907 | INFO | SIGNAL FILTER | symbol=WEAT | original=SELL | normalized=SELL | confidence=0.8625 | prob_profit=0.6909 | p_dir=0.3091 | decision=REJECT | reason=P(down) 0.3091 < 0.5000
2026-09-02 17:33:31,907 | INFO | SIGNAL FILTER | symbol=CORN | original=SELL | normalized=SELL | confidence=0.8625 | prob_profit=0.8734 | p_dir=0.1266 | decision=REJECT | reason=P(down) 0.1266 < 0.5000
2026-09-02 17:33:31,907 | INFO | SIGNAL FILTER | symbol=SOYB | original=SELL | normalized=SELL | confidence=0.8625 | prob_profit=0.5552 | p_dir=0.4448 | decision=REJECT | reason=P(down) 0.4448 < 0.5000
2026-09-02 17:33:31,907 | INFO | SIGNAL FILTER | symbol=CANE | original=SELL | normalized=SELL | confidence=0.8625 | prob_profit=0.6476 | p_dir=0.3524 | decision=REJECT | reason=P(down) 0.3524 < 0.5000
2026-09-02 17:33:31,907 | INFO | SIGNAL FILTER | symbol=DBA | original=SELL | normalized=SELL | confidence=0.8625 | prob_profit=0.5546 | p_dir=0.4454 | decision=REJECT | reason=P(down) 0.4454 < 0.5000
2026-09-02 17:33:31,907 | INFO | SIGNAL FILTER | symbol=UNG | original=HOLD | normalized=HOLD | confidence=0.4250 | prob_profit=0.2970 | decision=HOLD | reason=explicit HOLD decision retained for logging
2026-09-02 17:33:31,907 | INFO | SIGNAL FILTER | symbol=BNO | original=SELL | normalized=SELL | confidence=0.8625 | prob_profit=0.7841 | p_dir=0.2159 | decision=REJECT | reason=P(down) 0.2159 < 0.5000
2026-09-02 17:33:31,907 | INFO | SIGNAL FILTER | symbol=XLE | original=HOLD | normalized=HOLD | confidence=0.5000 | prob_profit=0.7146 | decision=HOLD | reason=explicit HOLD decision retained for logging
2026-09-02 17:33:31,907 | INFO | SIGNAL FILTER | symbol=SLV | original=BUY | normalized=BUY | confidence=0.7500 | prob_profit=0.9876 | p_dir=0.9876 | decision=PASS | reason=meets confidence and probability thresholds
2026-09-02 17:33:31,907 | INFO | SIGNAL FILTER | symbol=IAU | original=HOLD | normalized=HOLD | confidence=0.5000 | prob_profit=0.8475 | decision=HOLD | reason=explicit HOLD decision retained for logging
2026-09-02 17:33:31,907 | INFO | SIGNAL FILTER | symbol=PPLT | original=HOLD | normalized=HOLD | confidence=0.5000 | prob_profit=0.9336 | decision=HOLD | reason=explicit HOLD decision retained for logging
2026-09-02 17:33:31,907 | INFO | SIGNAL FILTER | symbol=PALL | original=BUY | normalized=BUY | confidence=0.7500 | prob_profit=0.9998 | p_dir=0.9998 | decision=PASS | reason=meets confidence and probability thresholds
2026-09-02 17:33:31,907 | INFO | SIGNAL FILTER | symbol=CPER | original=HOLD | normalized=HOLD | confidence=0.5000 | prob_profit=0.8990 | decision=HOLD | reason=explicit HOLD decision retained for logging
2026-09-02 17:33:31,907 | INFO | SIGNAL FILTER | symbol=DBB | original=HOLD | normalized=HOLD | confidence=0.5000 | prob_profit=0.5729 | decision=HOLD | reason=explicit HOLD decision retained for logging
2026-09-02 17:33:31,907 | INFO | SIGNAL FILTER | symbol=DBC | original=SELL | normalized=SELL | confidence=0.8625 | prob_profit=0.6803 | p_dir=0.3197 | decision=REJECT | reason=P(down) 0.3197 < 0.5000
2026-09-02 17:33:31,907 | INFO | SIGNAL FILTER | symbol=GSG | original=SELL | normalized=SELL | confidence=0.8625 | prob_profit=0.6951 | p_dir=0.3049 | decision=REJECT | reason=P(down) 0.3049 < 0.5000
2026-09-02 17:33:31,907 | INFO | SIGNAL FILTER | symbol=BAC | original=HOLD | normalized=HOLD | confidence=0.5000 | prob_profit=0.3096 | decision=HOLD | reason=explicit HOLD decision retained for logging
2026-09-02 17:33:31,907 | INFO | SIGNALS GENERATED: 17 total, 2 directional candidates, 7 hold decisions
2026-09-02 17:33:31,907 | INFO |   SLV   BUY  conf=0.75 prob=0.99 | precious_metals / physical silver
2026-09-02 17:33:31,907 | INFO |   PALL  BUY  conf=0.75 prob=1.00 | precious_metals / physical palladium
2026-09-02 17:33:31,909 | INFO | THESES SHADOW-LOGGED: 17
2026-09-02 17:33:32,030 | WARNING | Options data unavailable for SLV ({"message":"OPRA agreement is not signed"}
). Using placeholder candidates.
2026-09-02 17:33:32,031 | INFO | OPTIONS CANDIDATES FOR TODAY: SLV -> PUT {'symbol': 'SLV', 'expiration': '2026-10-02', 'strike': None, 'type': 'put', 'delta': None} | CALL {'symbol': 'SLV', 'expiration': '2026-10-02', 'strike': None, 'type': 'call', 'delta': None}
2026-09-02 17:33:32,145 | WARNING | Options data unavailable for PALL ({"message":"OPRA agreement is not signed"}
). Using placeholder candidates.
2026-09-02 17:33:32,146 | INFO | OPTIONS CANDIDATES FOR TODAY: PALL -> PUT {'symbol': 'PALL', 'expiration': '2026-10-02', 'strike': None, 'type': 'put', 'delta': None} | CALL {'symbol': 'PALL', 'expiration': '2026-10-02', 'strike': None, 'type': 'call', 'delta': None}
2026-09-02 17:33:32,146 | INFO | Loading portfolio state...
2026-09-02 17:33:32,222 | INFO | INVERSE ROUTING: nothing to route
  (no directional signals to route)
2026-09-02 17:33:32,223 | INFO | Executing trading cycle...

📋 Pre-trade snapshot:
   Equity source: broker_live
   Account equity: $493.46
   Exposure (invested fraction): 0.3660
   Trades today (executed): 0
   Daily return: 0.0021
   Risk config: exposure=0.3, max_pos=0.2, max_trades/day=3, daily_loss_limit=0.02, paper_mode=True
[INFO] PAPER TRADING MODE: True — executing in paper mode with guardrails enabled.

🎯 SLV: BUY
   Quantity: 1 shares
   Entry: $58.67
   TP: $61.01
   SL: $57.49

[RISK TRACE] SLV
   equity_source_used: broker_live
   account_equity_value: 493.46
   max_position_size_value: 0.2
   computed_max_dollar_position: 98.69
   proposed_order_value: 58.67
   capped_quantity: 1
   final_decision: REJECT
   rejection_reason: Blocked: portfolio exposure limit reached

🎯 PALL: BUY
   Quantity: 1 shares
   Entry: $24.43
   TP: $25.41
   SL: $23.95

[RISK TRACE] PALL
   equity_source_used: broker_live
   account_equity_value: 493.46
   max_position_size_value: 0.2
   computed_max_dollar_position: 98.69
   proposed_order_value: 24.43
   capped_quantity: 4
   final_decision: REJECT
   rejection_reason: Blocked: portfolio exposure limit reached
2026-09-02 17:33:34,216 | INFO | ORDERS ATTEMPTED: 0
2026-09-02 17:33:34,216 | INFO | ORDERS SUBMITTED: 0
2026-09-02 17:33:34,578 | INFO | Decision summary: {'hold': 7, 'rejected': 2}
2026-09-02 17:33:34,578 | INFO | END DAILY TRADING RUN
