2026-09-28 20:20:44,305 | WARNING | EOS FINANCE DOMAINS UNAVAILABLE (ImportError: eos checkout not found at /home/runner/work/finance_project/mcp_server. Set EOS_ROOT to the mcp_server directory to enable the finance domains.). Running on reduced built-in logic only -- this is NOT the configuration backtests are validated under. Set EOS_ROOT to the mcp_server directory to restore it.
2026-09-28 20:20:44,710 | INFO | Failed to extract font properties from /usr/share/fonts/truetype/noto/NotoColorEmoji.ttf: Non-scalable fonts are not supported
2026-09-28 20:20:44,807 | INFO | generated new fontManager
2026-09-28 20:20:45,042 | INFO | START DAILY TRADING RUN
2026-09-28 20:20:45,043 | INFO | DATE/TIME: 2026-09-28T16:20:45.043016-04:00
2026-09-28 20:20:45,387 | INFO | ACCOUNT: equity=$494.32 (source=broker_live) | cash=$494.32 | exposure=0.0%
2026-09-28 20:20:45,465 | INFO | FILL RECONCILE: 31 fills -> 16 round trips, realized P&L $-5.59 (6W/10L, 37.5% win rate), 0 lots still open, 16 rows written
2026-09-28 20:20:45,465 | INFO |   TSLA     1.00 sh  2026-03-24 -> 2026-07-23  $379.74 -> $337.00  P&L $-42.74 (-11.26%, 120d)
2026-09-28 20:20:45,465 | INFO |   BAC      1.00 sh  2026-03-24 -> 2026-09-09  $47.38 -> $62.79  P&L $+15.41 (+32.52%, 169d)
2026-09-28 20:20:45,466 | INFO |   BAC      1.00 sh  2026-03-24 -> 2026-09-11  $47.38 -> $62.54  P&L $+15.16 (+32.00%, 171d)
2026-09-28 20:20:45,466 | INFO |   CORN     1.00 sh  2026-09-09 -> 2026-09-11  $19.91 -> $19.89  P&L $-0.02 (-0.10%, 1d)
2026-09-28 20:20:45,466 | INFO |   KOLD     1.00 sh  2026-09-15 -> 2026-09-15  $28.63 -> $28.34  P&L $-0.29 (-1.01%, 0d)
2026-09-28 20:20:45,466 | INFO |   CPER     1.00 sh  2026-09-11 -> 2026-09-17  $39.27 -> $39.89  P&L $+0.62 (+1.58%, 6d)
2026-09-28 20:20:45,466 | INFO |   BNO      1.00 sh  2026-08-13 -> 2026-09-17  $49.60 -> $61.30  P&L $+11.70 (+23.59%, 35d)
2026-09-28 20:20:45,466 | INFO |   KOLD     1.00 sh  2026-09-16 -> 2026-09-18  $29.39 -> $28.97  P&L $-0.42 (-1.43%, 1d)
2026-09-28 20:20:45,466 | INFO |   GSG      1.00 sh  2026-09-16 -> 2026-09-21  $36.72 -> $35.97  P&L $-0.75 (-2.04%, 4d)
2026-09-28 20:20:45,466 | INFO |   DBC      1.00 sh  2026-09-16 -> 2026-09-21  $33.27 -> $32.54  P&L $-0.73 (-2.19%, 4d)
2026-09-28 20:20:45,466 | INFO |   PALL     1.00 sh  2026-09-17 -> 2026-09-21  $23.36 -> $23.57  P&L $+0.21 (+0.90%, 3d)
2026-09-28 20:20:45,466 | INFO |   PPLT     1.00 sh  2026-09-17 -> 2026-09-23  $16.17 -> $15.99  P&L $-0.18 (-1.11%, 5d)
2026-09-28 20:20:45,466 | INFO |   SLV      1.00 sh  2026-09-22 -> 2026-09-24  $59.76 -> $57.24  P&L $-2.52 (-4.22%, 1d)
2026-09-28 20:20:45,466 | INFO |   PALL     1.00 sh  2026-09-22 -> 2026-09-25  $23.48 -> $22.67  P&L $-0.81 (-3.45%, 2d)
2026-09-28 20:20:45,466 | INFO |   KOLD     1.00 sh  2026-09-24 -> 2026-09-25  $22.92 -> $24.80  P&L $+1.88 (+8.20%, 1d)
2026-09-28 20:20:45,467 | INFO |   IAU      1.00 sh  2026-09-24 -> 2026-09-28  $80.04 -> $77.93  P&L $-2.11 (-2.64%, 3d)
2026-09-28 20:20:47,159 | INFO | UNIVERSE SCREEN: scope=all | 16/24 affordable at $98.86/position (20% of $494.32 equity)
  OK UNG        $10.79  up to 9 share(s) at $10.79
  OK CANE       $11.23  up to 8 share(s) at $11.23
  OK PPLT       $15.57  up to 6 share(s) at $15.57
  OK CORN       $19.53  up to 5 share(s) at $19.53
  OK PALL       $22.01  up to 4 share(s) at $22.01
  OK WEAT       $24.97  up to 3 share(s) at $24.97
  OK DBB        $25.50  up to 3 share(s) at $25.50
  OK SOYB       $27.35  up to 3 share(s) at $27.35
  OK DBA        $28.25  up to 3 share(s) at $28.25
  OK DBC        $32.49  up to 3 share(s) at $32.49
  OK GSG        $35.69  up to 2 share(s) at $35.69
  OK CPER       $39.68  up to 2 share(s) at $39.68
  OK SLV        $54.95  up to 1 share(s) at $54.95
  OK BNO        $60.33  up to 1 share(s) at $60.33
  OK XLE        $62.10  up to 1 share(s) at $62.10
  OK IAU        $77.50  up to 1 share(s) at $77.50
  -- UGA       $141.97  1 share costs $141.97 but the cap is $98.86 (20% of $494.32)
  -- USO       $150.01  1 share costs $150.01 but the cap is $98.86 (20% of $494.32)
  -- NVDA      $228.86  1 share costs $228.86 but the cap is $98.86 (20% of $494.32)
  -- AMZN      $246.15  1 share costs $246.15 but the cap is $98.86 (20% of $494.32)
  -- AAPL      $338.40  1 share costs $338.40 but the cap is $98.86 (20% of $494.32)
  -- GOOGL     $342.75  1 share costs $342.75 but the cap is $98.86 (20% of $494.32)
  -- GLD       $377.91  1 share costs $377.91 but the cap is $98.86 (20% of $494.32)
  -- MSFT      $509.22  1 share costs $509.22 but the cap is $98.86 (20% of $494.32)
2026-09-28 20:20:47,159 | INFO | TRADING UNIVERSE (16): WEAT, CORN, SOYB, CANE, DBA, UNG, BNO, XLE, SLV, IAU, PPLT, PALL, CPER, DBB, DBC, GSG
2026-09-28 20:20:47,183 | INFO | EXIT RECONCILE SUMMARY: 0 positions checked, 0 exits attached
2026-09-28 20:20:47,298 | INFO | scored WEAT: 1 row(s)
2026-09-28 20:20:47,374 | INFO | scored CORN: 1 row(s)
2026-09-28 20:20:47,452 | INFO | scored SOYB: 1 row(s)
2026-09-28 20:20:47,535 | INFO | scored CANE: 1 row(s)
2026-09-28 20:20:47,618 | INFO | scored DBA: 1 row(s)
2026-09-28 20:20:47,732 | INFO | scored KOLD: 2 row(s)
2026-09-28 20:20:47,803 | INFO | scored BNO: 1 row(s)
2026-09-28 20:20:47,902 | INFO | scored XLE: 1 row(s)
2026-09-28 20:20:47,969 | INFO | scored SLV: 1 row(s)
2026-09-28 20:20:48,039 | INFO | scored IAU: 1 row(s)
2026-09-28 20:20:48,110 | INFO | scored PPLT: 1 row(s)
2026-09-28 20:20:48,187 | INFO | scored PALL: 1 row(s)
2026-09-28 20:20:48,257 | INFO | scored CPER: 1 row(s)
2026-09-28 20:20:48,343 | INFO | scored DBB: 1 row(s)
2026-09-28 20:20:48,449 | INFO | scored DBC: 1 row(s)
2026-09-28 20:20:48,549 | INFO | scored GSG: 1 row(s)
2026-09-28 20:20:48,551 | INFO | MODEL SCORING: 17 prediction(s) graded against realized returns
2026-09-28 20:20:48,576 | INFO | COMPONENT ACCURACY (all history):
  base rate: the market rose on 51.6% of 24351 scored observations — beat this, not 50%
  component         n     acc            95% CI  verdict
  --------------------------------------------------------------
  Bollinger      6750   50.0%   [ 48.8%,  51.1%]  indistinguishable from a coin flip
  Bayesian      24351   49.2%   [ 48.6%,  49.8%]  WORSE than chance
  GaussianProc  24351   50.8%   [ 50.2%,  51.4%]  beats 50% but NOT the 51.6% base rate
  RSI            5861   51.4%   [ 50.2%,  52.7%]  beats 50% but NOT the 51.6% base rate
  ENSEMBLE       4641   50.9%   [ 49.5%,  52.4%]  indistinguishable from a coin flip
2026-09-28 20:20:48,921 | INFO | CALIBRATION: refit from 24342 matched prediction(s), saved to trade_logs/calibration.json
2026-09-28 20:20:49,594 | INFO | NEWS SCORING: 9 event(s) graded against realized returns
2026-09-28 20:20:49,595 | INFO | NEWS DIFFUSION ACCURACY (all history):
  base rate: the market rose on 44.8% of 248 scored news-linked observations
  match_type    n     acc            95% CI  verdict
  ----------------------------------------------------------
  explicit     21    9.5%   [  0.0%,  22.1%]  WORSE than chance
  theme        71   38.0%   [ 26.7%,  49.3%]  WORSE than chance
2026-09-28 20:20:49,659 | INFO | NEWS DIFFUSION: 7 event(s) across 11 symbol(s)
2026-09-28 20:20:49,659 | INFO | NEWS EVENT | symbol=XLE | match=explicit | polarity=neutral (0.00) | themes=- | $700 Billion S&P 500 Sell-Off Meets $100 Oil: Are Investors Rotating Into Value ETFs?
2026-09-28 20:20:49,659 | INFO | NEWS EVENT | symbol=BNO | match=explicit | polarity=bullish (1.00) | themes=geopolitical_supply_shock | Oil is trading higher following reports suggesting President Trump rejected Iran's plan to reopen the Strait of Hormuz a
2026-09-28 20:20:49,659 | INFO | NEWS EVENT | symbol=WEAT | match=theme | polarity=bullish (1.00) | themes=geopolitical_supply_shock | Oil is trading higher following reports suggesting President Trump rejected Iran's plan to reopen the Strait of Hormuz a
2026-09-28 20:20:49,659 | INFO | NEWS EVENT | symbol=CORN | match=theme | polarity=bullish (1.00) | themes=geopolitical_supply_shock | Oil is trading higher following reports suggesting President Trump rejected Iran's plan to reopen the Strait of Hormuz a
2026-09-28 20:20:49,659 | INFO | NEWS EVENT | symbol=UNG | match=theme | polarity=bullish (1.00) | themes=geopolitical_supply_shock | Oil is trading higher following reports suggesting President Trump rejected Iran's plan to reopen the Strait of Hormuz a
2026-09-28 20:20:49,659 | INFO | NEWS EVENT | symbol=IAU | match=theme | polarity=bullish (1.00) | themes=geopolitical_supply_shock | Oil is trading higher following reports suggesting President Trump rejected Iran's plan to reopen the Strait of Hormuz a
2026-09-28 20:20:49,659 | INFO | NEWS EVENT | symbol=XLE | match=explicit | polarity=bullish (0.33) | themes=- | Nasdaq 100 Sinks, Oil Rallies as Trump Rejects Iran's Hormuz Plan: Stock Market Today
2026-09-28 20:20:49,659 | INFO | NEWS EVENT | symbol=XLE | match=explicit | polarity=neutral (0.00) | themes=- | 8 Of 11 Sectors Fall In Monday Trading As Defensives Lead
2026-09-28 20:20:49,659 | INFO | NEWS EVENT | symbol=SLV | match=explicit | polarity=neutral (0.00) | themes=inflation_hedge | Why Are Precious Metal Stocks Falling Today?
2026-09-28 20:20:49,659 | INFO | NEWS EVENT | symbol=IAU | match=explicit | polarity=neutral (0.00) | themes=inflation_hedge | Why Are Precious Metal Stocks Falling Today?
2026-09-28 20:20:49,659 | INFO | NEWS EVENT | symbol=DBA | match=theme | polarity=neutral (0.00) | themes=inflation_hedge | Why Are Precious Metal Stocks Falling Today?
2026-09-28 20:20:49,659 | INFO | NEWS EVENT | symbol=PPLT | match=theme | polarity=neutral (0.00) | themes=inflation_hedge | Why Are Precious Metal Stocks Falling Today?
2026-09-28 20:20:49,659 | INFO | NEWS EVENT | symbol=DBC | match=theme | polarity=neutral (0.00) | themes=inflation_hedge | Why Are Precious Metal Stocks Falling Today?
2026-09-28 20:20:49,659 | INFO | NEWS EVENT | symbol=GSG | match=theme | polarity=neutral (0.00) | themes=inflation_hedge | Why Are Precious Metal Stocks Falling Today?
2026-09-28 20:20:49,659 | INFO | NEWS EVENT | symbol=IAU | match=explicit | polarity=bullish (1.00) | themes=- | Gold Bull Run Looks Finished—Unless You Look Closer
2026-09-28 20:20:49,659 | INFO | NEWS EVENT | symbol=UNG | match=explicit | polarity=neutral (0.00) | themes=- | Reported Earlier, 'Iran Is Pressed to Make Nuclear Concessions to Revive Peace Talks With U.S.' - WSJ
2026-09-28 20:20:49,662 | INFO | NEWS DIFFUSION: 16 new event(s) persisted for scoring
2026-09-28 20:20:49,662 | INFO | Generating signals...
YF.download() has changed argument auto_adjust default to True

🔵 Running Bayesian Linear Regression for WEAT...
🟠 Running Gaussian Process for WEAT...

📊 WEAT - Unified Forecast Summary (2026-09-28)
======================================================================
🔵 Bayesian Forecast: -0.0130 ± 0.2036
🟠 GP Forecast:       0.0059 ± 0.0040
🟢 Ensemble Forecast: 0.0059 ± 0.0061
📈 RSI Signal:        HOLD (RSI: 53.4)
📊 BB Signal:         BUY (Z-Score: -1.82)
🎯 Final Signal:      BUY (Confidence: 75.0%)
💰 Recommendation:    BUY

💰 Next-Day Closing Price Predictions:
   Current Close:    $24.97
   Bayesian:         $24.65 ($19.56 - $29.73)
   GP:               $25.12 ($25.02 - $25.22)
   Ensemble:         $25.12 ($24.97 - $25.27)

🔵 Running Bayesian Linear Regression for CORN...
🟠 Running Gaussian Process for CORN...

📊 CORN - Unified Forecast Summary (2026-09-28)
======================================================================
🔵 Bayesian Forecast: -0.0098 ± 0.2059
🟠 GP Forecast:       0.0027 ± 0.0052
🟢 Ensemble Forecast: 0.0027 ± 0.0077
📈 RSI Signal:        HOLD (RSI: 66.7)
📊 BB Signal:         BUY (Z-Score: -2.05)
🎯 Final Signal:      HOLD (Confidence: 50.0%)
💰 Recommendation:    HOLD

💰 Next-Day Closing Price Predictions:
   Current Close:    $19.53
   Bayesian:         $19.34 ($15.32 - $23.36)
   GP:               $19.58 ($19.48 - $19.68)
   Ensemble:         $19.58 ($19.43 - $19.73)

🔵 Running Bayesian Linear Regression for SOYB...
🟠 Running Gaussian Process for SOYB...

📊 SOYB - Unified Forecast Summary (2026-09-28)
======================================================================
🔵 Bayesian Forecast: -0.0070 ± 0.2053
🟠 GP Forecast:       0.0031 ± 0.0043
🟢 Ensemble Forecast: 0.0031 ± 0.0064
📈 RSI Signal:        HOLD (RSI: 52.0)
📊 BB Signal:         BUY (Z-Score: -1.77)
🎯 Final Signal:      HOLD (Confidence: 50.0%)
💰 Recommendation:    HOLD

💰 Next-Day Closing Price Predictions:
   Current Close:    $27.35
   Bayesian:         $27.16 ($21.54 - $32.77)
   GP:               $27.43 ($27.32 - $27.55)
   Ensemble:         $27.43 ($27.26 - $27.61)

🔵 Running Bayesian Linear Regression for CANE...
🟠 Running Gaussian Process for CANE...

📊 CANE - Unified Forecast Summary (2026-09-28)
======================================================================
🔵 Bayesian Forecast: -0.0039 ± 0.2009
🟠 GP Forecast:       0.0019 ± 0.0047
🟢 Ensemble Forecast: 0.0019 ± 0.0069
📈 RSI Signal:        HOLD (RSI: 33.4)
📊 BB Signal:         HOLD (Z-Score: -0.75)
🎯 Final Signal:      HOLD (Confidence: 50.0%)
💰 Recommendation:    HOLD

💰 Next-Day Closing Price Predictions:
   Current Close:    $11.23
   Bayesian:         $11.19 ($8.93 - $13.44)
   GP:               $11.25 ($11.20 - $11.30)
   Ensemble:         $11.25 ($11.17 - $11.33)

🔵 Running Bayesian Linear Regression for DBA...
🟠 Running Gaussian Process for DBA...

📊 DBA - Unified Forecast Summary (2026-09-28)
======================================================================
🔵 Bayesian Forecast: -0.0062 ± 0.2036
🟠 GP Forecast:       0.0002 ± 0.0059
🟢 Ensemble Forecast: 0.0002 ± 0.0086
📈 RSI Signal:        HOLD (RSI: 48.1)
📊 BB Signal:         BUY (Z-Score: -1.58)
🎯 Final Signal:      HOLD (Confidence: 50.0%)
💰 Recommendation:    HOLD

💰 Next-Day Closing Price Predictions:
   Current Close:    $28.25
   Bayesian:         $28.07 ($22.32 - $33.83)
   GP:               $28.26 ($28.09 - $28.42)
   Ensemble:         $28.26 ($28.01 - $28.50)

🔵 Running Bayesian Linear Regression for UNG...
🟠 Running Gaussian Process for UNG...

📊 UNG - Unified Forecast Summary (2026-09-28)
======================================================================
🔵 Bayesian Forecast: 0.0020 ± 0.2055
🟠 GP Forecast:       -0.0083 ± 0.0117
🟢 Ensemble Forecast: -0.0082 ± 0.0167
📈 RSI Signal:        SELL (RSI: 84.4)
📊 BB Signal:         HOLD (Z-Score: 0.64)
🎯 Final Signal:      HOLD (Confidence: 50.0%)
💰 Recommendation:    HOLD

💰 Next-Day Closing Price Predictions:
   Current Close:    $10.79
   Bayesian:         $10.81 ($8.59 - $13.03)
   GP:               $10.70 ($10.57 - $10.83)
   Ensemble:         $10.70 ($10.52 - $10.88)

🔵 Running Bayesian Linear Regression for BNO...
🟠 Running Gaussian Process for BNO...

📊 BNO - Unified Forecast Summary (2026-09-28)
======================================================================
🔵 Bayesian Forecast: 0.0018 ± 0.2020
🟠 GP Forecast:       -0.0191 ± 0.0088
🟢 Ensemble Forecast: -0.0190 ± 0.0127
📈 RSI Signal:        HOLD (RSI: 52.1)
📊 BB Signal:         HOLD (Z-Score: 0.36)
🎯 Final Signal:      SELL (Confidence: 75.0%)
💰 Recommendation:    SELL

💰 Next-Day Closing Price Predictions:
   Current Close:    $60.33
   Bayesian:         $60.44 ($48.25 - $72.63)
   GP:               $59.18 ($58.65 - $59.71)
   Ensemble:         $59.18 ($58.42 - $59.95)

🔵 Running Bayesian Linear Regression for XLE...
🟠 Running Gaussian Process for XLE...

📊 XLE - Unified Forecast Summary (2026-09-28)
======================================================================
🔵 Bayesian Forecast: -0.0075 ± 0.2021
🟠 GP Forecast:       -0.0004 ± 0.0064
🟢 Ensemble Forecast: -0.0004 ± 0.0093
📈 RSI Signal:        HOLD (RSI: 34.1)
📊 BB Signal:         HOLD (Z-Score: -1.45)
🎯 Final Signal:      HOLD (Confidence: 50.0%)
💰 Recommendation:    HOLD

💰 Next-Day Closing Price Predictions:
   Current Close:    $62.10
   Bayesian:         $61.63 ($49.08 - $74.18)
   GP:               $62.07 ($61.68 - $62.47)
   Ensemble:         $62.07 ($61.50 - $62.65)

🔵 Running Bayesian Linear Regression for SLV...
🟠 Running Gaussian Process for SLV...

📊 SLV - Unified Forecast Summary (2026-09-28)
======================================================================
🔵 Bayesian Forecast: -0.0443 ± 0.2051
🟠 GP Forecast:       -0.0103 ± 0.0047
🟢 Ensemble Forecast: -0.0103 ± 0.0071
📈 RSI Signal:        HOLD (RSI: 41.2)
📊 BB Signal:         BUY (Z-Score: -2.43)
🎯 Final Signal:      SELL (Confidence: 75.0%)
💰 Recommendation:    SELL

💰 Next-Day Closing Price Predictions:
   Current Close:    $54.95
   Bayesian:         $52.51 ($41.25 - $63.78)
   GP:               $54.38 ($54.13 - $54.64)
   Ensemble:         $54.38 ($53.99 - $54.77)

🔵 Running Bayesian Linear Regression for IAU...
🟠 Running Gaussian Process for IAU...

📊 IAU - Unified Forecast Summary (2026-09-28)
======================================================================
🔵 Bayesian Forecast: -0.0199 ± 0.2035
🟠 GP Forecast:       -0.0055 ± 0.0035
🟢 Ensemble Forecast: -0.0055 ± 0.0053
📈 RSI Signal:        HOLD (RSI: 30.2)
📊 BB Signal:         BUY (Z-Score: -2.76)
🎯 Final Signal:      SELL (Confidence: 75.0%)
💰 Recommendation:    SELL

💰 Next-Day Closing Price Predictions:
   Current Close:    $77.50
   Bayesian:         $75.96 ($60.19 - $91.73)
   GP:               $77.07 ($76.80 - $77.34)
   Ensemble:         $77.07 ($76.66 - $77.49)

🔵 Running Bayesian Linear Regression for PPLT...
🟠 Running Gaussian Process for PPLT...

📊 PPLT - Unified Forecast Summary (2026-09-28)
======================================================================
🔵 Bayesian Forecast: -0.0289 ± 0.2035
🟠 GP Forecast:       -0.0054 ± 0.0052
🟢 Ensemble Forecast: -0.0054 ± 0.0078
📈 RSI Signal:        HOLD (RSI: 41.3)
📊 BB Signal:         BUY (Z-Score: -1.71)
🎯 Final Signal:      HOLD (Confidence: 50.0%)
💰 Recommendation:    HOLD

💰 Next-Day Closing Price Predictions:
   Current Close:    $15.57
   Bayesian:         $15.12 ($11.95 - $18.29)
   GP:               $15.49 ($15.40 - $15.57)
   Ensemble:         $15.49 ($15.36 - $15.61)

🔵 Running Bayesian Linear Regression for PALL...
🟠 Running Gaussian Process for PALL...

📊 PALL - Unified Forecast Summary (2026-09-28)
======================================================================
🔵 Bayesian Forecast: -0.0279 ± 0.2024
🟠 GP Forecast:       -0.0070 ± 0.0044
🟢 Ensemble Forecast: -0.0070 ± 0.0067
📈 RSI Signal:        HOLD (RSI: 39.6)
📊 BB Signal:         BUY (Z-Score: -1.94)
🎯 Final Signal:      SELL (Confidence: 75.0%)
💰 Recommendation:    SELL

💰 Next-Day Closing Price Predictions:
   Current Close:    $22.01
   Bayesian:         $21.40 ($16.94 - $25.85)
   GP:               $21.86 ($21.76 - $21.95)
   Ensemble:         $21.86 ($21.71 - $22.00)

🔵 Running Bayesian Linear Regression for CPER...
🟠 Running Gaussian Process for CPER...

📊 CPER - Unified Forecast Summary (2026-09-28)
======================================================================
🔵 Bayesian Forecast: -0.0035 ± 0.2012
🟠 GP Forecast:       -0.0058 ± 0.0054
🟢 Ensemble Forecast: -0.0058 ± 0.0079
📈 RSI Signal:        HOLD (RSI: 50.4)
📊 BB Signal:         HOLD (Z-Score: -0.22)
🎯 Final Signal:      HOLD (Confidence: 50.0%)
💰 Recommendation:    HOLD

💰 Next-Day Closing Price Predictions:
   Current Close:    $39.68
   Bayesian:         $39.54 ($31.56 - $47.52)
   GP:               $39.45 ($39.24 - $39.67)
   Ensemble:         $39.45 ($39.14 - $39.77)

🔵 Running Bayesian Linear Regression for DBB...
🟠 Running Gaussian Process for DBB...

📊 DBB - Unified Forecast Summary (2026-09-28)
======================================================================
🔵 Bayesian Forecast: -0.0054 ± 0.2020
🟠 GP Forecast:       -0.0005 ± 0.0044
🟢 Ensemble Forecast: -0.0005 ± 0.0066
📈 RSI Signal:        HOLD (RSI: 58.8)
📊 BB Signal:         HOLD (Z-Score: -0.52)
🎯 Final Signal:      HOLD (Confidence: 50.0%)
💰 Recommendation:    HOLD

💰 Next-Day Closing Price Predictions:
   Current Close:    $25.50
   Bayesian:         $25.36 ($20.21 - $30.51)
   GP:               $25.49 ($25.37 - $25.60)
   Ensemble:         $25.49 ($25.32 - $25.66)

🔵 Running Bayesian Linear Regression for DBC...
🟠 Running Gaussian Process for DBC...

📊 DBC - Unified Forecast Summary (2026-09-28)
======================================================================
🔵 Bayesian Forecast: -0.0026 ± 0.2015
🟠 GP Forecast:       -0.0047 ± 0.0047
🟢 Ensemble Forecast: -0.0047 ± 0.0070
📈 RSI Signal:        HOLD (RSI: 49.6)
📊 BB Signal:         HOLD (Z-Score: -0.27)
🎯 Final Signal:      HOLD (Confidence: 50.0%)
💰 Recommendation:    HOLD

💰 Next-Day Closing Price Predictions:
   Current Close:    $32.49
   Bayesian:         $32.40 ($25.86 - $38.95)
   GP:               $32.34 ($32.18 - $32.49)
   Ensemble:         $32.34 ($32.11 - $32.56)

🔵 Running Bayesian Linear Regression for GSG...
🟠 Running Gaussian Process for GSG...

📊 GSG - Unified Forecast Summary (2026-09-28)
======================================================================
🔵 Bayesian Forecast: -0.0026 ± 0.2015
🟠 GP Forecast:       -0.0036 ± 0.0045
🟢 Ensemble Forecast: -0.0036 ± 0.0066
📈 RSI Signal:        HOLD (RSI: 57.1)
📊 BB Signal:         HOLD (Z-Score: -0.20)
🎯 Final Signal:      HOLD (Confidence: 50.0%)
💰 Recommendation:    HOLD

💰 Next-Day Closing Price Predictions:
   Current Close:    $35.69
   Bayesian:         $35.60 ($28.41 - $42.79)
   GP:               $35.56 ($35.40 - $35.72)
   Ensemble:         $35.56 ($35.33 - $35.80)
2026-09-28 20:20:59,267 | INFO | CALIBRATION APPLIED: 16 signal(s), fit on n=24342 (fitted 2026-09-28T20:20:48+00:00) — 14 moved by >5pp
2026-09-28 20:20:59,273 | INFO | VOL SIZING | symbol=BNO | predicted_vol=44.7% | scale=x0.56 | ENFORCED | vol 44.7% vs 25% target -> x0.56
2026-09-28 20:20:59,275 | INFO | VOL SIZING | symbol=SLV | predicted_vol=41.7% | scale=x0.60 | ENFORCED | vol 41.7% vs 25% target -> x0.60
2026-09-28 20:20:59,280 | INFO | VOL SIZING | symbol=PALL | predicted_vol=45.1% | scale=x0.55 | ENFORCED | vol 45.1% vs 25% target -> x0.55
2026-09-28 20:20:59,280 | INFO | SIGNAL FILTER | symbol=WEAT | original=BUY | normalized=BUY | confidence=0.8625 | prob_profit=0.5321 | p_dir=0.5321 | decision=PASS | reason=meets confidence and probability thresholds
2026-09-28 20:20:59,280 | INFO | SIGNAL FILTER | symbol=CORN | original=HOLD | normalized=HOLD | confidence=0.4250 | prob_profit=0.5321 | decision=HOLD | reason=explicit HOLD decision retained for logging
2026-09-28 20:20:59,280 | INFO | SIGNAL FILTER | symbol=SOYB | original=HOLD | normalized=HOLD | confidence=0.4250 | prob_profit=0.5321 | decision=HOLD | reason=explicit HOLD decision retained for logging
2026-09-28 20:20:59,280 | INFO | SIGNAL FILTER | symbol=CANE | original=HOLD | normalized=HOLD | confidence=0.5000 | prob_profit=0.5321 | decision=HOLD | reason=explicit HOLD decision retained for logging
2026-09-28 20:20:59,280 | INFO | SIGNAL FILTER | symbol=DBA | original=HOLD | normalized=HOLD | confidence=0.4250 | prob_profit=0.5193 | decision=HOLD | reason=explicit HOLD decision retained for logging
2026-09-28 20:20:59,280 | INFO | SIGNAL FILTER | symbol=UNG | original=HOLD | normalized=HOLD | confidence=0.5000 | prob_profit=0.4912 | decision=HOLD | reason=explicit HOLD decision retained for logging
2026-09-28 20:20:59,280 | INFO | SIGNAL FILTER | symbol=BNO | original=SELL | normalized=SELL | confidence=0.7500 | prob_profit=0.4898 | p_dir=0.5102 | decision=PASS | reason=meets confidence and probability thresholds
2026-09-28 20:20:59,280 | INFO | SIGNAL FILTER | symbol=XLE | original=HOLD | normalized=HOLD | confidence=0.5000 | prob_profit=0.5146 | decision=HOLD | reason=explicit HOLD decision retained for logging
2026-09-28 20:20:59,280 | INFO | SIGNAL FILTER | symbol=SLV | original=SELL | normalized=SELL | confidence=0.6375 | prob_profit=0.4898 | p_dir=0.5102 | decision=PASS | reason=meets confidence and probability thresholds
2026-09-28 20:20:59,280 | INFO | SIGNAL FILTER | symbol=IAU | original=SELL | normalized=SELL | confidence=0.6375 | prob_profit=0.4898 | p_dir=0.5102 | decision=PASS | reason=meets confidence and probability thresholds
2026-09-28 20:20:59,280 | INFO | SIGNAL FILTER | symbol=PPLT | original=HOLD | normalized=HOLD | confidence=0.4250 | prob_profit=0.4912 | decision=HOLD | reason=explicit HOLD decision retained for logging
2026-09-28 20:20:59,280 | INFO | SIGNAL FILTER | symbol=PALL | original=SELL | normalized=SELL | confidence=0.6375 | prob_profit=0.4898 | p_dir=0.5102 | decision=PASS | reason=meets confidence and probability thresholds
2026-09-28 20:20:59,280 | INFO | SIGNAL FILTER | symbol=CPER | original=HOLD | normalized=HOLD | confidence=0.5000 | prob_profit=0.4912 | decision=HOLD | reason=explicit HOLD decision retained for logging
2026-09-28 20:20:59,280 | INFO | SIGNAL FILTER | symbol=DBB | original=HOLD | normalized=HOLD | confidence=0.5000 | prob_profit=0.5146 | decision=HOLD | reason=explicit HOLD decision retained for logging
2026-09-28 20:20:59,280 | INFO | SIGNAL FILTER | symbol=DBC | original=HOLD | normalized=HOLD | confidence=0.5000 | prob_profit=0.4912 | decision=HOLD | reason=explicit HOLD decision retained for logging
2026-09-28 20:20:59,280 | INFO | SIGNAL FILTER | symbol=GSG | original=HOLD | normalized=HOLD | confidence=0.5000 | prob_profit=0.4912 | decision=HOLD | reason=explicit HOLD decision retained for logging
2026-09-28 20:20:59,280 | INFO | EDGE GATE | symbol=WEAT | move=0.593% | p_dir=0.532 | cost=0.300% | EV=-0.262% | decision=PASS (shadow) | reason=predicted move 0.593% at 53.2% does not cover 0.300% round-trip cost (EV -0.262%)
2026-09-28 20:20:59,280 | INFO | EDGE GATE | symbol=BNO | move=1.902% | p_dir=0.510 | cost=0.250% | EV=-0.211% | decision=PASS (shadow) | reason=predicted move 1.902% at 51.0% does not cover 0.250% round-trip cost (EV -0.211%)
2026-09-28 20:20:59,281 | INFO | EDGE GATE | symbol=SLV | move=1.033% | p_dir=0.510 | cost=0.130% | EV=-0.109% | decision=PASS (shadow) | reason=predicted move 1.033% at 51.0% does not cover 0.130% round-trip cost (EV -0.109%)
2026-09-28 20:20:59,281 | INFO | EDGE GATE | symbol=IAU | move=0.552% | p_dir=0.510 | cost=0.130% | EV=-0.119% | decision=PASS (shadow) | reason=predicted move 0.552% at 51.0% does not cover 0.130% round-trip cost (EV -0.119%)
2026-09-28 20:20:59,281 | INFO | EDGE GATE | symbol=PALL | move=0.703% | p_dir=0.510 | cost=0.400% | EV=-0.386% | decision=PASS (shadow) | reason=predicted move 0.703% at 51.0% does not cover 0.400% round-trip cost (EV -0.386%)
2026-09-28 20:20:59,281 | INFO | EDGE GATE SUMMARY: 5 directional signal(s) evaluated, 0 demoted to HOLD (shadow mode)
2026-09-28 20:20:59,281 | INFO | SIGNALS GENERATED: 16 total, 5 directional candidates, 11 hold decisions
2026-09-28 20:20:59,281 | INFO |   WEAT  BUY  conf=0.86 prob=0.53 | agriculture / wheat futures
2026-09-28 20:20:59,281 | INFO |   BNO   SELL conf=0.75 prob=0.49 | energy / Brent crude futures
2026-09-28 20:20:59,281 | INFO |   SLV   SELL conf=0.64 prob=0.49 | precious_metals / physical silver
2026-09-28 20:20:59,281 | INFO |   IAU   SELL conf=0.64 prob=0.49 | precious_metals / physical gold
2026-09-28 20:20:59,281 | INFO |   PALL  SELL conf=0.64 prob=0.49 | precious_metals / physical palladium
2026-09-28 20:20:59,283 | INFO | THESES SHADOW-LOGGED: 16
2026-09-28 20:20:59,365 | INFO | Options chain for WEAT served from the INDICATIVE (delayed) feed; OPRA unavailable ({"message":"OPRA agreement is not signed"}).
2026-09-28 20:20:59,370 | INFO | OPTIONS CANDIDATES FOR TODAY: WEAT -> PUT {'symbol': '', 'expiration': None, 'strike': None, 'type': 'put', 'delta': None} | CALL {'symbol': '', 'expiration': None, 'strike': None, 'type': 'call', 'delta': None}
2026-09-28 20:20:59,498 | INFO | Options chain for BNO served from the INDICATIVE (delayed) feed; OPRA unavailable ({"message":"OPRA agreement is not signed"}).
2026-09-28 20:20:59,508 | INFO | OPTIONS CANDIDATES FOR TODAY: BNO -> PUT {'symbol': 'BNO261106P00055500', 'underlying': 'BNO', 'expiration': '2026-11-06', 'strike': 55.5, 'type': 'put', 'delta': -0.2973, 'implied_volatility': 0.6226} | CALL {'symbol': 'BNO261023C00067500', 'underlying': 'BNO', 'expiration': '2026-10-23', 'strike': 67.5, 'type': 'call', 'delta': 0.2917, 'implied_volatility': 0.6599}
2026-09-28 20:21:00,195 | INFO | Options chain for SLV served from the INDICATIVE (delayed) feed; OPRA unavailable ({"message":"OPRA agreement is not signed"}).
2026-09-28 20:21:00,244 | INFO | OPTIONS CANDIDATES FOR TODAY: SLV -> PUT {'symbol': 'SLV261106P00052000', 'underlying': 'SLV', 'expiration': '2026-11-06', 'strike': 52.0, 'type': 'put', 'delta': -0.2902, 'implied_volatility': 0.3686} | CALL {'symbol': 'SLV261030C00059000', 'underlying': 'SLV', 'expiration': '2026-10-30', 'strike': 59.0, 'type': 'call', 'delta': 0.2938, 'implied_volatility': 0.3818}
2026-09-28 20:21:00,458 | INFO | Options chain for IAU served from the INDICATIVE (delayed) feed; OPRA unavailable ({"message":"OPRA agreement is not signed"}).
2026-09-28 20:21:00,476 | INFO | OPTIONS CANDIDATES FOR TODAY: IAU -> PUT {'symbol': 'IAU261106P00075000', 'underlying': 'IAU', 'expiration': '2026-11-06', 'strike': 75.0, 'type': 'put', 'delta': -0.2865, 'implied_volatility': 0.2138} | CALL {'symbol': 'IAU261106C00081000', 'underlying': 'IAU', 'expiration': '2026-11-06', 'strike': 81.0, 'type': 'call', 'delta': 0.3016, 'implied_volatility': 0.2201}
2026-09-28 20:21:00,558 | INFO | Options chain for PALL served from the INDICATIVE (delayed) feed; OPRA unavailable ({"message":"OPRA agreement is not signed"}).
2026-09-28 20:21:00,564 | INFO | OPTIONS CANDIDATES FOR TODAY: PALL -> PUT {'symbol': '', 'expiration': None, 'strike': None, 'type': 'put', 'delta': None} | CALL {'symbol': '', 'expiration': None, 'strike': None, 'type': 'call', 'delta': None}
2026-09-28 20:21:00,564 | INFO | Loading portfolio state...
2026-09-28 20:21:00,744 | INFO | INVERSE ROUTE (entry) | SELL BNO -> BUY SCO | -2x | SCO @ $19.93 (-2x BNO)
2026-09-28 20:21:00,892 | INFO | INVERSE ROUTE (entry) | SELL SLV -> BUY ZSL | -2x | ZSL @ $27.19 (-2x SLV)
2026-09-28 20:21:01,026 | INFO | INVERSE ROUTE (entry) | SELL IAU -> BUY GLL | -2x | GLL @ $25.30 (-2x IAU)
2026-09-28 20:21:01,026 | INFO | INVERSE ROUTE (skipped) | SELL PALL not actionable: no liquid inverse palladium fund listed in the US
2026-09-28 20:21:01,026 | INFO | INVERSE ROUTING: routed_entry=3, unroutable=1
  FROM    SIGNAL ACTION         TO      REASON
  BNO     SELL   routed_entry   SCO     SCO @ $19.93 (-2x BNO)
  SLV     SELL   routed_entry   ZSL     ZSL @ $27.19 (-2x SLV)
  IAU     SELL   routed_entry   GLL     GLL @ $25.30 (-2x IAU)
  PALL    SELL   unroutable     -       no liquid inverse palladium fund listed in the US
2026-09-28 20:21:01,026 | INFO | Loading portfolio state for routed symbols: SCO, ZSL, GLL
2026-09-28 20:21:01,037 | INFO | Executing trading cycle...

📋 Pre-trade snapshot:
   Equity source: broker_live
   Account equity: $494.32
   Exposure (invested fraction): 0.0000
   Trades today (executed): 0
   Daily return: -0.0055
   Risk config: exposure=0.3, max_pos=0.2, max_trades/day=3, daily_loss_limit=0.02, paper_mode=True
[INFO] PAPER TRADING MODE: True — executing in paper mode with guardrails enabled.

🎯 WEAT: BUY
   Quantity: 1 shares
   Entry: $24.97
   TP: $25.97
   SL: $24.47

[RISK TRACE] WEAT
   equity_source_used: broker_live
   account_equity_value: 494.32
   max_position_size_value: 0.2
   computed_max_dollar_position: 98.86
   proposed_order_value: 24.97
   capped_quantity: 3
   final_decision: EXECUTE
   rejection_reason: 
[OK] PAPER: BRACKET BUY 1 WEAT
   TP: $25.97 | SL: $24.47
   Order ID: d9627951-2938-4d1b-8c02-67e6ea43de7e

🎯 SCO: BUY
   Quantity: 1 shares
   Entry: $19.93
   TP: $20.33
   SL: $19.73

[RISK TRACE] SCO
   equity_source_used: broker_live
   account_equity_value: 494.32
   max_position_size_value: 0.2
   computed_max_dollar_position: 98.86
   proposed_order_value: 19.93
   capped_quantity: 4
   final_decision: EXECUTE
   rejection_reason: 
[OK] PAPER: BRACKET BUY 1 SCO
   TP: $20.33 | SL: $19.73
   Order ID: 791f9c7a-6227-4ff2-9cb5-49df9ac12147

🎯 ZSL: BUY
   Quantity: 1 shares
   Entry: $27.19
   TP: $27.73
   SL: $26.92

[RISK TRACE] ZSL
   equity_source_used: broker_live
   account_equity_value: 494.32
   max_position_size_value: 0.2
   computed_max_dollar_position: 98.86
   proposed_order_value: 27.19
   capped_quantity: 3
   final_decision: EXECUTE
   rejection_reason: 
[OK] PAPER: BRACKET BUY 1 ZSL
   TP: $27.73 | SL: $26.92
   Order ID: 8042136b-6c90-4e6d-b794-bdb8147d1e63

🎯 GLL: BUY
   Quantity: 1 shares
   Entry: $25.30
   TP: $25.81
   SL: $25.05

[RISK TRACE] GLL
   equity_source_used: broker_live
   account_equity_value: 494.32
   max_position_size_value: 0.2
   computed_max_dollar_position: 98.86
   proposed_order_value: 25.3
   capped_quantity: 3
   final_decision: EXECUTE
   rejection_reason: 
[OK] PAPER: BRACKET BUY 1 GLL
   TP: $25.81 | SL: $25.05
   Order ID: d98c0e9f-a468-48aa-8383-e75b3d941843
2026-09-28 20:21:01,563 | INFO | ORDERS ATTEMPTED: 4
2026-09-28 20:21:01,563 | INFO | ORDERS SUBMITTED: 4
2026-09-28 20:21:01,565 | INFO | Decision summary: {'buy': 4, 'hold': 11}
2026-09-28 20:21:01,565 | INFO | END DAILY TRADING RUN
