2026-10-05 21:25:12,195 | INFO | EOS FINANCE DOMAINS AVAILABLE at /home/runner/work/_temp/eos/mcp_server
2026-10-05 21:25:13,058 | INFO | Failed to extract font properties from /usr/share/fonts/truetype/noto/NotoColorEmoji.ttf: Non-scalable fonts are not supported
2026-10-05 21:25:13,851 | INFO | generated new fontManager
2026-10-05 21:25:14,079 | INFO | START DAILY TRADING RUN
2026-10-05 21:25:14,079 | INFO | DATE/TIME: 2026-10-05T17:25:14.079105-04:00
2026-10-05 21:25:14,781 | INFO | ACCOUNT: equity=$494.32 (source=broker_live) | cash=$469.03 | exposure=5.1%
2026-10-05 21:25:14,907 | INFO | FILL RECONCILE: 38 fills -> 19 round trips, realized P&L $-5.86 (7W/12L, 36.8% win rate), 1 lots still open, 19 rows written
2026-10-05 21:25:14,907 | INFO |   TSLA     1.00 sh  2026-03-24 -> 2026-07-23  $379.74 -> $337.00  P&L $-42.74 (-11.26%, 120d)
2026-10-05 21:25:14,907 | INFO |   BAC      1.00 sh  2026-03-24 -> 2026-09-09  $47.38 -> $62.79  P&L $+15.41 (+32.52%, 169d)
2026-10-05 21:25:14,907 | INFO |   BAC      1.00 sh  2026-03-24 -> 2026-09-11  $47.38 -> $62.54  P&L $+15.16 (+32.00%, 171d)
2026-10-05 21:25:14,907 | INFO |   CORN     1.00 sh  2026-09-09 -> 2026-09-11  $19.91 -> $19.89  P&L $-0.02 (-0.10%, 1d)
2026-10-05 21:25:14,907 | INFO |   KOLD     1.00 sh  2026-09-15 -> 2026-09-15  $28.63 -> $28.34  P&L $-0.29 (-1.01%, 0d)
2026-10-05 21:25:14,907 | INFO |   CPER     1.00 sh  2026-09-11 -> 2026-09-17  $39.27 -> $39.89  P&L $+0.62 (+1.58%, 6d)
2026-10-05 21:25:14,907 | INFO |   BNO      1.00 sh  2026-08-13 -> 2026-09-17  $49.60 -> $61.30  P&L $+11.70 (+23.59%, 35d)
2026-10-05 21:25:14,907 | INFO |   KOLD     1.00 sh  2026-09-16 -> 2026-09-18  $29.39 -> $28.97  P&L $-0.42 (-1.43%, 1d)
2026-10-05 21:25:14,907 | INFO |   GSG      1.00 sh  2026-09-16 -> 2026-09-21  $36.72 -> $35.97  P&L $-0.75 (-2.04%, 4d)
2026-10-05 21:25:14,907 | INFO |   DBC      1.00 sh  2026-09-16 -> 2026-09-21  $33.27 -> $32.54  P&L $-0.73 (-2.19%, 4d)
2026-10-05 21:25:14,907 | INFO |   PALL     1.00 sh  2026-09-17 -> 2026-09-21  $23.36 -> $23.57  P&L $+0.21 (+0.90%, 3d)
2026-10-05 21:25:14,907 | INFO |   PPLT     1.00 sh  2026-09-17 -> 2026-09-23  $16.17 -> $15.99  P&L $-0.18 (-1.11%, 5d)
2026-10-05 21:25:14,907 | INFO |   SLV      1.00 sh  2026-09-22 -> 2026-09-24  $59.76 -> $57.24  P&L $-2.52 (-4.22%, 1d)
2026-10-05 21:25:14,907 | INFO |   PALL     1.00 sh  2026-09-22 -> 2026-09-25  $23.48 -> $22.67  P&L $-0.81 (-3.45%, 2d)
2026-10-05 21:25:14,907 | INFO |   KOLD     1.00 sh  2026-09-24 -> 2026-09-25  $22.92 -> $24.80  P&L $+1.88 (+8.20%, 1d)
2026-10-05 21:25:14,907 | INFO |   IAU      1.00 sh  2026-09-24 -> 2026-09-28  $80.04 -> $77.93  P&L $-2.11 (-2.64%, 3d)
2026-10-05 21:25:14,907 | INFO |   SCO      1.00 sh  2026-09-29 -> 2026-09-29  $20.40 -> $20.37  P&L $-0.03 (-0.15%, 0d)
2026-10-05 21:25:14,907 | INFO |   GLL      1.00 sh  2026-09-29 -> 2026-09-29  $24.89 -> $24.93  P&L $+0.04 (+0.16%, 0d)
2026-10-05 21:25:14,907 | INFO |   ZSL      1.00 sh  2026-09-29 -> 2026-09-29  $27.20 -> $26.92  P&L $-0.28 (-1.03%, 0d)
2026-10-05 21:25:14,907 | INFO |   OPEN WEAT     1.00 sh @ $24.99 since 2026-09-29
2026-10-05 21:25:14,964 | INFO | CURRENTLY HELD: WEAT
2026-10-05 21:25:14,966 | INFO | Failed to create TzCache, reason: Error creating TzCache folder: '/home/runner/.cache/py-yfinance' reason: [Errno 17] File exists: '/home/runner/.cache/py-yfinance'. TzCache will not be used. Tip: You can direct cache to use a different location with 'set_tz_cache_location(mylocation)'
2026-10-05 21:25:18,509 | INFO | UNIVERSE SCREEN: scope=all | 16/24 affordable at $98.86/position (20% of $494.32 equity)
  OK UNG        $10.55  up to 9 share(s) at $10.55
  OK CANE       $12.19  up to 8 share(s) at $12.19
  OK PPLT       $15.58  up to 6 share(s) at $15.58
  OK CORN       $18.90  up to 5 share(s) at $18.90
  OK PALL       $21.28  up to 4 share(s) at $21.28
  OK DBB        $25.08  up to 3 share(s) at $25.08
  OK WEAT       $25.09  up to 3 share(s) at $25.09
  OK SOYB       $27.32  up to 3 share(s) at $27.32
  OK DBA        $28.46  up to 3 share(s) at $28.46
  OK DBC        $32.39  up to 3 share(s) at $32.39
  OK GSG        $35.45  up to 2 share(s) at $35.45
  OK CPER       $39.86  up to 2 share(s) at $39.86
  OK SLV        $55.13  up to 1 share(s) at $55.13
  OK BNO        $61.45  up to 1 share(s) at $61.45
  OK XLE        $63.45  up to 1 share(s) at $63.45
  OK IAU        $77.82  up to 1 share(s) at $77.82
  -- USO       $143.99  1 share costs $143.99 but the cap is $98.86 (20% of $494.32)
  -- UGA       $145.18  1 share costs $145.18 but the cap is $98.86 (20% of $494.32)
  -- NVDA      $238.90  1 share costs $238.90 but the cap is $98.86 (20% of $494.32)
  -- AMZN      $251.40  1 share costs $251.40 but the cap is $98.86 (20% of $494.32)
  -- AAPL      $332.89  1 share costs $332.89 but the cap is $98.86 (20% of $494.32)
  -- GOOGL     $346.47  1 share costs $346.47 but the cap is $98.86 (20% of $494.32)
  -- GLD       $379.55  1 share costs $379.55 but the cap is $98.86 (20% of $494.32)
  -- MSFT      $525.18  1 share costs $525.18 but the cap is $98.86 (20% of $494.32)
2026-10-05 21:25:18,510 | INFO | TRADING UNIVERSE (16): WEAT, CORN, SOYB, CANE, DBA, UNG, BNO, XLE, SLV, IAU, PPLT, PALL, CPER, DBB, DBC, GSG
2026-10-05 21:25:18,625 | INFO | EXIT RECONCILE | WEAT | ALREADY_PROTECTED | open protective sell order exists
2026-10-05 21:25:18,625 | INFO | EXIT RECONCILE SUMMARY: 1 positions checked, 0 exits attached
2026-10-05 21:25:18,638 | WARNING | Price cache for WEAT does not cover 2026-09-24..2026-10-16 with a date index; refetching.
2026-10-05 21:25:18,876 | INFO | scored WEAT: 2 row(s)
2026-10-05 21:25:18,881 | WARNING | Price cache for CORN does not cover 2026-09-24..2026-10-16 with a date index; refetching.
2026-10-05 21:25:19,002 | INFO | scored CORN: 2 row(s)
2026-10-05 21:25:19,007 | WARNING | Price cache for SOYB does not cover 2026-09-24..2026-10-16 with a date index; refetching.
2026-10-05 21:25:19,122 | INFO | scored SOYB: 2 row(s)
2026-10-05 21:25:19,126 | WARNING | Price cache for CANE does not cover 2026-09-24..2026-10-16 with a date index; refetching.
2026-10-05 21:25:19,245 | INFO | scored CANE: 2 row(s)
2026-10-05 21:25:19,249 | WARNING | Price cache for DBA does not cover 2026-09-24..2026-10-16 with a date index; refetching.
2026-10-05 21:25:19,407 | INFO | scored DBA: 2 row(s)
2026-10-05 21:25:19,412 | WARNING | Price cache for UNG does not cover 2026-09-24..2026-10-16 with a date index; refetching.
2026-10-05 21:25:19,595 | INFO | scored UNG: 2 row(s)
2026-10-05 21:25:19,599 | WARNING | Price cache for BNO does not cover 2026-09-24..2026-10-16 with a date index; refetching.
2026-10-05 21:25:19,718 | INFO | scored BNO: 2 row(s)
2026-10-05 21:25:19,722 | WARNING | Price cache for XLE does not cover 2026-09-24..2026-10-16 with a date index; refetching.
2026-10-05 21:25:19,865 | INFO | scored XLE: 2 row(s)
2026-10-05 21:25:19,869 | WARNING | Price cache for SLV does not cover 2026-09-24..2026-10-16 with a date index; refetching.
2026-10-05 21:25:20,031 | INFO | scored SLV: 2 row(s)
2026-10-05 21:25:20,035 | WARNING | Price cache for IAU does not cover 2026-09-24..2026-10-16 with a date index; refetching.
2026-10-05 21:25:20,153 | INFO | scored IAU: 2 row(s)
2026-10-05 21:25:20,157 | WARNING | Price cache for PPLT does not cover 2026-09-24..2026-10-16 with a date index; refetching.
2026-10-05 21:25:20,304 | INFO | scored PPLT: 2 row(s)
2026-10-05 21:25:20,308 | WARNING | Price cache for PALL does not cover 2026-09-24..2026-10-16 with a date index; refetching.
2026-10-05 21:25:20,504 | INFO | scored PALL: 2 row(s)
2026-10-05 21:25:20,508 | WARNING | Price cache for CPER does not cover 2026-09-24..2026-10-16 with a date index; refetching.
2026-10-05 21:25:20,631 | INFO | scored CPER: 2 row(s)
2026-10-05 21:25:20,635 | WARNING | Price cache for DBB does not cover 2026-09-24..2026-10-16 with a date index; refetching.
2026-10-05 21:25:20,768 | INFO | scored DBB: 2 row(s)
2026-10-05 21:25:20,772 | WARNING | Price cache for DBC does not cover 2026-09-24..2026-10-16 with a date index; refetching.
2026-10-05 21:25:20,907 | INFO | scored DBC: 2 row(s)
2026-10-05 21:25:20,911 | WARNING | Price cache for GSG does not cover 2026-09-24..2026-10-16 with a date index; refetching.
2026-10-05 21:25:21,031 | INFO | scored GSG: 2 row(s)
2026-10-05 21:25:21,033 | INFO | MODEL SCORING: 32 prediction(s) graded against realized returns
2026-10-05 21:25:21,061 | INFO | COMPONENT ACCURACY (all history):
  base rate: the market rose on 51.6% of 24459 scored observations — beat this, not 50%
  component         n     acc            95% CI  verdict
  --------------------------------------------------------------
  Bollinger      6800   49.8%   [ 48.6%,  51.0%]  indistinguishable from a coin flip
  Bayesian      24459   49.2%   [ 48.6%,  49.9%]  WORSE than chance
  GaussianProc  24459   50.8%   [ 50.2%,  51.5%]  beats 50% but NOT the 51.6% base rate
  RSI            5870   51.4%   [ 50.2%,  52.7%]  beats 50% but NOT the 51.6% base rate
  ENSEMBLE       4651   50.9%   [ 49.5%,  52.4%]  indistinguishable from a coin flip
2026-10-05 21:25:21,751 | INFO | CALIBRATION: refit from 24450 matched prediction(s), saved to trade_logs/calibration.json
2026-10-05 21:25:23,204 | INFO | NEWS SCORING: 12 event(s) graded against realized returns
2026-10-05 21:25:23,205 | INFO | NEWS DIFFUSION ACCURACY (all history):
  base rate: the market rose on 47.1% of 314 scored news-linked observations
  match_type    n     acc            95% CI  verdict
  ----------------------------------------------------------
  explicit     30   23.3%   [  8.2%,  38.5%]  WORSE than chance
  theme        82   39.0%   [ 28.5%,  49.6%]  WORSE than chance
2026-10-05 21:25:23,395 | INFO | NEWS DIFFUSION: 5 event(s) across 7 symbol(s)
2026-10-05 21:25:23,395 | INFO | NEWS EVENT | symbol=XLE | match=explicit | polarity=bullish (1.00) | themes=- | Nasdaq 100 Hits Record, Brazil's EWZ Soars 13%: Stock Market Today
2026-10-05 21:25:23,395 | INFO | NEWS EVENT | symbol=SLV | match=explicit | polarity=bullish (1.00) | themes=- | Nasdaq 100 Hits Record, Brazil's EWZ Soars 13%: Stock Market Today
2026-10-05 21:25:23,395 | INFO | NEWS EVENT | symbol=UNG | match=explicit | polarity=neutral (0.00) | themes=- | 'Centalion, Fresh From Rebrand, Does Deal for U.S. Gas Fields'- WSJ
2026-10-05 21:25:23,395 | INFO | NEWS EVENT | symbol=UNG | match=explicit | polarity=neutral (0.00) | themes=- | 'US to announce $150M for Alaska power lines as Vance campaigns in Senate battleground'- Reuters Exclusive
2026-10-05 21:25:23,395 | INFO | NEWS EVENT | symbol=XLE | match=explicit | polarity=neutral (0.00) | themes=- | 8 Of 11 Sectors Rise In Monday Trading As Leaders Split
2026-10-05 21:25:23,395 | INFO | NEWS EVENT | symbol=XLE | match=explicit | polarity=neutral (0.00) | themes=geopolitical_supply_shock | More Oil, No Relief: Why Hormuz’s Supply Rebound Won’t Lower Prices
2026-10-05 21:25:23,395 | INFO | NEWS EVENT | symbol=BNO | match=explicit | polarity=neutral (0.00) | themes=geopolitical_supply_shock | More Oil, No Relief: Why Hormuz’s Supply Rebound Won’t Lower Prices
2026-10-05 21:25:23,395 | INFO | NEWS EVENT | symbol=WEAT | match=theme | polarity=neutral (0.00) | themes=geopolitical_supply_shock | More Oil, No Relief: Why Hormuz’s Supply Rebound Won’t Lower Prices
2026-10-05 21:25:23,395 | INFO | NEWS EVENT | symbol=CORN | match=theme | polarity=neutral (0.00) | themes=geopolitical_supply_shock | More Oil, No Relief: Why Hormuz’s Supply Rebound Won’t Lower Prices
2026-10-05 21:25:23,395 | INFO | NEWS EVENT | symbol=UNG | match=theme | polarity=neutral (0.00) | themes=geopolitical_supply_shock | More Oil, No Relief: Why Hormuz’s Supply Rebound Won’t Lower Prices
2026-10-05 21:25:23,395 | INFO | NEWS EVENT | symbol=IAU | match=theme | polarity=neutral (0.00) | themes=geopolitical_supply_shock | More Oil, No Relief: Why Hormuz’s Supply Rebound Won’t Lower Prices
2026-10-05 21:25:23,398 | INFO | NEWS DIFFUSION: 11 new event(s) persisted for scoring
2026-10-05 21:25:23,398 | INFO | Generating signals...
YF.download() has changed argument auto_adjust default to True

🔵 Running Bayesian Linear Regression for WEAT...
🟠 Running Gaussian Process for WEAT...

📊 WEAT - Unified Forecast Summary (2026-10-05)
======================================================================
🔵 Bayesian Forecast: -0.0078 ± 0.2015
🟠 GP Forecast:       0.0025 ± 0.0045
🟢 Ensemble Forecast: 0.0025 ± 0.0067
📈 RSI Signal:        HOLD (RSI: 33.5)
📊 BB Signal:         HOLD (Z-Score: -0.96)
🎯 Final Signal:      HOLD (Confidence: 50.0%)
💰 Recommendation:    HOLD

💰 Next-Day Closing Price Predictions:
   Current Close:    $25.09
   Bayesian:         $24.89 ($19.84 - $29.95)
   GP:               $25.15 ($25.04 - $25.27)
   Ensemble:         $25.15 ($24.98 - $25.32)

🔵 Running Bayesian Linear Regression for CORN...
🟠 Running Gaussian Process for CORN...

📊 CORN - Unified Forecast Summary (2026-10-05)
======================================================================
🔵 Bayesian Forecast: -0.0071 ± 0.2021
🟠 GP Forecast:       -0.0003 ± 0.0070
🟢 Ensemble Forecast: -0.0003 ± 0.0101
📈 RSI Signal:        HOLD (RSI: 30.1)
📊 BB Signal:         BUY (Z-Score: -1.85)
🎯 Final Signal:      HOLD (Confidence: 50.0%)
💰 Recommendation:    HOLD

💰 Next-Day Closing Price Predictions:
   Current Close:    $18.90
   Bayesian:         $18.77 ($14.95 - $22.58)
   GP:               $18.89 ($18.76 - $19.03)
   Ensemble:         $18.89 ($18.70 - $19.08)

🔵 Running Bayesian Linear Regression for SOYB...
🟠 Running Gaussian Process for SOYB...

📊 SOYB - Unified Forecast Summary (2026-10-05)
======================================================================
🔵 Bayesian Forecast: -0.0048 ± 0.2021
🟠 GP Forecast:       0.0027 ± 0.0051
🟢 Ensemble Forecast: 0.0027 ± 0.0074
📈 RSI Signal:        HOLD (RSI: 31.2)
📊 BB Signal:         HOLD (Z-Score: -1.34)
🎯 Final Signal:      HOLD (Confidence: 50.0%)
💰 Recommendation:    HOLD

💰 Next-Day Closing Price Predictions:
   Current Close:    $27.32
   Bayesian:         $27.19 ($21.67 - $32.71)
   GP:               $27.39 ($27.25 - $27.53)
   Ensemble:         $27.39 ($27.19 - $27.60)

🔵 Running Bayesian Linear Regression for CANE...
🟠 Running Gaussian Process for CANE...

📊 CANE - Unified Forecast Summary (2026-10-05)
======================================================================
🔵 Bayesian Forecast: 0.0151 ± 0.2033
🟠 GP Forecast:       0.0032 ± 0.0050
🟢 Ensemble Forecast: 0.0033 ± 0.0074
📈 RSI Signal:        SELL (RSI: 72.7)
📊 BB Signal:         SELL (Z-Score: 2.77)
🎯 Final Signal:      SELL (Confidence: 75.0%)
💰 Recommendation:    SELL

💰 Next-Day Closing Price Predictions:
   Current Close:    $12.19
   Bayesian:         $12.37 ($9.90 - $14.85)
   GP:               $12.23 ($12.17 - $12.29)
   Ensemble:         $12.23 ($12.14 - $12.32)

🔵 Running Bayesian Linear Regression for DBA...
🟠 Running Gaussian Process for DBA...

📊 DBA - Unified Forecast Summary (2026-10-05)
======================================================================
🔵 Bayesian Forecast: -0.0018 ± 0.2008
🟠 GP Forecast:       0.0007 ± 0.0052
🟢 Ensemble Forecast: 0.0007 ± 0.0076
📈 RSI Signal:        HOLD (RSI: 41.5)
📊 BB Signal:         HOLD (Z-Score: -0.38)
🎯 Final Signal:      HOLD (Confidence: 50.0%)
💰 Recommendation:    HOLD

💰 Next-Day Closing Price Predictions:
   Current Close:    $28.46
   Bayesian:         $28.41 ($22.69 - $34.13)
   GP:               $28.48 ($28.33 - $28.63)
   Ensemble:         $28.48 ($28.26 - $28.70)

🔵 Running Bayesian Linear Regression for UNG...
🟠 Running Gaussian Process for UNG...

📊 UNG - Unified Forecast Summary (2026-10-05)
======================================================================
🔵 Bayesian Forecast: 0.0018 ± 0.2030
🟠 GP Forecast:       -0.0226 ± 0.0164
🟢 Ensemble Forecast: -0.0225 ± 0.0235
📈 RSI Signal:        SELL (RSI: 74.8)
📊 BB Signal:         HOLD (Z-Score: 0.10)
🎯 Final Signal:      SELL (Confidence: 75.0%)
💰 Recommendation:    SELL

💰 Next-Day Closing Price Predictions:
   Current Close:    $10.55
   Bayesian:         $10.57 ($8.43 - $12.71)
   GP:               $10.31 ($10.14 - $10.48)
   Ensemble:         $10.31 ($10.07 - $10.56)

🔵 Running Bayesian Linear Regression for BNO...
🟠 Running Gaussian Process for BNO...

📊 BNO - Unified Forecast Summary (2026-10-05)
======================================================================
🔵 Bayesian Forecast: -0.0066 ± 0.2026
🟠 GP Forecast:       0.0127 ± 0.0088
🟢 Ensemble Forecast: 0.0126 ± 0.0127
📈 RSI Signal:        HOLD (RSI: 63.0)
📊 BB Signal:         HOLD (Z-Score: 0.38)
🎯 Final Signal:      HOLD (Confidence: 50.0%)
💰 Recommendation:    HOLD

💰 Next-Day Closing Price Predictions:
   Current Close:    $61.45
   Bayesian:         $61.05 ($48.60 - $73.50)
   GP:               $62.23 ($61.69 - $62.77)
   Ensemble:         $62.23 ($61.45 - $63.00)

🔵 Running Bayesian Linear Regression for XLE...
🟠 Running Gaussian Process for XLE...

📊 XLE - Unified Forecast Summary (2026-10-05)
======================================================================
🔵 Bayesian Forecast: 0.0022 ± 0.2025
🟠 GP Forecast:       0.0028 ± 0.0047
🟢 Ensemble Forecast: 0.0028 ± 0.0069
📈 RSI Signal:        SELL (RSI: 71.5)
📊 BB Signal:         HOLD (Z-Score: 0.15)
🎯 Final Signal:      HOLD (Confidence: 50.0%)
💰 Recommendation:    HOLD

💰 Next-Day Closing Price Predictions:
   Current Close:    $63.45
   Bayesian:         $63.59 ($50.74 - $76.44)
   GP:               $63.63 ($63.33 - $63.92)
   Ensemble:         $63.63 ($63.19 - $64.06)

🔵 Running Bayesian Linear Regression for SLV...
🟠 Running Gaussian Process for SLV...

📊 SLV - Unified Forecast Summary (2026-10-05)
======================================================================
🔵 Bayesian Forecast: -0.0099 ± 0.2016
🟠 GP Forecast:       0.0053 ± 0.0055
🟢 Ensemble Forecast: 0.0052 ± 0.0081
📈 RSI Signal:        BUY (RSI: 28.5)
📊 BB Signal:         HOLD (Z-Score: -1.18)
🎯 Final Signal:      HOLD (Confidence: 50.0%)
💰 Recommendation:    HOLD

💰 Next-Day Closing Price Predictions:
   Current Close:    $55.13
   Bayesian:         $54.59 ($43.47 - $65.70)
   GP:               $55.42 ($55.11 - $55.72)
   Ensemble:         $55.42 ($54.97 - $55.87)

🔵 Running Bayesian Linear Regression for IAU...
🟠 Running Gaussian Process for IAU...

📊 IAU - Unified Forecast Summary (2026-10-05)
======================================================================
🔵 Bayesian Forecast: -0.0091 ± 0.2019
🟠 GP Forecast:       -0.0025 ± 0.0049
🟢 Ensemble Forecast: -0.0025 ± 0.0072
📈 RSI Signal:        BUY (RSI: 25.4)
📊 BB Signal:         BUY (Z-Score: -1.50)
🎯 Final Signal:      BUY (Confidence: 75.0%)
💰 Recommendation:    BUY

💰 Next-Day Closing Price Predictions:
   Current Close:    $77.82
   Bayesian:         $77.11 ($61.40 - $92.82)
   GP:               $77.62 ($77.24 - $78.00)
   Ensemble:         $77.62 ($77.06 - $78.18)

🔵 Running Bayesian Linear Regression for PPLT...
🟠 Running Gaussian Process for PPLT...

📊 PPLT - Unified Forecast Summary (2026-10-05)
======================================================================
🔵 Bayesian Forecast: -0.0083 ± 0.2015
🟠 GP Forecast:       0.0065 ± 0.0048
🟢 Ensemble Forecast: 0.0065 ± 0.0071
📈 RSI Signal:        HOLD (RSI: 40.9)
📊 BB Signal:         HOLD (Z-Score: -0.93)
🎯 Final Signal:      HOLD (Confidence: 50.0%)
💰 Recommendation:    HOLD

💰 Next-Day Closing Price Predictions:
   Current Close:    $15.58
   Bayesian:         $15.45 ($12.31 - $18.59)
   GP:               $15.68 ($15.61 - $15.76)
   Ensemble:         $15.68 ($15.57 - $15.79)

🔵 Running Bayesian Linear Regression for PALL...
🟠 Running Gaussian Process for PALL...

📊 PALL - Unified Forecast Summary (2026-10-05)
======================================================================
🔵 Bayesian Forecast: -0.0126 ± 0.2020
🟠 GP Forecast:       0.0034 ± 0.0048
🟢 Ensemble Forecast: 0.0034 ± 0.0071
📈 RSI Signal:        HOLD (RSI: 31.7)
📊 BB Signal:         BUY (Z-Score: -1.70)
🎯 Final Signal:      HOLD (Confidence: 50.0%)
💰 Recommendation:    HOLD

💰 Next-Day Closing Price Predictions:
   Current Close:    $21.28
   Bayesian:         $21.01 ($16.71 - $25.31)
   GP:               $21.35 ($21.25 - $21.46)
   Ensemble:         $21.35 ($21.20 - $21.50)

🔵 Running Bayesian Linear Regression for CPER...
🟠 Running Gaussian Process for CPER...

📊 CPER - Unified Forecast Summary (2026-10-05)
======================================================================
🔵 Bayesian Forecast: 0.0019 ± 0.2023
🟠 GP Forecast:       0.0050 ± 0.0042
🟢 Ensemble Forecast: 0.0050 ± 0.0063
📈 RSI Signal:        SELL (RSI: 70.6)
📊 BB Signal:         HOLD (Z-Score: -0.02)
🎯 Final Signal:      HOLD (Confidence: 50.0%)
💰 Recommendation:    HOLD

💰 Next-Day Closing Price Predictions:
   Current Close:    $39.86
   Bayesian:         $39.94 ($31.87 - $48.00)
   GP:               $40.06 ($39.89 - $40.23)
   Ensemble:         $40.06 ($39.81 - $40.31)

🔵 Running Bayesian Linear Regression for DBB...
🟠 Running Gaussian Process for DBB...

📊 DBB - Unified Forecast Summary (2026-10-05)
======================================================================
🔵 Bayesian Forecast: -0.0059 ± 0.2019
🟠 GP Forecast:       0.0044 ± 0.0043
🟢 Ensemble Forecast: 0.0044 ± 0.0064
📈 RSI Signal:        HOLD (RSI: 50.1)
📊 BB Signal:         HOLD (Z-Score: -1.12)
🎯 Final Signal:      HOLD (Confidence: 50.0%)
💰 Recommendation:    HOLD

💰 Next-Day Closing Price Predictions:
   Current Close:    $25.08
   Bayesian:         $24.93 ($19.87 - $30.00)
   GP:               $25.19 ($25.08 - $25.30)
   Ensemble:         $25.19 ($25.03 - $25.35)

🔵 Running Bayesian Linear Regression for DBC...
🟠 Running Gaussian Process for DBC...

📊 DBC - Unified Forecast Summary (2026-10-05)
======================================================================
🔵 Bayesian Forecast: -0.0064 ± 0.2030
🟠 GP Forecast:       0.0003 ± 0.0044
🟢 Ensemble Forecast: 0.0003 ± 0.0065
📈 RSI Signal:        HOLD (RSI: 55.2)
📊 BB Signal:         HOLD (Z-Score: -0.96)
🎯 Final Signal:      HOLD (Confidence: 50.0%)
💰 Recommendation:    HOLD

💰 Next-Day Closing Price Predictions:
   Current Close:    $32.39
   Bayesian:         $32.18 ($25.61 - $38.76)
   GP:               $32.40 ($32.26 - $32.54)
   Ensemble:         $32.40 ($32.19 - $32.61)

🔵 Running Bayesian Linear Regression for GSG...
🟠 Running Gaussian Process for GSG...

📊 GSG - Unified Forecast Summary (2026-10-05)
======================================================================
🔵 Bayesian Forecast: -0.0098 ± 0.2035
🟠 GP Forecast:       0.0006 ± 0.0043
🟢 Ensemble Forecast: 0.0006 ± 0.0065
📈 RSI Signal:        HOLD (RSI: 64.7)
📊 BB Signal:         HOLD (Z-Score: -1.14)
🎯 Final Signal:      HOLD (Confidence: 50.0%)
💰 Recommendation:    HOLD

💰 Next-Day Closing Price Predictions:
   Current Close:    $35.45
   Bayesian:         $35.10 ($27.89 - $42.31)
   GP:               $35.47 ($35.32 - $35.63)
   Ensemble:         $35.47 ($35.24 - $35.70)
2026-10-05 21:25:36,630 | INFO | CALIBRATION APPLIED: 16 signal(s), fit on n=24450 (fitted 2026-10-05T21:25:21+00:00) — 14 moved by >5pp
2026-10-05 21:25:36,641 | INFO | VOL SIZING | symbol=UNG | predicted_vol=45.1% | scale=x0.55 | ENFORCED | vol 45.1% vs 25% target -> x0.55
2026-10-05 21:25:36,646 | INFO | SIGNAL FILTER | symbol=WEAT | original=HOLD | normalized=HOLD | confidence=0.5000 | prob_profit=0.5319 | decision=HOLD | reason=explicit HOLD decision retained for logging
2026-10-05 21:25:36,646 | INFO | SIGNAL FILTER | symbol=CORN | original=HOLD | normalized=HOLD | confidence=0.4250 | prob_profit=0.5193 | decision=HOLD | reason=explicit HOLD decision retained for logging
2026-10-05 21:25:36,647 | INFO | SIGNAL FILTER | symbol=SOYB | original=HOLD | normalized=HOLD | confidence=0.5000 | prob_profit=0.5319 | decision=HOLD | reason=explicit HOLD decision retained for logging
2026-10-05 21:25:36,647 | INFO | SIGNAL FILTER | symbol=CANE | original=SELL | normalized=SELL | confidence=0.8625 | prob_profit=0.5319 | p_dir=0.4681 | decision=REJECT | reason=P(down) 0.4681 < 0.5000
2026-10-05 21:25:36,647 | INFO | SIGNAL FILTER | symbol=DBA | original=HOLD | normalized=HOLD | confidence=0.5000 | prob_profit=0.5193 | decision=HOLD | reason=explicit HOLD decision retained for logging
2026-10-05 21:25:36,647 | INFO | SIGNAL FILTER | symbol=UNG | original=SELL | normalized=SELL | confidence=0.7500 | prob_profit=0.4885 | p_dir=0.5115 | decision=PASS | reason=meets confidence and probability thresholds
2026-10-05 21:25:36,647 | INFO | SIGNAL FILTER | symbol=BNO | original=HOLD | normalized=HOLD | confidence=0.5000 | prob_profit=0.5319 | decision=HOLD | reason=explicit HOLD decision retained for logging
2026-10-05 21:25:36,647 | INFO | SIGNAL FILTER | symbol=XLE | original=HOLD | normalized=HOLD | confidence=0.5000 | prob_profit=0.5319 | decision=HOLD | reason=explicit HOLD decision retained for logging
2026-10-05 21:25:36,647 | INFO | SIGNAL FILTER | symbol=SLV | original=HOLD | normalized=HOLD | confidence=0.5000 | prob_profit=0.5319 | decision=HOLD | reason=explicit HOLD decision retained for logging
2026-10-05 21:25:36,647 | INFO | SIGNAL FILTER | symbol=IAU | original=BUY | normalized=BUY | confidence=0.8625 | prob_profit=0.4904 | p_dir=0.4904 | decision=REJECT | reason=P(up) 0.4904 < 0.5000
2026-10-05 21:25:36,647 | INFO | SIGNAL FILTER | symbol=PPLT | original=HOLD | normalized=HOLD | confidence=0.5000 | prob_profit=0.5319 | decision=HOLD | reason=explicit HOLD decision retained for logging
2026-10-05 21:25:36,647 | INFO | SIGNAL FILTER | symbol=PALL | original=HOLD | normalized=HOLD | confidence=0.4250 | prob_profit=0.5319 | decision=HOLD | reason=explicit HOLD decision retained for logging
2026-10-05 21:25:36,647 | INFO | SIGNAL FILTER | symbol=CPER | original=HOLD | normalized=HOLD | confidence=0.5000 | prob_profit=0.5319 | decision=HOLD | reason=explicit HOLD decision retained for logging
2026-10-05 21:25:36,647 | INFO | SIGNAL FILTER | symbol=DBB | original=HOLD | normalized=HOLD | confidence=0.5000 | prob_profit=0.5319 | decision=HOLD | reason=explicit HOLD decision retained for logging
2026-10-05 21:25:36,647 | INFO | SIGNAL FILTER | symbol=DBC | original=HOLD | normalized=HOLD | confidence=0.5000 | prob_profit=0.5193 | decision=HOLD | reason=explicit HOLD decision retained for logging
2026-10-05 21:25:36,647 | INFO | SIGNAL FILTER | symbol=GSG | original=HOLD | normalized=HOLD | confidence=0.5000 | prob_profit=0.5193 | decision=HOLD | reason=explicit HOLD decision retained for logging
2026-10-05 21:25:36,647 | INFO | EDGE GATE | symbol=UNG | move=2.246% | p_dir=0.512 | cost=0.180% | EV=-0.128% | decision=REJECT | reason=predicted move 2.246% at 51.2% does not cover 0.180% round-trip cost (EV -0.128%)
2026-10-05 21:25:36,647 | ERROR | rejection_reason: edge gate UNG: predicted move 2.246% at 51.2% does not cover 0.180% round-trip cost (EV -0.128%)
2026-10-05 21:25:36,647 | INFO | EDGE GATE SUMMARY: 1 directional signal(s) evaluated, 1 demoted to HOLD (enforcing)
2026-10-05 21:25:36,647 | INFO | SIGNALS GENERATED: 16 total, 0 directional candidates, 14 hold decisions
2026-10-05 21:25:36,649 | INFO | THESES SHADOW-LOGGED: 16
2026-10-05 21:25:36,649 | INFO | OPTIONS CANDIDATES FOR TODAY: none
2026-10-05 21:25:36,649 | INFO | Loading portfolio state...
2026-10-05 21:25:36,757 | INFO | INVERSE ROUTING: nothing to route
  (no directional signals to route)
2026-10-05 21:25:36,757 | INFO | EDGE GATE SUMMARY: 0 directional signal(s) evaluated, 0 demoted to HOLD (enforcing)
2026-10-05 21:25:36,757 | INFO | Executing trading cycle...

📋 Pre-trade snapshot:
   Equity source: broker_live
   Account equity: $494.32
   Exposure (invested fraction): 0.0512
   Trades today (executed): 0
   Daily return: 0.0011
   Risk config: exposure=0.3, max_pos=0.2, max_trades/day=3, daily_loss_limit=0.02, paper_mode=True
[INFO] PAPER TRADING MODE: True — executing in paper mode with guardrails enabled.
2026-10-05 21:25:36,967 | INFO | ORDERS ATTEMPTED: 0
2026-10-05 21:25:36,968 | INFO | ORDERS SUBMITTED: 0
2026-10-05 21:25:36,969 | INFO | Decision summary: {'hold': 14}
2026-10-05 21:25:36,970 | INFO | END DAILY TRADING RUN
