2026-08-14 14:45:20,536 | INFO | eos finance domains unavailable (ImportError: eos checkout not found at /home/runner/work/finance_project/mcp_server. Set EOS_ROOT to the mcp_server directory to enable the finance domains.). Trading pipeline continues with built-in logic only.
2026-08-14 14:45:21,222 | INFO | Failed to extract font properties from /usr/share/fonts/truetype/noto/NotoColorEmoji.ttf: Non-scalable fonts are not supported
2026-08-14 14:45:21,511 | INFO | generated new fontManager
2026-08-14 14:45:21,707 | INFO | START DAILY TRADING RUN
2026-08-14 14:45:21,712 | INFO | DATE/TIME: 2026-08-14T10:45:21.712423-04:00
2026-08-14 14:45:22,520 | INFO | ACCOUNT: equity=$491.86 (source=broker_live) | cash=$312.87 | exposure=36.4%
2026-08-14 14:45:22,604 | INFO | FILL RECONCILE: 4 fills -> 1 round trips, realized P&L $-42.74 (0W/1L, 0.0% win rate), 2 lots still open, 1 rows written
2026-08-14 14:45:22,604 | INFO |   TSLA     1.00 sh  2026-03-24 -> 2026-07-23  $379.74 -> $337.00  P&L $-42.74 (-11.26%, 120d)
2026-08-14 14:45:22,605 | INFO |   OPEN BAC      2.00 sh @ $47.38 since 2026-03-24
2026-08-14 14:45:22,605 | INFO |   OPEN BNO      1.00 sh @ $49.60 since 2026-08-13
2026-08-14 14:45:22,662 | INFO | CURRENTLY HELD: BAC, BNO
2026-08-14 14:45:25,450 | INFO | UNIVERSE SCREEN: scope=all | 16/24 affordable at $98.37/position (20% of $491.86 equity)
  OK UNG        $10.09  up to 9 share(s) at $10.09
  OK CANE       $10.76  up to 9 share(s) at $10.76
  OK PPLT       $15.80  up to 6 share(s) at $15.80
  OK CORN       $18.11  up to 5 share(s) at $18.11
  OK PALL       $23.97  up to 4 share(s) at $23.97
  OK WEAT       $24.92  up to 3 share(s) at $24.92
  OK SOYB       $25.26  up to 3 share(s) at $25.26
  OK DBB        $25.42  up to 3 share(s) at $25.42
  OK DBA        $27.65  up to 3 share(s) at $27.65
  OK DBC        $29.89  up to 3 share(s) at $29.89
  OK GSG        $32.34  up to 3 share(s) at $32.34
  OK CPER       $40.08  up to 2 share(s) at $40.08
  OK BNO        $50.22  up to 1 share(s) at $50.22
  OK SLV        $59.04  up to 1 share(s) at $59.04
  OK XLE        $62.05  up to 1 share(s) at $62.05
  OK IAU        $82.41  up to 1 share(s) at $82.41
  -- UGA       $118.15  1 share costs $118.15 but the cap is $98.37 (20% of $491.86)
  -- USO       $125.49  1 share costs $125.49 but the cap is $98.37 (20% of $491.86)
  -- NVDA      $226.27  1 share costs $226.27 but the cap is $98.37 (20% of $491.86)
  -- AMZN      $264.05  1 share costs $264.05 but the cap is $98.37 (20% of $491.86)
  -- AAPL      $304.99  1 share costs $304.99 but the cap is $98.37 (20% of $491.86)
  -- GOOGL     $346.47  1 share costs $346.47 but the cap is $98.37 (20% of $491.86)
  -- GLD       $402.02  1 share costs $402.02 but the cap is $98.37 (20% of $491.86)
  -- MSFT      $499.19  1 share costs $499.19 but the cap is $98.37 (20% of $491.86)
2026-08-14 14:45:25,450 | INFO | TRADING UNIVERSE (17): WEAT, CORN, SOYB, CANE, DBA, UNG, BNO, XLE, SLV, IAU, PPLT, PALL, CPER, DBB, DBC, GSG, BAC
2026-08-14 14:45:25,660 | INFO | EXIT RECONCILE | BAC | ALREADY_PROTECTED | open protective sell order exists
2026-08-14 14:45:25,660 | INFO | EXIT RECONCILE | BNO | ATTACHED | GTC stop exit attached qty=1 (SL $49.22)
2026-08-14 14:45:25,661 | INFO | EXIT RECONCILE SUMMARY: 2 positions checked, 1 exits attached
2026-08-14 14:45:25,661 | INFO | Generating signals...
YF.download() has changed argument auto_adjust default to True

🔵 Running Bayesian Linear Regression for WEAT...
🟠 Running Gaussian Process for WEAT...

📊 WEAT - Unified Forecast Summary (2026-08-14)
======================================================================
🔵 Bayesian Forecast: 0.0017 ± 0.2012
🟠 GP Forecast:       0.0012 ± 0.0076
🟢 Ensemble Forecast: 0.0012 ± 0.0109
📈 RSI Signal:        HOLD (RSI: 47.2)
📊 BB Signal:         HOLD (Z-Score: 0.62)
🎯 Final Signal:      HOLD (Confidence: 50.0%)
💰 Recommendation:    HOLD

💰 Next-Day Closing Price Predictions:
   Current Close:    $24.92
   Bayesian:         $24.96 ($19.94 - $29.97)
   GP:               $24.94 ($24.75 - $25.13)
   Ensemble:         $24.94 ($24.67 - $25.22)

🔵 Running Bayesian Linear Regression for CORN...
🟠 Running Gaussian Process for CORN...

📊 CORN - Unified Forecast Summary (2026-08-14)
======================================================================
🔵 Bayesian Forecast: 0.0019 ± 0.2022
🟠 GP Forecast:       -0.0054 ± 0.0070
🟢 Ensemble Forecast: -0.0054 ± 0.0101
📈 RSI Signal:        HOLD (RSI: 59.7)
📊 BB Signal:         HOLD (Z-Score: 0.84)
🎯 Final Signal:      HOLD (Confidence: 50.0%)
💰 Recommendation:    HOLD

💰 Next-Day Closing Price Predictions:
   Current Close:    $18.11
   Bayesian:         $18.14 ($14.48 - $21.81)
   GP:               $18.01 ($17.88 - $18.14)
   Ensemble:         $18.01 ($17.83 - $18.20)

🔵 Running Bayesian Linear Regression for SOYB...
🟠 Running Gaussian Process for SOYB...

📊 SOYB - Unified Forecast Summary (2026-08-14)
======================================================================
🔵 Bayesian Forecast: -0.0017 ± 0.2011
🟠 GP Forecast:       0.0012 ± 0.0038
🟢 Ensemble Forecast: 0.0012 ± 0.0057
📈 RSI Signal:        HOLD (RSI: 46.1)
📊 BB Signal:         HOLD (Z-Score: -0.37)
🎯 Final Signal:      HOLD (Confidence: 50.0%)
💰 Recommendation:    HOLD

💰 Next-Day Closing Price Predictions:
   Current Close:    $25.26
   Bayesian:         $25.22 ($20.14 - $30.30)
   GP:               $25.29 ($25.19 - $25.38)
   Ensemble:         $25.29 ($25.14 - $25.43)

🔵 Running Bayesian Linear Regression for CANE...
🟠 Running Gaussian Process for CANE...

📊 CANE - Unified Forecast Summary (2026-08-14)
======================================================================
🔵 Bayesian Forecast: 0.0043 ± 0.2037
🟠 GP Forecast:       -0.0013 ± 0.0083
🟢 Ensemble Forecast: -0.0013 ± 0.0119
📈 RSI Signal:        SELL (RSI: 73.1)
📊 BB Signal:         HOLD (Z-Score: 1.44)
🎯 Final Signal:      HOLD (Confidence: 50.0%)
💰 Recommendation:    HOLD

💰 Next-Day Closing Price Predictions:
   Current Close:    $10.76
   Bayesian:         $10.81 ($8.61 - $13.00)
   GP:               $10.75 ($10.66 - $10.84)
   Ensemble:         $10.75 ($10.62 - $10.87)

🔵 Running Bayesian Linear Regression for DBA...
🟠 Running Gaussian Process for DBA...

📊 DBA - Unified Forecast Summary (2026-08-14)
======================================================================
🔵 Bayesian Forecast: -0.0022 ± 0.2015
🟠 GP Forecast:       0.0024 ± 0.0053
🟢 Ensemble Forecast: 0.0023 ± 0.0078
📈 RSI Signal:        HOLD (RSI: 48.7)
📊 BB Signal:         HOLD (Z-Score: -0.46)
🎯 Final Signal:      HOLD (Confidence: 50.0%)
💰 Recommendation:    HOLD

💰 Next-Day Closing Price Predictions:
   Current Close:    $27.65
   Bayesian:         $27.59 ($22.02 - $33.16)
   GP:               $27.71 ($27.57 - $27.86)
   Ensemble:         $27.71 ($27.50 - $27.93)

🔵 Running Bayesian Linear Regression for UNG...
🟠 Running Gaussian Process for UNG...

📊 UNG - Unified Forecast Summary (2026-08-14)
======================================================================
🔵 Bayesian Forecast: 0.0024 ± 0.2010
🟠 GP Forecast:       0.0079 ± 0.0050
🟢 Ensemble Forecast: 0.0079 ± 0.0073
📈 RSI Signal:        HOLD (RSI: 33.2)
📊 BB Signal:         HOLD (Z-Score: -0.00)
🎯 Final Signal:      BUY (Confidence: 75.0%)
💰 Recommendation:    BUY

💰 Next-Day Closing Price Predictions:
   Current Close:    $10.09
   Bayesian:         $10.11 ($8.09 - $12.14)
   GP:               $10.17 ($10.12 - $10.22)
   Ensemble:         $10.17 ($10.10 - $10.24)

🔵 Running Bayesian Linear Regression for BNO...
🟠 Running Gaussian Process for BNO...

📊 BNO - Unified Forecast Summary (2026-08-14)
======================================================================
🔵 Bayesian Forecast: 0.0077 ± 0.2034
🟠 GP Forecast:       0.0484 ± 0.0157
🟢 Ensemble Forecast: 0.0482 ± 0.0231
📈 RSI Signal:        SELL (RSI: 84.3)
📊 BB Signal:         HOLD (Z-Score: 0.38)
🎯 Final Signal:      BUY (Confidence: 75.0%)
💰 Recommendation:    BUY

💰 Next-Day Closing Price Predictions:
   Current Close:    $50.22
   Bayesian:         $50.60 ($40.39 - $60.82)
   GP:               $52.65 ($51.86 - $53.44)
   Ensemble:         $52.64 ($51.48 - $53.80)

🔵 Running Bayesian Linear Regression for XLE...
🟠 Running Gaussian Process for XLE...

📊 XLE - Unified Forecast Summary (2026-08-14)
======================================================================
🔵 Bayesian Forecast: 0.0129 ± 0.2037
🟠 GP Forecast:       0.0081 ± 0.0081
🟢 Ensemble Forecast: 0.0081 ± 0.0117
📈 RSI Signal:        SELL (RSI: 79.9)
📊 BB Signal:         SELL (Z-Score: 2.19)
🎯 Final Signal:      SELL (Confidence: 75.0%)
💰 Recommendation:    SELL

💰 Next-Day Closing Price Predictions:
   Current Close:    $62.06
   Bayesian:         $62.86 ($50.22 - $75.50)
   GP:               $62.56 ($62.05 - $63.06)
   Ensemble:         $62.56 ($61.83 - $63.28)

🔵 Running Bayesian Linear Regression for SLV...
🟠 Running Gaussian Process for SLV...

📊 SLV - Unified Forecast Summary (2026-08-14)
======================================================================
🔵 Bayesian Forecast: 0.0286 ± 0.2016
🟠 GP Forecast:       -0.0212 ± 0.0056
🟢 Ensemble Forecast: -0.0212 ± 0.0087
📈 RSI Signal:        HOLD (RSI: 58.6)
📊 BB Signal:         HOLD (Z-Score: 1.48)
🎯 Final Signal:      SELL (Confidence: 75.0%)
💰 Recommendation:    SELL

💰 Next-Day Closing Price Predictions:
   Current Close:    $59.04
   Bayesian:         $60.73 ($48.83 - $72.63)
   GP:               $57.79 ($57.46 - $58.12)
   Ensemble:         $57.79 ($57.28 - $58.31)

🔵 Running Bayesian Linear Regression for IAU...
🟠 Running Gaussian Process for IAU...

📊 IAU - Unified Forecast Summary (2026-08-14)
======================================================================
🔵 Bayesian Forecast: 0.0097 ± 0.2018
🟠 GP Forecast:       -0.0062 ± 0.0063
🟢 Ensemble Forecast: -0.0062 ± 0.0092
📈 RSI Signal:        HOLD (RSI: 54.6)
📊 BB Signal:         HOLD (Z-Score: 1.40)
🎯 Final Signal:      HOLD (Confidence: 50.0%)
💰 Recommendation:    HOLD

💰 Next-Day Closing Price Predictions:
   Current Close:    $82.41
   Bayesian:         $83.21 ($66.58 - $99.84)
   GP:               $81.90 ($81.38 - $82.42)
   Ensemble:         $81.90 ($81.14 - $82.66)

🔵 Running Bayesian Linear Regression for PPLT...
🟠 Running Gaussian Process for PPLT...

📊 PPLT - Unified Forecast Summary (2026-08-14)
======================================================================
🔵 Bayesian Forecast: 0.0209 ± 0.2014
🟠 GP Forecast:       -0.0242 ± 0.0071
🟢 Ensemble Forecast: -0.0241 ± 0.0107
📈 RSI Signal:        HOLD (RSI: 59.3)
📊 BB Signal:         HOLD (Z-Score: 1.07)
🎯 Final Signal:      SELL (Confidence: 75.0%)
💰 Recommendation:    SELL

💰 Next-Day Closing Price Predictions:
   Current Close:    $15.80
   Bayesian:         $16.12 ($12.94 - $19.31)
   GP:               $15.41 ($15.30 - $15.52)
   Ensemble:         $15.41 ($15.24 - $15.58)

🔵 Running Bayesian Linear Regression for PALL...
🟠 Running Gaussian Process for PALL...

📊 PALL - Unified Forecast Summary (2026-08-14)
======================================================================
🔵 Bayesian Forecast: 0.0139 ± 0.2018
🟠 GP Forecast:       -0.0071 ± 0.0095
🟢 Ensemble Forecast: -0.0071 ± 0.0137
📈 RSI Signal:        HOLD (RSI: 62.7)
📊 BB Signal:         HOLD (Z-Score: 0.19)
🎯 Final Signal:      HOLD (Confidence: 50.0%)
💰 Recommendation:    HOLD

💰 Next-Day Closing Price Predictions:
   Current Close:    $23.97
   Bayesian:         $24.30 ($19.46 - $29.14)
   GP:               $23.79 ($23.57 - $24.02)
   Ensemble:         $23.80 ($23.47 - $24.12)

🔵 Running Bayesian Linear Regression for CPER...
🟠 Running Gaussian Process for CPER...

📊 CPER - Unified Forecast Summary (2026-08-14)
======================================================================
🔵 Bayesian Forecast: 0.0074 ± 0.2010
🟠 GP Forecast:       0.0050 ± 0.0035
🟢 Ensemble Forecast: 0.0050 ± 0.0054
📈 RSI Signal:        HOLD (RSI: 48.7)
📊 BB Signal:         HOLD (Z-Score: 0.70)
🎯 Final Signal:      HOLD (Confidence: 50.0%)
💰 Recommendation:    HOLD

💰 Next-Day Closing Price Predictions:
   Current Close:    $40.07
   Bayesian:         $40.37 ($32.31 - $48.42)
   GP:               $40.27 ($40.13 - $40.41)
   Ensemble:         $40.27 ($40.05 - $40.48)

🔵 Running Bayesian Linear Regression for DBB...
🟠 Running Gaussian Process for DBB...

📊 DBB - Unified Forecast Summary (2026-08-14)
======================================================================
🔵 Bayesian Forecast: 0.0040 ± 0.2006
🟠 GP Forecast:       0.0034 ± 0.0030
🟢 Ensemble Forecast: 0.0034 ± 0.0046
📈 RSI Signal:        HOLD (RSI: 37.0)
📊 BB Signal:         HOLD (Z-Score: 0.76)
🎯 Final Signal:      HOLD (Confidence: 50.0%)
💰 Recommendation:    HOLD

💰 Next-Day Closing Price Predictions:
   Current Close:    $25.42
   Bayesian:         $25.52 ($20.42 - $30.62)
   GP:               $25.51 ($25.43 - $25.58)
   Ensemble:         $25.51 ($25.39 - $25.62)

🔵 Running Bayesian Linear Regression for DBC...
🟠 Running Gaussian Process for DBC...

📊 DBC - Unified Forecast Summary (2026-08-14)
======================================================================
🔵 Bayesian Forecast: 0.0041 ± 0.2020
🟠 GP Forecast:       0.0061 ± 0.0066
🟢 Ensemble Forecast: 0.0061 ± 0.0096
📈 RSI Signal:        HOLD (RSI: 67.9)
📊 BB Signal:         HOLD (Z-Score: 0.82)
🎯 Final Signal:      HOLD (Confidence: 50.0%)
💰 Recommendation:    HOLD

💰 Next-Day Closing Price Predictions:
   Current Close:    $29.89
   Bayesian:         $30.01 ($23.97 - $36.04)
   GP:               $30.07 ($29.87 - $30.27)
   Ensemble:         $30.07 ($29.78 - $30.35)

🔵 Running Bayesian Linear Regression for GSG...
🟠 Running Gaussian Process for GSG...

📊 GSG - Unified Forecast Summary (2026-08-14)
======================================================================
🔵 Bayesian Forecast: 0.0053 ± 0.2026
🟠 GP Forecast:       0.0117 ± 0.0074
🟢 Ensemble Forecast: 0.0117 ± 0.0107
📈 RSI Signal:        SELL (RSI: 79.9)
📊 BB Signal:         HOLD (Z-Score: 0.64)
🎯 Final Signal:      BUY (Confidence: 75.0%)
💰 Recommendation:    BUY

💰 Next-Day Closing Price Predictions:
   Current Close:    $32.34
   Bayesian:         $32.51 ($25.96 - $39.06)
   GP:               $32.72 ($32.48 - $32.96)
   Ensemble:         $32.72 ($32.37 - $33.06)

🔵 Running Bayesian Linear Regression for BAC...
🟠 Running Gaussian Process for BAC...

📊 BAC - Unified Forecast Summary (2026-08-14)
======================================================================
🔵 Bayesian Forecast: 0.0071 ± 0.2012
🟠 GP Forecast:       0.0006 ± 0.0031
🟢 Ensemble Forecast: 0.0006 ± 0.0048
📈 RSI Signal:        HOLD (RSI: 55.0)
📊 BB Signal:         HOLD (Z-Score: 1.46)
🎯 Final Signal:      HOLD (Confidence: 50.0%)
💰 Recommendation:    HOLD

💰 Next-Day Closing Price Predictions:
   Current Close:    $64.39
   Bayesian:         $64.84 ($51.89 - $77.80)
   GP:               $64.42 ($64.23 - $64.62)
   Ensemble:         $64.42 ($64.12 - $64.73)
2026-08-14 14:45:38,340 | INFO | SIGNAL FILTER | symbol=WEAT | original=HOLD | normalized=HOLD | confidence=0.5000 | prob_profit=0.5839 | decision=HOLD | reason=explicit HOLD decision retained for logging
2026-08-14 14:45:38,340 | INFO | SIGNAL FILTER | symbol=CORN | original=HOLD | normalized=HOLD | confidence=0.5000 | prob_profit=0.1429 | decision=HOLD | reason=explicit HOLD decision retained for logging
2026-08-14 14:45:38,340 | INFO | SIGNAL FILTER | symbol=SOYB | original=HOLD | normalized=HOLD | confidence=0.5000 | prob_profit=0.6630 | decision=HOLD | reason=explicit HOLD decision retained for logging
2026-08-14 14:45:38,340 | INFO | SIGNAL FILTER | symbol=CANE | original=HOLD | normalized=HOLD | confidence=0.5000 | prob_profit=0.4142 | decision=HOLD | reason=explicit HOLD decision retained for logging
2026-08-14 14:45:38,340 | INFO | SIGNAL FILTER | symbol=DBA | original=HOLD | normalized=HOLD | confidence=0.5000 | prob_profit=0.7270 | decision=HOLD | reason=explicit HOLD decision retained for logging
2026-08-14 14:45:38,340 | INFO | SIGNAL FILTER | symbol=UNG | original=BUY | normalized=BUY | confidence=0.7500 | prob_profit=0.9851 | p_dir=0.9851 | decision=PASS | reason=meets confidence and probability thresholds
2026-08-14 14:45:38,340 | INFO | SIGNAL FILTER | symbol=BNO | original=BUY | normalized=BUY | confidence=0.7500 | prob_profit=1.0000 | p_dir=1.0000 | decision=PASS | reason=meets confidence and probability thresholds
2026-08-14 14:45:38,340 | INFO | SIGNAL FILTER | symbol=XLE | original=SELL | normalized=SELL | confidence=0.8625 | prob_profit=0.9178 | p_dir=0.0822 | decision=REJECT | reason=P(down) 0.0822 < 0.5000
2026-08-14 14:45:38,340 | INFO | SIGNAL FILTER | symbol=SLV | original=SELL | normalized=SELL | confidence=0.7500 | prob_profit=0.0000 | p_dir=1.0000 | decision=PASS | reason=meets confidence and probability thresholds
2026-08-14 14:45:38,340 | INFO | SIGNAL FILTER | symbol=IAU | original=HOLD | normalized=HOLD | confidence=0.5000 | prob_profit=0.0906 | decision=HOLD | reason=explicit HOLD decision retained for logging
2026-08-14 14:45:38,340 | INFO | SIGNAL FILTER | symbol=PPLT | original=SELL | normalized=SELL | confidence=0.7500 | prob_profit=0.0000 | p_dir=1.0000 | decision=PASS | reason=meets confidence and probability thresholds
2026-08-14 14:45:38,340 | INFO | SIGNAL FILTER | symbol=PALL | original=HOLD | normalized=HOLD | confidence=0.5000 | prob_profit=0.1505 | decision=HOLD | reason=explicit HOLD decision retained for logging
2026-08-14 14:45:38,340 | INFO | SIGNAL FILTER | symbol=CPER | original=HOLD | normalized=HOLD | confidence=0.5000 | prob_profit=0.9684 | decision=HOLD | reason=explicit HOLD decision retained for logging
2026-08-14 14:45:38,340 | INFO | SIGNAL FILTER | symbol=DBB | original=HOLD | normalized=HOLD | confidence=0.5000 | prob_profit=0.9282 | decision=HOLD | reason=explicit HOLD decision retained for logging
2026-08-14 14:45:38,340 | INFO | SIGNAL FILTER | symbol=DBC | original=HOLD | normalized=HOLD | confidence=0.5000 | prob_profit=0.8975 | decision=HOLD | reason=explicit HOLD decision retained for logging
2026-08-14 14:45:38,340 | INFO | SIGNAL FILTER | symbol=GSG | original=BUY | normalized=BUY | confidence=0.7500 | prob_profit=0.9854 | p_dir=0.9854 | decision=PASS | reason=meets confidence and probability thresholds
2026-08-14 14:45:38,340 | INFO | SIGNAL FILTER | symbol=BAC | original=HOLD | normalized=HOLD | confidence=0.5000 | prob_profit=0.5997 | decision=HOLD | reason=explicit HOLD decision retained for logging
2026-08-14 14:45:38,341 | INFO | SIGNALS GENERATED: 17 total, 5 directional candidates, 11 hold decisions
2026-08-14 14:45:38,341 | INFO |   UNG   BUY  conf=0.75 prob=0.99 | energy / natural gas futures
2026-08-14 14:45:38,341 | INFO |   BNO   BUY  conf=0.75 prob=1.00 | energy / Brent crude futures
2026-08-14 14:45:38,341 | INFO |   SLV   SELL conf=0.75 prob=0.00 | precious_metals / physical silver
2026-08-14 14:45:38,341 | INFO |   PPLT  SELL conf=0.75 prob=0.00 | precious_metals / physical platinum
2026-08-14 14:45:38,341 | INFO |   GSG   BUY  conf=0.75 prob=0.99 | broad_commodity / GSCI commodity index
2026-08-14 14:45:38,342 | INFO | THESES SHADOW-LOGGED: 17
2026-08-14 14:45:38,568 | WARNING | Options data unavailable for UNG ({"message":"OPRA agreement is not signed"}
). Using placeholder candidates.
2026-08-14 14:45:38,568 | INFO | OPTIONS CANDIDATES FOR TODAY: UNG -> PUT {'symbol': 'UNG', 'expiration': '2026-09-13', 'strike': None, 'type': 'put', 'delta': None} | CALL {'symbol': 'UNG', 'expiration': '2026-09-13', 'strike': None, 'type': 'call', 'delta': None}
2026-08-14 14:45:38,789 | WARNING | Options data unavailable for BNO ({"message":"OPRA agreement is not signed"}
). Using placeholder candidates.
2026-08-14 14:45:38,790 | INFO | OPTIONS CANDIDATES FOR TODAY: BNO -> PUT {'symbol': 'BNO', 'expiration': '2026-09-13', 'strike': None, 'type': 'put', 'delta': None} | CALL {'symbol': 'BNO', 'expiration': '2026-09-13', 'strike': None, 'type': 'call', 'delta': None}
2026-08-14 14:45:38,986 | WARNING | Options data unavailable for SLV ({"message":"OPRA agreement is not signed"}
). Using placeholder candidates.
2026-08-14 14:45:38,987 | INFO | OPTIONS CANDIDATES FOR TODAY: SLV -> PUT {'symbol': 'SLV', 'expiration': '2026-09-13', 'strike': None, 'type': 'put', 'delta': None} | CALL {'symbol': 'SLV', 'expiration': '2026-09-13', 'strike': None, 'type': 'call', 'delta': None}
2026-08-14 14:45:39,197 | WARNING | Options data unavailable for PPLT ({"message":"OPRA agreement is not signed"}
). Using placeholder candidates.
2026-08-14 14:45:39,198 | INFO | OPTIONS CANDIDATES FOR TODAY: PPLT -> PUT {'symbol': 'PPLT', 'expiration': '2026-09-13', 'strike': None, 'type': 'put', 'delta': None} | CALL {'symbol': 'PPLT', 'expiration': '2026-09-13', 'strike': None, 'type': 'call', 'delta': None}
2026-08-14 14:45:39,418 | WARNING | Options data unavailable for GSG ({"message":"OPRA agreement is not signed"}
). Using placeholder candidates.
2026-08-14 14:45:39,419 | INFO | OPTIONS CANDIDATES FOR TODAY: GSG -> PUT {'symbol': 'GSG', 'expiration': '2026-09-13', 'strike': None, 'type': 'put', 'delta': None} | CALL {'symbol': 'GSG', 'expiration': '2026-09-13', 'strike': None, 'type': 'call', 'delta': None}
2026-08-14 14:45:39,419 | INFO | Loading portfolio state...
2026-08-14 14:45:39,845 | INFO | INVERSE ROUTE (entry) | SELL SLV -> BUY ZSL | -2x | ZSL @ $24.28 (-2x SLV)
2026-08-14 14:45:39,845 | INFO | INVERSE ROUTE (skipped) | SELL PPLT not actionable: no liquid inverse platinum fund listed in the US
2026-08-14 14:45:39,845 | INFO | INVERSE ROUTING: routed_entry=1, unroutable=1
  FROM    SIGNAL ACTION         TO      REASON
  SLV     SELL   routed_entry   ZSL     ZSL @ $24.28 (-2x SLV)
  PPLT    SELL   unroutable     -       no liquid inverse platinum fund listed in the US
2026-08-14 14:45:39,845 | INFO | Loading portfolio state for routed symbols: ZSL
2026-08-14 14:45:39,938 | INFO | Executing trading cycle...

📋 Pre-trade snapshot:
   Equity source: broker_live
   Account equity: $491.87
   Exposure (invested fraction): 0.3639
   Trades today (executed): 0
   Daily return: 0.0022
   Risk config: exposure=0.3, max_pos=0.2, max_trades/day=3, daily_loss_limit=0.02, paper_mode=True
[INFO] PAPER TRADING MODE: True — executing in paper mode with guardrails enabled.

🎯 UNG: BUY
   Quantity: 1 shares
   Entry: $10.09
   TP: $10.49
   SL: $9.89

[RISK TRACE] UNG
   equity_source_used: broker_live
   account_equity_value: 491.87
   max_position_size_value: 0.2
   computed_max_dollar_position: 98.37
   proposed_order_value: 10.09
   capped_quantity: 9
   final_decision: REJECT
   rejection_reason: Blocked: portfolio exposure limit reached

🎯 ZSL: BUY
   Quantity: 1 shares
   Entry: $24.28
   TP: $24.77
   SL: $24.04

[RISK TRACE] ZSL
   equity_source_used: broker_live
   account_equity_value: 491.87
   max_position_size_value: 0.2
   computed_max_dollar_position: 98.37
   proposed_order_value: 24.28
   capped_quantity: 4
   final_decision: REJECT
   rejection_reason: Blocked: portfolio exposure limit reached

🎯 GSG: BUY
   Quantity: 1 shares
   Entry: $32.34
   TP: $33.63
   SL: $31.69

[RISK TRACE] GSG
   equity_source_used: broker_live
   account_equity_value: 491.87
   max_position_size_value: 0.2
   computed_max_dollar_position: 98.37
   proposed_order_value: 32.34
   capped_quantity: 3
   final_decision: REJECT
   rejection_reason: Blocked: portfolio exposure limit reached
2026-08-14 14:45:40,230 | INFO | ORDERS ATTEMPTED: 0
2026-08-14 14:45:40,230 | INFO | ORDERS SUBMITTED: 0
2026-08-14 14:45:40,231 | INFO | Decision summary: {'hold': 12, 'rejected': 3}
2026-08-14 14:45:40,231 | INFO | END DAILY TRADING RUN
