2026-10-08 19:36:19,968 | INFO | EOS FINANCE DOMAINS AVAILABLE at /home/runner/work/_temp/eos/mcp_server
2026-10-08 19:36:20,408 | INFO | Failed to extract font properties from /usr/share/fonts/truetype/noto/NotoColorEmoji.ttf: Non-scalable fonts are not supported
2026-10-08 19:36:20,985 | INFO | generated new fontManager
2026-10-08 19:36:21,131 | INFO | START DAILY TRADING RUN
2026-10-08 19:36:21,131 | INFO | DATE/TIME: 2026-10-08T15:36:21.131959-04:00
2026-10-08 19:36:21,531 | INFO | ACCOUNT: equity=$493.96 (source=broker_live) | cash=$493.96 | exposure=0.0%
2026-10-08 19:36:21,650 | INFO | FILL RECONCILE: 39 fills -> 20 round trips, realized P&L $-5.90 (7W/13L, 35.0% win rate), 0 lots still open, 20 rows written
2026-10-08 19:36:21,651 | INFO |   TSLA     1.00 sh  2026-03-24 -> 2026-07-23  $379.74 -> $337.00  P&L $-42.74 (-11.26%, 120d)
2026-10-08 19:36:21,651 | INFO |   BAC      1.00 sh  2026-03-24 -> 2026-09-09  $47.38 -> $62.79  P&L $+15.41 (+32.52%, 169d)
2026-10-08 19:36:21,651 | INFO |   BAC      1.00 sh  2026-03-24 -> 2026-09-11  $47.38 -> $62.54  P&L $+15.16 (+32.00%, 171d)
2026-10-08 19:36:21,651 | INFO |   CORN     1.00 sh  2026-09-09 -> 2026-09-11  $19.91 -> $19.89  P&L $-0.02 (-0.10%, 1d)
2026-10-08 19:36:21,651 | INFO |   KOLD     1.00 sh  2026-09-15 -> 2026-09-15  $28.63 -> $28.34  P&L $-0.29 (-1.01%, 0d)
2026-10-08 19:36:21,651 | INFO |   CPER     1.00 sh  2026-09-11 -> 2026-09-17  $39.27 -> $39.89  P&L $+0.62 (+1.58%, 6d)
2026-10-08 19:36:21,651 | INFO |   BNO      1.00 sh  2026-08-13 -> 2026-09-17  $49.60 -> $61.30  P&L $+11.70 (+23.59%, 35d)
2026-10-08 19:36:21,651 | INFO |   KOLD     1.00 sh  2026-09-16 -> 2026-09-18  $29.39 -> $28.97  P&L $-0.42 (-1.43%, 1d)
2026-10-08 19:36:21,651 | INFO |   GSG      1.00 sh  2026-09-16 -> 2026-09-21  $36.72 -> $35.97  P&L $-0.75 (-2.04%, 4d)
2026-10-08 19:36:21,651 | INFO |   DBC      1.00 sh  2026-09-16 -> 2026-09-21  $33.27 -> $32.54  P&L $-0.73 (-2.19%, 4d)
2026-10-08 19:36:21,651 | INFO |   PALL     1.00 sh  2026-09-17 -> 2026-09-21  $23.36 -> $23.57  P&L $+0.21 (+0.90%, 3d)
2026-10-08 19:36:21,651 | INFO |   PPLT     1.00 sh  2026-09-17 -> 2026-09-23  $16.17 -> $15.99  P&L $-0.18 (-1.11%, 5d)
2026-10-08 19:36:21,651 | INFO |   SLV      1.00 sh  2026-09-22 -> 2026-09-24  $59.76 -> $57.24  P&L $-2.52 (-4.22%, 1d)
2026-10-08 19:36:21,651 | INFO |   PALL     1.00 sh  2026-09-22 -> 2026-09-25  $23.48 -> $22.67  P&L $-0.81 (-3.45%, 2d)
2026-10-08 19:36:21,651 | INFO |   KOLD     1.00 sh  2026-09-24 -> 2026-09-25  $22.92 -> $24.80  P&L $+1.88 (+8.20%, 1d)
2026-10-08 19:36:21,651 | INFO |   IAU      1.00 sh  2026-09-24 -> 2026-09-28  $80.04 -> $77.93  P&L $-2.11 (-2.64%, 3d)
2026-10-08 19:36:21,651 | INFO |   SCO      1.00 sh  2026-09-29 -> 2026-09-29  $20.40 -> $20.37  P&L $-0.03 (-0.15%, 0d)
2026-10-08 19:36:21,651 | INFO |   GLL      1.00 sh  2026-09-29 -> 2026-09-29  $24.89 -> $24.93  P&L $+0.04 (+0.16%, 0d)
2026-10-08 19:36:21,651 | INFO |   ZSL      1.00 sh  2026-09-29 -> 2026-09-29  $27.20 -> $26.92  P&L $-0.28 (-1.03%, 0d)
2026-10-08 19:36:21,651 | INFO |   WEAT     1.00 sh  2026-09-29 -> 2026-10-07  $24.99 -> $24.95  P&L $-0.04 (-0.16%, 8d)
2026-10-08 19:36:24,161 | INFO | UNIVERSE SCREEN: scope=all | 16/24 affordable at $98.79/position (20% of $493.96 equity)
  OK UNG        $10.82  up to 9 share(s) at $10.82
  OK CANE       $11.99  up to 8 share(s) at $11.99
  OK PPLT       $14.81  up to 6 share(s) at $14.81
  OK CORN       $18.99  up to 5 share(s) at $18.99
  OK PALL       $20.47  up to 4 share(s) at $20.47
  OK WEAT       $24.78  up to 3 share(s) at $24.78
  OK DBB        $24.79  up to 3 share(s) at $24.79
  OK SOYB       $27.42  up to 3 share(s) at $27.42
  OK DBA        $28.34  up to 3 share(s) at $28.34
  OK DBC        $32.97  up to 2 share(s) at $32.97
  OK GSG        $36.17  up to 2 share(s) at $36.17
  OK CPER       $39.44  up to 2 share(s) at $39.44
  OK SLV        $53.39  up to 1 share(s) at $53.39
  OK BNO        $63.82  up to 1 share(s) at $63.82
  OK XLE        $65.31  up to 1 share(s) at $65.31
  OK IAU        $77.60  up to 1 share(s) at $77.60
  -- USO       $147.95  1 share costs $147.95 but the cap is $98.79 (20% of $493.96)
  -- UGA       $149.44  1 share costs $149.44 but the cap is $98.79 (20% of $493.96)
  -- NVDA      $230.55  1 share costs $230.55 but the cap is $98.79 (20% of $493.96)
  -- AMZN      $255.00  1 share costs $255.00 but the cap is $98.79 (20% of $493.96)
  -- AAPL      $341.11  1 share costs $341.11 but the cap is $98.79 (20% of $493.96)
  -- GOOGL     $347.43  1 share costs $347.43 but the cap is $98.79 (20% of $493.96)
  -- GLD       $378.39  1 share costs $378.39 but the cap is $98.79 (20% of $493.96)
  -- MSFT      $522.14  1 share costs $522.14 but the cap is $98.79 (20% of $493.96)
2026-10-08 19:36:24,161 | INFO | TRADING UNIVERSE (16): WEAT, CORN, SOYB, CANE, DBA, UNG, BNO, XLE, SLV, IAU, PPLT, PALL, CPER, DBB, DBC, GSG
2026-10-08 19:36:24,223 | INFO | EXIT RECONCILE SUMMARY: 0 positions checked, 0 exits attached
2026-10-08 19:36:24,243 | INFO | COMPONENT ACCURACY (all history):
  base rate: the market rose on 51.6% of 24488 scored observations — beat this, not 50%
  component         n     acc            95% CI  verdict
  --------------------------------------------------------------
  Bollinger      6803   49.8%   [ 48.6%,  51.0%]  indistinguishable from a coin flip
  Bayesian      24488   49.2%   [ 48.6%,  49.9%]  WORSE than chance
  GaussianProc  24488   50.8%   [ 50.2%,  51.5%]  beats 50% but NOT the 51.6% base rate
  RSI            5879   51.4%   [ 50.2%,  52.7%]  beats 50% but NOT the 51.6% base rate
  ENSEMBLE       4653   50.9%   [ 49.5%,  52.3%]  indistinguishable from a coin flip
2026-10-08 19:36:24,535 | INFO | CALIBRATION: refit from 24479 matched prediction(s), saved to trade_logs/calibration.json
2026-10-08 19:36:26,315 | INFO | NEWS SCORING: 26 event(s) graded against realized returns
2026-10-08 19:36:26,315 | INFO | NEWS DIFFUSION ACCURACY (all history):
  base rate: the market rose on 47.9% of 361 scored news-linked observations
  match_type    n     acc            95% CI  verdict
  ----------------------------------------------------------
  explicit     37   27.0%   [ 12.7%,  41.3%]  WORSE than chance
  theme        82   39.0%   [ 28.5%,  49.6%]  WORSE than chance
2026-10-08 19:36:26,488 | INFO | NEWS DIFFUSION: 13 event(s) across 9 symbol(s)
2026-10-08 19:36:26,488 | INFO | NEWS EVENT | symbol=XLE | match=explicit | polarity=bullish (1.00) | themes=geopolitical_supply_shock | Stock Market Today: S&P 500 Slips as Oil Spikes 5%, 10-Year Yields Near 5.35%
2026-10-08 19:36:26,488 | INFO | NEWS EVENT | symbol=WEAT | match=theme | polarity=bullish (1.00) | themes=geopolitical_supply_shock | Stock Market Today: S&P 500 Slips as Oil Spikes 5%, 10-Year Yields Near 5.35%
2026-10-08 19:36:26,488 | INFO | NEWS EVENT | symbol=CORN | match=theme | polarity=bullish (1.00) | themes=geopolitical_supply_shock | Stock Market Today: S&P 500 Slips as Oil Spikes 5%, 10-Year Yields Near 5.35%
2026-10-08 19:36:26,488 | INFO | NEWS EVENT | symbol=UNG | match=theme | polarity=bullish (1.00) | themes=geopolitical_supply_shock | Stock Market Today: S&P 500 Slips as Oil Spikes 5%, 10-Year Yields Near 5.35%
2026-10-08 19:36:26,488 | INFO | NEWS EVENT | symbol=BNO | match=theme | polarity=bullish (1.00) | themes=geopolitical_supply_shock | Stock Market Today: S&P 500 Slips as Oil Spikes 5%, 10-Year Yields Near 5.35%
2026-10-08 19:36:26,488 | INFO | NEWS EVENT | symbol=IAU | match=theme | polarity=bullish (1.00) | themes=geopolitical_supply_shock | Stock Market Today: S&P 500 Slips as Oil Spikes 5%, 10-Year Yields Near 5.35%
2026-10-08 19:36:26,488 | INFO | NEWS EVENT | symbol=XLE | match=explicit | polarity=neutral (0.00) | themes=- | 8 Of 11 Sectors Fall In Thursday Trading As Energy Leads
2026-10-08 19:36:26,488 | INFO | NEWS EVENT | symbol=UNG | match=explicit | polarity=neutral (0.00) | themes=- | USA Natural Gas Storage 85B Vs 79B Est.
2026-10-08 19:36:26,488 | INFO | NEWS EVENT | symbol=BNO | match=explicit | polarity=bullish (1.00) | themes=- | Jim Cramer Says Oil Surge, Higher Rates Are ‘Convenient Excuses’ To Sell Semis as QQQ, SOXX Drop and Investors Question 
2026-10-08 19:36:26,488 | INFO | NEWS EVENT | symbol=XLE | match=explicit | polarity=bearish (-1.00) | themes=- | Stock Market Today: S&P 500, Russell 2000 Fall as 30-Year Yield Hits 5.7%
2026-10-08 19:36:26,488 | INFO | NEWS EVENT | symbol=SLV | match=explicit | polarity=bearish (-1.00) | themes=- | Stock Market Today: S&P 500, Russell 2000 Fall as 30-Year Yield Hits 5.7%
2026-10-08 19:36:26,488 | INFO | NEWS EVENT | symbol=XLE | match=explicit | polarity=neutral (0.00) | themes=- | 9 Of 11 Sectors Fall Wednesday As Defensives Lead
2026-10-08 19:36:26,488 | INFO | NEWS EVENT | symbol=UNG | match=explicit | polarity=neutral (0.00) | themes=crude | EIA Weekly Distillates Stocks 0.042M Barrel Draw Vs 2.100M Barrel Draw Est.
2026-10-08 19:36:26,488 | INFO | NEWS EVENT | symbol=BNO | match=theme | polarity=neutral (0.00) | themes=crude | EIA Weekly Distillates Stocks 0.042M Barrel Draw Vs 2.100M Barrel Draw Est.
2026-10-08 19:36:26,488 | INFO | NEWS EVENT | symbol=XLE | match=theme | polarity=neutral (0.00) | themes=crude | EIA Weekly Distillates Stocks 0.042M Barrel Draw Vs 2.100M Barrel Draw Est.
2026-10-08 19:36:26,488 | INFO | NEWS EVENT | symbol=DBC | match=theme | polarity=neutral (0.00) | themes=crude | EIA Weekly Distillates Stocks 0.042M Barrel Draw Vs 2.100M Barrel Draw Est.
2026-10-08 19:36:26,488 | INFO | NEWS EVENT | symbol=GSG | match=theme | polarity=neutral (0.00) | themes=crude | EIA Weekly Distillates Stocks 0.042M Barrel Draw Vs 2.100M Barrel Draw Est.
2026-10-08 19:36:26,488 | INFO | NEWS EVENT | symbol=UNG | match=explicit | polarity=neutral (0.00) | themes=crude | USA Gasoline Inventories 0.382M Barrel Build Vs 1.700M Barrel Draw Est.
2026-10-08 19:36:26,488 | INFO | NEWS EVENT | symbol=BNO | match=theme | polarity=neutral (0.00) | themes=crude | USA Gasoline Inventories 0.382M Barrel Build Vs 1.700M Barrel Draw Est.
2026-10-08 19:36:26,488 | INFO | NEWS EVENT | symbol=XLE | match=theme | polarity=neutral (0.00) | themes=crude | USA Gasoline Inventories 0.382M Barrel Build Vs 1.700M Barrel Draw Est.
2026-10-08 19:36:26,488 | INFO | NEWS EVENT | symbol=DBC | match=theme | polarity=neutral (0.00) | themes=crude | USA Gasoline Inventories 0.382M Barrel Build Vs 1.700M Barrel Draw Est.
2026-10-08 19:36:26,488 | INFO | NEWS EVENT | symbol=GSG | match=theme | polarity=neutral (0.00) | themes=crude | USA Gasoline Inventories 0.382M Barrel Build Vs 1.700M Barrel Draw Est.
2026-10-08 19:36:26,488 | INFO | NEWS EVENT | symbol=UNG | match=explicit | polarity=neutral (0.00) | themes=- | 'Qatar Brings Empty LNG Ships Into Gulf in Potential Export Boost' - Bloomberg
2026-10-08 19:36:26,488 | INFO | NEWS EVENT | symbol=IAU | match=explicit | polarity=neutral (0.00) | themes=geopolitical_supply_shock | Gold Is Down 20% from its Iran-War Peak: Which ETF Is Best Positioned for a Rebound?
2026-10-08 19:36:26,488 | INFO | NEWS EVENT | symbol=WEAT | match=theme | polarity=neutral (0.00) | themes=geopolitical_supply_shock | Gold Is Down 20% from its Iran-War Peak: Which ETF Is Best Positioned for a Rebound?
2026-10-08 19:36:26,488 | INFO | NEWS EVENT | symbol=CORN | match=theme | polarity=neutral (0.00) | themes=geopolitical_supply_shock | Gold Is Down 20% from its Iran-War Peak: Which ETF Is Best Positioned for a Rebound?
2026-10-08 19:36:26,488 | INFO | NEWS EVENT | symbol=UNG | match=theme | polarity=neutral (0.00) | themes=geopolitical_supply_shock | Gold Is Down 20% from its Iran-War Peak: Which ETF Is Best Positioned for a Rebound?
2026-10-08 19:36:26,488 | INFO | NEWS EVENT | symbol=BNO | match=theme | polarity=neutral (0.00) | themes=geopolitical_supply_shock | Gold Is Down 20% from its Iran-War Peak: Which ETF Is Best Positioned for a Rebound?
2026-10-08 19:36:26,489 | INFO | NEWS EVENT | symbol=UNG | match=explicit | polarity=neutral (0.00) | themes=- | IRGC Adviser Says 'Illegal Routes' In Strait Of Hormuz Will Soon Be Closed; Strait To Remain Closed Until Demands Are Me
2026-10-08 19:36:26,489 | INFO | NEWS EVENT | symbol=SLV | match=explicit | polarity=bullish (1.00) | themes=- | The Silver Waiting Game: Why One Allocator Put 25% of His Fund Into Another, Obscure Metal
2026-10-08 19:36:26,489 | INFO | NEWS EVENT | symbol=UNG | match=explicit | polarity=neutral (0.00) | themes=crude | API Crude Oil Stock 2.09M Barrel Draw Vs 1.019M Barrel Build Prior
2026-10-08 19:36:26,489 | INFO | NEWS EVENT | symbol=BNO | match=theme | polarity=neutral (0.00) | themes=crude | API Crude Oil Stock 2.09M Barrel Draw Vs 1.019M Barrel Build Prior
2026-10-08 19:36:26,489 | INFO | NEWS EVENT | symbol=XLE | match=theme | polarity=neutral (0.00) | themes=crude | API Crude Oil Stock 2.09M Barrel Draw Vs 1.019M Barrel Build Prior
2026-10-08 19:36:26,489 | INFO | NEWS EVENT | symbol=DBC | match=theme | polarity=neutral (0.00) | themes=crude | API Crude Oil Stock 2.09M Barrel Draw Vs 1.019M Barrel Build Prior
2026-10-08 19:36:26,489 | INFO | NEWS EVENT | symbol=GSG | match=theme | polarity=neutral (0.00) | themes=crude | API Crude Oil Stock 2.09M Barrel Draw Vs 1.019M Barrel Build Prior
2026-10-08 19:36:26,492 | INFO | NEWS DIFFUSION: 9 new event(s) persisted for scoring
2026-10-08 19:36:26,492 | INFO | Generating signals...
YF.download() has changed argument auto_adjust default to True

🔵 Running Bayesian Linear Regression for WEAT...
🟠 Running Gaussian Process for WEAT...

📊 WEAT - Unified Forecast Summary (2026-10-08)
======================================================================
🔵 Bayesian Forecast: -0.0101 ± 0.2019
🟠 GP Forecast:       0.0035 ± 0.0051
🟢 Ensemble Forecast: 0.0035 ± 0.0075
📈 RSI Signal:        HOLD (RSI: 30.1)
📊 BB Signal:         HOLD (Z-Score: -1.17)
🎯 Final Signal:      HOLD (Confidence: 50.0%)
💰 Recommendation:    HOLD

💰 Next-Day Closing Price Predictions:
   Current Close:    $24.78
   Bayesian:         $24.53 ($19.53 - $29.53)
   GP:               $24.87 ($24.74 - $24.99)
   Ensemble:         $24.87 ($24.68 - $25.05)

🔵 Running Bayesian Linear Regression for CORN...
🟠 Running Gaussian Process for CORN...

📊 CORN - Unified Forecast Summary (2026-10-08)
======================================================================
🔵 Bayesian Forecast: -0.0061 ± 0.2017
🟠 GP Forecast:       -0.0036 ± 0.0057
🟢 Ensemble Forecast: -0.0036 ± 0.0083
📈 RSI Signal:        HOLD (RSI: 34.8)
📊 BB Signal:         HOLD (Z-Score: -1.26)
🎯 Final Signal:      HOLD (Confidence: 50.0%)
💰 Recommendation:    HOLD

💰 Next-Day Closing Price Predictions:
   Current Close:    $18.99
   Bayesian:         $18.87 ($15.04 - $22.70)
   GP:               $18.92 ($18.81 - $19.02)
   Ensemble:         $18.92 ($18.76 - $19.07)

🔵 Running Bayesian Linear Regression for SOYB...
🟠 Running Gaussian Process for SOYB...

📊 SOYB - Unified Forecast Summary (2026-10-08)
======================================================================
🔵 Bayesian Forecast: -0.0035 ± 0.2018
🟠 GP Forecast:       0.0034 ± 0.0052
🟢 Ensemble Forecast: 0.0034 ± 0.0077
📈 RSI Signal:        HOLD (RSI: 40.3)
📊 BB Signal:         HOLD (Z-Score: -0.87)
🎯 Final Signal:      HOLD (Confidence: 50.0%)
💰 Recommendation:    HOLD

💰 Next-Day Closing Price Predictions:
   Current Close:    $27.42
   Bayesian:         $27.33 ($21.79 - $32.86)
   GP:               $27.52 ($27.38 - $27.66)
   Ensemble:         $27.52 ($27.31 - $27.73)

🔵 Running Bayesian Linear Regression for CANE...
🟠 Running Gaussian Process for CANE...

📊 CANE - Unified Forecast Summary (2026-10-08)
======================================================================
🔵 Bayesian Forecast: 0.0042 ± 0.2022
🟠 GP Forecast:       0.0065 ± 0.0060
🟢 Ensemble Forecast: 0.0065 ± 0.0087
📈 RSI Signal:        HOLD (RSI: 69.3)
📊 BB Signal:         HOLD (Z-Score: 1.26)
🎯 Final Signal:      HOLD (Confidence: 50.0%)
💰 Recommendation:    HOLD

💰 Next-Day Closing Price Predictions:
   Current Close:    $11.99
   Bayesian:         $12.04 ($9.62 - $14.47)
   GP:               $12.07 ($12.00 - $12.14)
   Ensemble:         $12.07 ($11.96 - $12.17)

🔵 Running Bayesian Linear Regression for DBA...
🟠 Running Gaussian Process for DBA...

📊 DBA - Unified Forecast Summary (2026-10-08)
======================================================================
🔵 Bayesian Forecast: -0.0028 ± 0.2015
🟠 GP Forecast:       0.0012 ± 0.0053
🟢 Ensemble Forecast: 0.0012 ± 0.0078
📈 RSI Signal:        HOLD (RSI: 44.6)
📊 BB Signal:         HOLD (Z-Score: -0.59)
🎯 Final Signal:      HOLD (Confidence: 50.0%)
💰 Recommendation:    HOLD

💰 Next-Day Closing Price Predictions:
   Current Close:    $28.34
   Bayesian:         $28.27 ($22.55 - $33.98)
   GP:               $28.38 ($28.23 - $28.53)
   Ensemble:         $28.38 ($28.16 - $28.60)

🔵 Running Bayesian Linear Regression for UNG...
🟠 Running Gaussian Process for UNG...

📊 UNG - Unified Forecast Summary (2026-10-08)
======================================================================
🔵 Bayesian Forecast: 0.0008 ± 0.2015
🟠 GP Forecast:       -0.0055 ± 0.0131
🟢 Ensemble Forecast: -0.0055 ± 0.0186
📈 RSI Signal:        HOLD (RSI: 54.4)
📊 BB Signal:         HOLD (Z-Score: 0.61)
🎯 Final Signal:      HOLD (Confidence: 50.0%)
💰 Recommendation:    HOLD

💰 Next-Day Closing Price Predictions:
   Current Close:    $10.82
   Bayesian:         $10.83 ($8.65 - $13.01)
   GP:               $10.77 ($10.62 - $10.91)
   Ensemble:         $10.77 ($10.56 - $10.97)

🔵 Running Bayesian Linear Regression for BNO...
🟠 Running Gaussian Process for BNO...

📊 BNO - Unified Forecast Summary (2026-10-08)
======================================================================
🔵 Bayesian Forecast: 0.0275 ± 0.2025
🟠 GP Forecast:       0.0078 ± 0.0073
🟢 Ensemble Forecast: 0.0078 ± 0.0107
📈 RSI Signal:        HOLD (RSI: 65.0)
📊 BB Signal:         SELL (Z-Score: 1.65)
🎯 Final Signal:      HOLD (Confidence: 50.0%)
💰 Recommendation:    HOLD

💰 Next-Day Closing Price Predictions:
   Current Close:    $63.82
   Bayesian:         $65.58 ($52.65 - $78.50)
   GP:               $64.32 ($63.85 - $64.79)
   Ensemble:         $64.32 ($63.64 - $65.00)

🔵 Running Bayesian Linear Regression for XLE...
🟠 Running Gaussian Process for XLE...

📊 XLE - Unified Forecast Summary (2026-10-08)
======================================================================
🔵 Bayesian Forecast: 0.0108 ± 0.2023
🟠 GP Forecast:       0.0032 ± 0.0035
🟢 Ensemble Forecast: 0.0032 ± 0.0053
📈 RSI Signal:        SELL (RSI: 70.8)
📊 BB Signal:         SELL (Z-Score: 1.76)
🎯 Final Signal:      SELL (Confidence: 75.0%)
💰 Recommendation:    SELL

💰 Next-Day Closing Price Predictions:
   Current Close:    $65.32
   Bayesian:         $66.02 ($52.81 - $79.24)
   GP:               $65.52 ($65.30 - $65.75)
   Ensemble:         $65.52 ($65.18 - $65.87)

🔵 Running Bayesian Linear Regression for SLV...
🟠 Running Gaussian Process for SLV...

📊 SLV - Unified Forecast Summary (2026-10-08)
======================================================================
🔵 Bayesian Forecast: -0.0237 ± 0.2018
🟠 GP Forecast:       0.0029 ± 0.0047
🟢 Ensemble Forecast: 0.0029 ± 0.0071
📈 RSI Signal:        HOLD (RSI: 31.9)
📊 BB Signal:         BUY (Z-Score: -1.57)
🎯 Final Signal:      HOLD (Confidence: 50.0%)
💰 Recommendation:    HOLD

💰 Next-Day Closing Price Predictions:
   Current Close:    $53.38
   Bayesian:         $52.12 ($41.35 - $62.90)
   GP:               $53.54 ($53.29 - $53.79)
   Ensemble:         $53.54 ($53.16 - $53.92)

🔵 Running Bayesian Linear Regression for IAU...
🟠 Running Gaussian Process for IAU...

📊 IAU - Unified Forecast Summary (2026-10-08)
======================================================================
🔵 Bayesian Forecast: -0.0067 ± 0.2011
🟠 GP Forecast:       -0.0023 ± 0.0047
🟢 Ensemble Forecast: -0.0023 ± 0.0070
📈 RSI Signal:        HOLD (RSI: 36.8)
📊 BB Signal:         HOLD (Z-Score: -1.20)
🎯 Final Signal:      HOLD (Confidence: 50.0%)
💰 Recommendation:    HOLD

💰 Next-Day Closing Price Predictions:
   Current Close:    $77.59
   Bayesian:         $77.07 ($61.47 - $92.67)
   GP:               $77.41 ($77.05 - $77.78)
   Ensemble:         $77.41 ($76.87 - $77.95)

🔵 Running Bayesian Linear Regression for PPLT...
🟠 Running Gaussian Process for PPLT...

📊 PPLT - Unified Forecast Summary (2026-10-08)
======================================================================
🔵 Bayesian Forecast: -0.0204 ± 0.2037
🟠 GP Forecast:       0.0083 ± 0.0051
🟢 Ensemble Forecast: 0.0083 ± 0.0076
📈 RSI Signal:        HOLD (RSI: 53.9)
📊 BB Signal:         BUY (Z-Score: -1.98)
🎯 Final Signal:      STRONG BUY (Confidence: 90.0%)
💰 Recommendation:    STRONG BUY

💰 Next-Day Closing Price Predictions:
   Current Close:    $14.81
   Bayesian:         $14.51 ($11.49 - $17.53)
   GP:               $14.94 ($14.86 - $15.01)
   Ensemble:         $14.94 ($14.83 - $15.05)
2026-10-08 19:36:33,418 | INFO | SIGNAL NORMALIZED | symbol=PPLT | original=STRONG BUY | normalized=BUY | confidence=1.0000 | prob_profit=0.9853

🔵 Running Bayesian Linear Regression for PALL...
🟠 Running Gaussian Process for PALL...

📊 PALL - Unified Forecast Summary (2026-10-08)
======================================================================
🔵 Bayesian Forecast: -0.0116 ± 0.2021
🟠 GP Forecast:       0.0092 ± 0.0057
🟢 Ensemble Forecast: 0.0092 ± 0.0085
📈 RSI Signal:        HOLD (RSI: 48.1)
📊 BB Signal:         BUY (Z-Score: -1.74)
🎯 Final Signal:      STRONG BUY (Confidence: 90.0%)
💰 Recommendation:    STRONG BUY

💰 Next-Day Closing Price Predictions:
   Current Close:    $20.47
   Bayesian:         $20.23 ($16.10 - $24.37)
   GP:               $20.66 ($20.54 - $20.78)
   Ensemble:         $20.66 ($20.48 - $20.83)
2026-10-08 19:36:34,267 | INFO | SIGNAL NORMALIZED | symbol=PALL | original=STRONG BUY | normalized=BUY | confidence=1.0000 | prob_profit=0.9850

🔵 Running Bayesian Linear Regression for CPER...
🟠 Running Gaussian Process for CPER...

📊 CPER - Unified Forecast Summary (2026-10-08)
======================================================================
🔵 Bayesian Forecast: -0.0038 ± 0.2012
🟠 GP Forecast:       0.0039 ± 0.0032
🟢 Ensemble Forecast: 0.0039 ± 0.0049
📈 RSI Signal:        HOLD (RSI: 53.7)
📊 BB Signal:         HOLD (Z-Score: -0.47)
🎯 Final Signal:      HOLD (Confidence: 50.0%)
💰 Recommendation:    HOLD

💰 Next-Day Closing Price Predictions:
   Current Close:    $39.44
   Bayesian:         $39.29 ($31.35 - $47.23)
   GP:               $39.60 ($39.47 - $39.72)
   Ensemble:         $39.60 ($39.40 - $39.79)

🔵 Running Bayesian Linear Regression for DBB...
🟠 Running Gaussian Process for DBB...

📊 DBB - Unified Forecast Summary (2026-10-08)
======================================================================
🔵 Bayesian Forecast: -0.0088 ± 0.2021
🟠 GP Forecast:       0.0044 ± 0.0036
🟢 Ensemble Forecast: 0.0044 ± 0.0056
📈 RSI Signal:        HOLD (RSI: 39.4)
📊 BB Signal:         BUY (Z-Score: -1.55)
🎯 Final Signal:      BUY (Confidence: 75.0%)
💰 Recommendation:    BUY

💰 Next-Day Closing Price Predictions:
   Current Close:    $24.79
   Bayesian:         $24.57 ($19.56 - $29.58)
   GP:               $24.90 ($24.81 - $24.99)
   Ensemble:         $24.90 ($24.76 - $25.04)

🔵 Running Bayesian Linear Regression for DBC...
🟠 Running Gaussian Process for DBC...

📊 DBC - Unified Forecast Summary (2026-10-08)
======================================================================
🔵 Bayesian Forecast: 0.0035 ± 0.2014
🟠 GP Forecast:       0.0028 ± 0.0043
🟢 Ensemble Forecast: 0.0028 ± 0.0063
📈 RSI Signal:        HOLD (RSI: 59.0)
📊 BB Signal:         HOLD (Z-Score: 0.50)
🎯 Final Signal:      HOLD (Confidence: 50.0%)
💰 Recommendation:    HOLD

💰 Next-Day Closing Price Predictions:
   Current Close:    $32.97
   Bayesian:         $33.08 ($26.44 - $39.73)
   GP:               $33.06 ($32.92 - $33.20)
   Ensemble:         $33.06 ($32.85 - $33.27)

🔵 Running Bayesian Linear Regression for GSG...
🟠 Running Gaussian Process for GSG...

📊 GSG - Unified Forecast Summary (2026-10-08)
======================================================================
🔵 Bayesian Forecast: 0.0030 ± 0.2016
🟠 GP Forecast:       0.0035 ± 0.0041
🟢 Ensemble Forecast: 0.0035 ± 0.0061
📈 RSI Signal:        HOLD (RSI: 63.4)
📊 BB Signal:         HOLD (Z-Score: 0.27)
🎯 Final Signal:      HOLD (Confidence: 50.0%)
💰 Recommendation:    HOLD

💰 Next-Day Closing Price Predictions:
   Current Close:    $36.17
   Bayesian:         $36.28 ($28.99 - $43.57)
   GP:               $36.30 ($36.15 - $36.44)
   Ensemble:         $36.30 ($36.08 - $36.52)
2026-10-08 19:36:36,902 | INFO | CALIBRATION APPLIED: 16 signal(s), fit on n=24479 (fitted 2026-10-08T19:36:24+00:00) — 16 moved by >5pp
2026-10-08 19:36:36,911 | INFO | VOL SIZING | symbol=PPLT | predicted_vol=35.9% | scale=x0.70 | ENFORCED | vol 35.9% vs 25% target -> x0.70
2026-10-08 19:36:36,915 | INFO | VOL SIZING | symbol=PALL | predicted_vol=33.2% | scale=x0.75 | ENFORCED | vol 33.2% vs 25% target -> x0.75
2026-10-08 19:36:36,919 | INFO | SIGNAL FILTER | symbol=WEAT | original=HOLD | normalized=HOLD | confidence=0.5000 | prob_profit=0.5319 | decision=HOLD | reason=explicit HOLD decision retained for logging
2026-10-08 19:36:36,919 | INFO | SIGNAL FILTER | symbol=CORN | original=HOLD | normalized=HOLD | confidence=0.5000 | prob_profit=0.4903 | decision=HOLD | reason=explicit HOLD decision retained for logging
2026-10-08 19:36:36,919 | INFO | SIGNAL FILTER | symbol=SOYB | original=HOLD | normalized=HOLD | confidence=0.5000 | prob_profit=0.5319 | decision=HOLD | reason=explicit HOLD decision retained for logging
2026-10-08 19:36:36,919 | INFO | SIGNAL FILTER | symbol=CANE | original=HOLD | normalized=HOLD | confidence=0.5000 | prob_profit=0.5319 | decision=HOLD | reason=explicit HOLD decision retained for logging
2026-10-08 19:36:36,919 | INFO | SIGNAL FILTER | symbol=DBA | original=HOLD | normalized=HOLD | confidence=0.5000 | prob_profit=0.5195 | decision=HOLD | reason=explicit HOLD decision retained for logging
2026-10-08 19:36:36,919 | INFO | SIGNAL FILTER | symbol=UNG | original=HOLD | normalized=HOLD | confidence=0.5000 | prob_profit=0.4903 | decision=HOLD | reason=explicit HOLD decision retained for logging
2026-10-08 19:36:36,919 | INFO | SIGNAL FILTER | symbol=BNO | original=HOLD | normalized=HOLD | confidence=0.4250 | prob_profit=0.5319 | decision=HOLD | reason=explicit HOLD decision retained for logging
2026-10-08 19:36:36,919 | INFO | SIGNAL FILTER | symbol=XLE | original=SELL | normalized=SELL | confidence=0.8625 | prob_profit=0.5319 | p_dir=0.4681 | decision=REJECT | reason=P(down) 0.4681 < 0.5000
2026-10-08 19:36:36,919 | INFO | SIGNAL FILTER | symbol=SLV | original=HOLD | normalized=HOLD | confidence=0.4250 | prob_profit=0.5319 | decision=HOLD | reason=explicit HOLD decision retained for logging
2026-10-08 19:36:36,919 | INFO | SIGNAL FILTER | symbol=IAU | original=HOLD | normalized=HOLD | confidence=0.5000 | prob_profit=0.4903 | decision=HOLD | reason=explicit HOLD decision retained for logging
2026-10-08 19:36:36,919 | INFO | SIGNAL FILTER | symbol=PPLT | original=STRONG BUY | normalized=BUY | confidence=1.0000 | prob_profit=0.5319 | p_dir=0.5319 | decision=PASS | reason=meets confidence and probability thresholds
2026-10-08 19:36:36,919 | INFO | SIGNAL FILTER | symbol=PALL | original=STRONG BUY | normalized=BUY | confidence=1.0000 | prob_profit=0.5319 | p_dir=0.5319 | decision=PASS | reason=meets confidence and probability thresholds
2026-10-08 19:36:36,919 | INFO | SIGNAL FILTER | symbol=CPER | original=HOLD | normalized=HOLD | confidence=0.5000 | prob_profit=0.5319 | decision=HOLD | reason=explicit HOLD decision retained for logging
2026-10-08 19:36:36,919 | INFO | SIGNAL FILTER | symbol=DBB | original=BUY | normalized=BUY | confidence=0.8625 | prob_profit=0.5319 | p_dir=0.5319 | decision=PASS | reason=meets confidence and probability thresholds
2026-10-08 19:36:36,919 | INFO | SIGNAL FILTER | symbol=DBC | original=HOLD | normalized=HOLD | confidence=0.5000 | prob_profit=0.5319 | decision=HOLD | reason=explicit HOLD decision retained for logging
2026-10-08 19:36:36,919 | INFO | SIGNAL FILTER | symbol=GSG | original=HOLD | normalized=HOLD | confidence=0.5000 | prob_profit=0.5319 | decision=HOLD | reason=explicit HOLD decision retained for logging
2026-10-08 19:36:36,919 | INFO | EDGE GATE | symbol=PPLT | move=0.826% | p_dir=0.532 | cost=0.300% | EV=-0.247% | decision=REJECT | reason=predicted move 0.826% at 53.2% does not cover 0.300% round-trip cost (EV -0.247%)
2026-10-08 19:36:36,919 | ERROR | rejection_reason: edge gate PPLT: predicted move 0.826% at 53.2% does not cover 0.300% round-trip cost (EV -0.247%)
2026-10-08 19:36:36,919 | INFO | EDGE GATE | symbol=PALL | move=0.918% | p_dir=0.532 | cost=0.400% | EV=-0.341% | decision=REJECT | reason=predicted move 0.918% at 53.2% does not cover 0.400% round-trip cost (EV -0.341%)
2026-10-08 19:36:36,919 | ERROR | rejection_reason: edge gate PALL: predicted move 0.918% at 53.2% does not cover 0.400% round-trip cost (EV -0.341%)
2026-10-08 19:36:36,919 | INFO | EDGE GATE | symbol=DBB | move=0.437% | p_dir=0.532 | cost=0.400% | EV=-0.372% | decision=REJECT | reason=predicted move 0.437% at 53.2% does not cover 0.400% round-trip cost (EV -0.372%)
2026-10-08 19:36:36,919 | ERROR | rejection_reason: edge gate DBB: predicted move 0.437% at 53.2% does not cover 0.400% round-trip cost (EV -0.372%)
2026-10-08 19:36:36,919 | INFO | EDGE GATE SUMMARY: 3 directional signal(s) evaluated, 3 demoted to HOLD (enforcing)
2026-10-08 19:36:36,919 | INFO | SIGNALS GENERATED: 16 total, 0 directional candidates, 15 hold decisions
2026-10-08 19:36:36,920 | INFO | THESES SHADOW-LOGGED: 16
2026-10-08 19:36:36,920 | INFO | OPTIONS CANDIDATES FOR TODAY: none
2026-10-08 19:36:36,920 | INFO | Loading portfolio state...
2026-10-08 19:36:36,977 | INFO | INVERSE ROUTING: nothing to route
  (no directional signals to route)
2026-10-08 19:36:36,977 | INFO | EDGE GATE SUMMARY: 0 directional signal(s) evaluated, 0 demoted to HOLD (enforcing)
2026-10-08 19:36:36,977 | INFO | Executing trading cycle...

📋 Pre-trade snapshot:
   Equity source: broker_live
   Account equity: $493.96
   Exposure (invested fraction): 0.0000
   Trades today (executed): 0
   Daily return: 0.0000
   Risk config: exposure=0.3, max_pos=0.2, max_trades/day=3, daily_loss_limit=0.02, paper_mode=True
[INFO] PAPER TRADING MODE: True — executing in paper mode with guardrails enabled.
2026-10-08 19:36:37,153 | INFO | ORDERS ATTEMPTED: 0
2026-10-08 19:36:37,153 | INFO | ORDERS SUBMITTED: 0
2026-10-08 19:36:37,155 | INFO | Decision summary: {'hold': 15}
2026-10-08 19:36:37,155 | INFO | END DAILY TRADING RUN
