2026-09-04 17:19:25,701 | INFO | eos finance domains unavailable (ImportError: eos checkout not found at /home/runner/work/finance_project/mcp_server. Set EOS_ROOT to the mcp_server directory to enable the finance domains.). Trading pipeline continues with built-in logic only.
2026-09-04 17:19:26,003 | INFO | Failed to extract font properties from /usr/share/fonts/truetype/noto/NotoColorEmoji.ttf: Non-scalable fonts are not supported
2026-09-04 17:19:26,112 | INFO | generated new fontManager
2026-09-04 17:19:26,353 | INFO | START DAILY TRADING RUN
2026-09-04 17:19:26,354 | INFO | DATE/TIME: 2026-09-04T13:19:26.354626-04:00
2026-09-04 17:19:27,264 | INFO | ACCOUNT: equity=$493.85 (source=broker_live) | cash=$312.87 | exposure=36.6%
2026-09-04 17:19:27,355 | INFO | FILL RECONCILE: 4 fills -> 1 round trips, realized P&L $-42.74 (0W/1L, 0.0% win rate), 2 lots still open, 1 rows written
2026-09-04 17:19:27,355 | INFO |   TSLA     1.00 sh  2026-03-24 -> 2026-07-23  $379.74 -> $337.00  P&L $-42.74 (-11.26%, 120d)
2026-09-04 17:19:27,356 | INFO |   OPEN BAC      2.00 sh @ $47.38 since 2026-03-24
2026-09-04 17:19:27,356 | INFO |   OPEN BNO      1.00 sh @ $49.60 since 2026-08-13
2026-09-04 17:19:27,426 | INFO | CURRENTLY HELD: BAC, BNO
2026-09-04 17:19:28,778 | INFO | UNIVERSE SCREEN: scope=all | 16/24 affordable at $98.77/position (20% of $493.85 equity)
  OK UNG        $10.61  up to 9 share(s) at $10.61
  OK CANE       $11.40  up to 8 share(s) at $11.40
  OK PPLT       $16.50  up to 5 share(s) at $16.50
  OK CORN       $20.09  up to 4 share(s) at $20.09
  OK PALL       $25.19  up to 3 share(s) at $25.19
  OK DBB        $25.75  up to 3 share(s) at $25.75
  OK WEAT       $26.64  up to 3 share(s) at $26.64
  OK SOYB       $27.62  up to 3 share(s) at $27.62
  OK DBA        $28.91  up to 3 share(s) at $28.91
  OK DBC        $31.84  up to 3 share(s) at $31.84
  OK GSG        $34.73  up to 2 share(s) at $34.73
  OK CPER       $39.95  up to 2 share(s) at $39.95
  OK BNO        $55.79  up to 1 share(s) at $55.79
  OK SLV        $59.80  up to 1 share(s) at $59.80
  OK XLE        $64.12  up to 1 share(s) at $64.12
  OK IAU        $83.45  up to 1 share(s) at $83.45
  -- UGA       $133.19  1 share costs $133.19 but the cap is $98.77 (20% of $493.85)
  -- USO       $141.05  1 share costs $141.05 but the cap is $98.77 (20% of $493.85)
  -- NVDA      $230.85  1 share costs $230.85 but the cap is $98.77 (20% of $493.85)
  -- AMZN      $257.10  1 share costs $257.10 but the cap is $98.77 (20% of $493.85)
  -- AAPL      $321.55  1 share costs $321.55 but the cap is $98.77 (20% of $493.85)
  -- GOOGL     $338.66  1 share costs $338.66 but the cap is $98.77 (20% of $493.85)
  -- GLD       $407.03  1 share costs $407.03 but the cap is $98.77 (20% of $493.85)
  -- MSFT      $501.03  1 share costs $501.03 but the cap is $98.77 (20% of $493.85)
2026-09-04 17:19:28,778 | INFO | TRADING UNIVERSE (17): WEAT, CORN, SOYB, CANE, DBA, UNG, BNO, XLE, SLV, IAU, PPLT, PALL, CPER, DBB, DBC, GSG, BAC
2026-09-04 17:19:28,915 | INFO | EXIT RECONCILE | BAC | ALREADY_PROTECTED | open protective sell order exists
2026-09-04 17:19:28,915 | INFO | EXIT RECONCILE | BNO | ALREADY_PROTECTED | open protective sell order exists
2026-09-04 17:19:28,915 | INFO | EXIT RECONCILE SUMMARY: 2 positions checked, 0 exits attached
2026-09-04 17:19:28,915 | INFO | Generating signals...
YF.download() has changed argument auto_adjust default to True

🔵 Running Bayesian Linear Regression for WEAT...
🟠 Running Gaussian Process for WEAT...

📊 WEAT - Unified Forecast Summary (2026-09-04)
======================================================================
🔵 Bayesian Forecast: 0.0019 ± 0.2033
🟠 GP Forecast:       0.0002 ± 0.0091
🟢 Ensemble Forecast: 0.0002 ± 0.0130
📈 RSI Signal:        SELL (RSI: 77.5)
📊 BB Signal:         HOLD (Z-Score: 0.52)
🎯 Final Signal:      HOLD (Confidence: 50.0%)
💰 Recommendation:    HOLD

💰 Next-Day Closing Price Predictions:
   Current Close:    $26.64
   Bayesian:         $26.69 ($21.27 - $32.10)
   GP:               $26.64 ($26.40 - $26.88)
   Ensemble:         $26.64 ($26.30 - $26.99)

🔵 Running Bayesian Linear Regression for CORN...
🟠 Running Gaussian Process for CORN...

📊 CORN - Unified Forecast Summary (2026-09-04)
======================================================================
🔵 Bayesian Forecast: 0.0042 ± 0.2034
🟠 GP Forecast:       0.0049 ± 0.0058
🟢 Ensemble Forecast: 0.0049 ± 0.0084
📈 RSI Signal:        SELL (RSI: 82.6)
📊 BB Signal:         HOLD (Z-Score: 1.04)
🎯 Final Signal:      HOLD (Confidence: 50.0%)
💰 Recommendation:    HOLD

💰 Next-Day Closing Price Predictions:
   Current Close:    $20.09
   Bayesian:         $20.17 ($16.09 - $24.26)
   GP:               $20.19 ($20.07 - $20.31)
   Ensemble:         $20.19 ($20.02 - $20.36)

🔵 Running Bayesian Linear Regression for SOYB...
🟠 Running Gaussian Process for SOYB...

📊 SOYB - Unified Forecast Summary (2026-09-04)
======================================================================
🔵 Bayesian Forecast: 0.0031 ± 0.2031
🟠 GP Forecast:       -0.0003 ± 0.0068
🟢 Ensemble Forecast: -0.0003 ± 0.0098
📈 RSI Signal:        SELL (RSI: 85.3)
📊 BB Signal:         HOLD (Z-Score: 1.34)
🎯 Final Signal:      HOLD (Confidence: 50.0%)
💰 Recommendation:    HOLD

💰 Next-Day Closing Price Predictions:
   Current Close:    $27.62
   Bayesian:         $27.71 ($22.10 - $33.31)
   GP:               $27.61 ($27.42 - $27.80)
   Ensemble:         $27.61 ($27.34 - $27.88)

🔵 Running Bayesian Linear Regression for CANE...
🟠 Running Gaussian Process for CANE...

📊 CANE - Unified Forecast Summary (2026-09-04)
======================================================================
🔵 Bayesian Forecast: 0.0067 ± 0.2030
🟠 GP Forecast:       0.0026 ± 0.0063
🟢 Ensemble Forecast: 0.0026 ± 0.0091
📈 RSI Signal:        SELL (RSI: 77.7)
📊 BB Signal:         HOLD (Z-Score: 0.86)
🎯 Final Signal:      HOLD (Confidence: 50.0%)
💰 Recommendation:    HOLD

💰 Next-Day Closing Price Predictions:
   Current Close:    $11.40
   Bayesian:         $11.48 ($9.17 - $13.80)
   GP:               $11.43 ($11.36 - $11.51)
   Ensemble:         $11.43 ($11.33 - $11.54)

🔵 Running Bayesian Linear Regression for DBA...
🟠 Running Gaussian Process for DBA...

📊 DBA - Unified Forecast Summary (2026-09-04)
======================================================================
🔵 Bayesian Forecast: 0.0004 ± 0.2017
🟠 GP Forecast:       0.0020 ± 0.0054
🟢 Ensemble Forecast: 0.0020 ± 0.0079
📈 RSI Signal:        SELL (RSI: 82.5)
📊 BB Signal:         HOLD (Z-Score: 0.77)
🎯 Final Signal:      HOLD (Confidence: 50.0%)
💰 Recommendation:    HOLD

💰 Next-Day Closing Price Predictions:
   Current Close:    $28.92
   Bayesian:         $28.93 ($23.10 - $34.76)
   GP:               $28.97 ($28.82 - $29.13)
   Ensemble:         $28.97 ($28.74 - $29.20)

🔵 Running Bayesian Linear Regression for UNG...
🟠 Running Gaussian Process for UNG...

📊 UNG - Unified Forecast Summary (2026-09-04)
======================================================================
🔵 Bayesian Forecast: 0.0264 ± 0.2024
🟠 GP Forecast:       -0.0072 ± 0.0041
🟢 Ensemble Forecast: -0.0072 ± 0.0063
📈 RSI Signal:        HOLD (RSI: 55.4)
📊 BB Signal:         HOLD (Z-Score: 1.44)
🎯 Final Signal:      SELL (Confidence: 75.0%)
💰 Recommendation:    SELL

💰 Next-Day Closing Price Predictions:
   Current Close:    $10.62
   Bayesian:         $10.90 ($8.75 - $13.05)
   GP:               $10.54 ($10.50 - $10.59)
   Ensemble:         $10.54 ($10.48 - $10.61)

🔵 Running Bayesian Linear Regression for BNO...
🟠 Running Gaussian Process for BNO...

📊 BNO - Unified Forecast Summary (2026-09-04)
======================================================================
🔵 Bayesian Forecast: 0.0168 ± 0.2026
🟠 GP Forecast:       0.0147 ± 0.0074
🟢 Ensemble Forecast: 0.0147 ± 0.0106
📈 RSI Signal:        SELL (RSI: 78.6)
📊 BB Signal:         SELL (Z-Score: 1.66)
🎯 Final Signal:      BUY (Confidence: 75.0%)
💰 Recommendation:    BUY

💰 Next-Day Closing Price Predictions:
   Current Close:    $55.79
   Bayesian:         $56.73 ($45.43 - $68.03)
   GP:               $56.61 ($56.20 - $57.02)
   Ensemble:         $56.61 ($56.02 - $57.20)

🔵 Running Bayesian Linear Regression for XLE...
🟠 Running Gaussian Process for XLE...

📊 XLE - Unified Forecast Summary (2026-09-04)
======================================================================
🔵 Bayesian Forecast: 0.0053 ± 0.2017
🟠 GP Forecast:       0.0040 ± 0.0041
🟢 Ensemble Forecast: 0.0040 ± 0.0062
📈 RSI Signal:        HOLD (RSI: 67.6)
📊 BB Signal:         HOLD (Z-Score: 0.90)
🎯 Final Signal:      HOLD (Confidence: 50.0%)
💰 Recommendation:    HOLD

💰 Next-Day Closing Price Predictions:
   Current Close:    $64.13
   Bayesian:         $64.47 ($51.53 - $77.40)
   GP:               $64.38 ($64.12 - $64.65)
   Ensemble:         $64.38 ($63.98 - $64.78)

🔵 Running Bayesian Linear Regression for SLV...
🟠 Running Gaussian Process for SLV...

📊 SLV - Unified Forecast Summary (2026-09-04)
======================================================================
🔵 Bayesian Forecast: -0.0014 ± 0.2023
🟠 GP Forecast:       0.0139 ± 0.0053
🟢 Ensemble Forecast: 0.0139 ± 0.0078
📈 RSI Signal:        HOLD (RSI: 50.6)
📊 BB Signal:         HOLD (Z-Score: -0.16)
🎯 Final Signal:      BUY (Confidence: 75.0%)
💰 Recommendation:    BUY

💰 Next-Day Closing Price Predictions:
   Current Close:    $59.81
   Bayesian:         $59.73 ($47.63 - $71.82)
   GP:               $60.64 ($60.32 - $60.96)
   Ensemble:         $60.64 ($60.17 - $61.11)

🔵 Running Bayesian Linear Regression for IAU...
🟠 Running Gaussian Process for IAU...

📊 IAU - Unified Forecast Summary (2026-09-04)
======================================================================
🔵 Bayesian Forecast: -0.0012 ± 0.2023
🟠 GP Forecast:       0.0002 ± 0.0064
🟢 Ensemble Forecast: 0.0002 ± 0.0093
📈 RSI Signal:        HOLD (RSI: 52.4)
📊 BB Signal:         HOLD (Z-Score: -0.28)
🎯 Final Signal:      HOLD (Confidence: 50.0%)
💰 Recommendation:    HOLD

💰 Next-Day Closing Price Predictions:
   Current Close:    $83.45
   Bayesian:         $83.35 ($66.47 - $100.23)
   GP:               $83.47 ($82.93 - $84.00)
   Ensemble:         $83.47 ($82.69 - $84.25)

🔵 Running Bayesian Linear Regression for PPLT...
🟠 Running Gaussian Process for PPLT...

📊 PPLT - Unified Forecast Summary (2026-09-04)
======================================================================
🔵 Bayesian Forecast: 0.0051 ± 0.2016
🟠 GP Forecast:       -0.0026 ± 0.0053
🟢 Ensemble Forecast: -0.0026 ± 0.0077
📈 RSI Signal:        HOLD (RSI: 54.1)
📊 BB Signal:         HOLD (Z-Score: 0.47)
🎯 Final Signal:      HOLD (Confidence: 50.0%)
💰 Recommendation:    HOLD

💰 Next-Day Closing Price Predictions:
   Current Close:    $16.50
   Bayesian:         $16.58 ($13.26 - $19.91)
   GP:               $16.46 ($16.37 - $16.54)
   Ensemble:         $16.46 ($16.33 - $16.58)

🔵 Running Bayesian Linear Regression for PALL...
🟠 Running Gaussian Process for PALL...

📊 PALL - Unified Forecast Summary (2026-09-04)
======================================================================
🔵 Bayesian Forecast: -0.0041 ± 0.2046
🟠 GP Forecast:       -0.0297 ± 0.0119
🟢 Ensemble Forecast: -0.0297 ± 0.0172
📈 RSI Signal:        HOLD (RSI: 63.7)
📊 BB Signal:         HOLD (Z-Score: 1.06)
🎯 Final Signal:      SELL (Confidence: 75.0%)
💰 Recommendation:    SELL

💰 Next-Day Closing Price Predictions:
   Current Close:    $25.19
   Bayesian:         $25.09 ($19.93 - $30.24)
   GP:               $24.44 ($24.14 - $24.74)
   Ensemble:         $24.44 ($24.01 - $24.88)

🔵 Running Bayesian Linear Regression for CPER...
🟠 Running Gaussian Process for CPER...

📊 CPER - Unified Forecast Summary (2026-09-04)
======================================================================
🔵 Bayesian Forecast: 0.0009 ± 0.2010
🟠 GP Forecast:       0.0025 ± 0.0042
🟢 Ensemble Forecast: 0.0025 ± 0.0062
📈 RSI Signal:        HOLD (RSI: 33.7)
📊 BB Signal:         HOLD (Z-Score: 0.20)
🎯 Final Signal:      HOLD (Confidence: 50.0%)
💰 Recommendation:    HOLD

💰 Next-Day Closing Price Predictions:
   Current Close:    $39.95
   Bayesian:         $39.98 ($31.96 - $48.01)
   GP:               $40.05 ($39.88 - $40.22)
   Ensemble:         $40.05 ($39.80 - $40.30)

🔵 Running Bayesian Linear Regression for DBB...
🟠 Running Gaussian Process for DBB...

📊 DBB - Unified Forecast Summary (2026-09-04)
======================================================================
🔵 Bayesian Forecast: 0.0043 ± 0.2019
🟠 GP Forecast:       0.0010 ± 0.0031
🟢 Ensemble Forecast: 0.0010 ± 0.0049
📈 RSI Signal:        HOLD (RSI: 63.3)
📊 BB Signal:         HOLD (Z-Score: 1.29)
🎯 Final Signal:      HOLD (Confidence: 50.0%)
💰 Recommendation:    HOLD

💰 Next-Day Closing Price Predictions:
   Current Close:    $25.75
   Bayesian:         $25.86 ($20.66 - $31.06)
   GP:               $25.78 ($25.70 - $25.86)
   Ensemble:         $25.78 ($25.65 - $25.90)

🔵 Running Bayesian Linear Regression for DBC...
🟠 Running Gaussian Process for DBC...

📊 DBC - Unified Forecast Summary (2026-09-04)
======================================================================
🔵 Bayesian Forecast: 0.0067 ± 0.2020
🟠 GP Forecast:       0.0016 ± 0.0044
🟢 Ensemble Forecast: 0.0016 ± 0.0066
📈 RSI Signal:        SELL (RSI: 83.3)
📊 BB Signal:         HOLD (Z-Score: 1.44)
🎯 Final Signal:      HOLD (Confidence: 50.0%)
💰 Recommendation:    HOLD

💰 Next-Day Closing Price Predictions:
   Current Close:    $31.84
   Bayesian:         $32.05 ($25.62 - $38.49)
   GP:               $31.89 ($31.75 - $32.03)
   Ensemble:         $31.89 ($31.68 - $32.10)

🔵 Running Bayesian Linear Regression for GSG...
🟠 Running Gaussian Process for GSG...

📊 GSG - Unified Forecast Summary (2026-09-04)
======================================================================
🔵 Bayesian Forecast: 0.0088 ± 0.2022
🟠 GP Forecast:       0.0034 ± 0.0044
🟢 Ensemble Forecast: 0.0034 ± 0.0066
📈 RSI Signal:        SELL (RSI: 87.1)
📊 BB Signal:         HOLD (Z-Score: 1.48)
🎯 Final Signal:      HOLD (Confidence: 50.0%)
💰 Recommendation:    HOLD

💰 Next-Day Closing Price Predictions:
   Current Close:    $34.73
   Bayesian:         $35.03 ($28.01 - $42.06)
   GP:               $34.85 ($34.69 - $35.00)
   Ensemble:         $34.85 ($34.62 - $35.08)

🔵 Running Bayesian Linear Regression for BAC...
🟠 Running Gaussian Process for BAC...

📊 BAC - Unified Forecast Summary (2026-09-04)
======================================================================
🔵 Bayesian Forecast: -0.0012 ± 0.2021
🟠 GP Forecast:       0.0015 ± 0.0041
🟢 Ensemble Forecast: 0.0015 ± 0.0062
📈 RSI Signal:        HOLD (RSI: 52.6)
📊 BB Signal:         HOLD (Z-Score: -0.32)
🎯 Final Signal:      HOLD (Confidence: 50.0%)
💰 Recommendation:    HOLD

💰 Next-Day Closing Price Predictions:
   Current Close:    $62.60
   Bayesian:         $62.52 ($49.88 - $75.17)
   GP:               $62.69 ($62.44 - $62.95)
   Ensemble:         $62.69 ($62.31 - $63.08)
2026-09-04 17:19:39,167 | INFO | SIGNAL FILTER | symbol=WEAT | original=HOLD | normalized=HOLD | confidence=0.5000 | prob_profit=0.5124 | decision=HOLD | reason=explicit HOLD decision retained for logging
2026-09-04 17:19:39,167 | INFO | SIGNAL FILTER | symbol=CORN | original=HOLD | normalized=HOLD | confidence=0.5000 | prob_profit=0.8809 | decision=HOLD | reason=explicit HOLD decision retained for logging
2026-09-04 17:19:39,167 | INFO | SIGNAL FILTER | symbol=SOYB | original=HOLD | normalized=HOLD | confidence=0.5000 | prob_profit=0.4723 | decision=HOLD | reason=explicit HOLD decision retained for logging
2026-09-04 17:19:39,167 | INFO | SIGNAL FILTER | symbol=CANE | original=HOLD | normalized=HOLD | confidence=0.5000 | prob_profit=0.7177 | decision=HOLD | reason=explicit HOLD decision retained for logging
2026-09-04 17:19:39,167 | INFO | SIGNAL FILTER | symbol=DBA | original=HOLD | normalized=HOLD | confidence=0.5000 | prob_profit=0.6941 | decision=HOLD | reason=explicit HOLD decision retained for logging
2026-09-04 17:19:39,167 | INFO | SIGNAL FILTER | symbol=UNG | original=SELL | normalized=SELL | confidence=0.7500 | prob_profit=0.0114 | p_dir=0.9886 | decision=PASS | reason=meets confidence and probability thresholds
2026-09-04 17:19:39,167 | INFO | SIGNAL FILTER | symbol=BNO | original=BUY | normalized=BUY | confidence=0.6375 | prob_profit=0.9972 | p_dir=0.9972 | decision=PASS | reason=meets confidence and probability thresholds
2026-09-04 17:19:39,167 | INFO | SIGNAL FILTER | symbol=XLE | original=HOLD | normalized=HOLD | confidence=0.5000 | prob_profit=0.8993 | decision=HOLD | reason=explicit HOLD decision retained for logging
2026-09-04 17:19:39,167 | INFO | SIGNAL FILTER | symbol=SLV | original=BUY | normalized=BUY | confidence=0.7500 | prob_profit=0.9998 | p_dir=0.9998 | decision=PASS | reason=meets confidence and probability thresholds
2026-09-04 17:19:39,167 | INFO | SIGNAL FILTER | symbol=IAU | original=HOLD | normalized=HOLD | confidence=0.5000 | prob_profit=0.5172 | decision=HOLD | reason=explicit HOLD decision retained for logging
2026-09-04 17:19:39,167 | INFO | SIGNAL FILTER | symbol=PPLT | original=HOLD | normalized=HOLD | confidence=0.5000 | prob_profit=0.2494 | decision=HOLD | reason=explicit HOLD decision retained for logging
2026-09-04 17:19:39,167 | INFO | SIGNAL FILTER | symbol=PALL | original=SELL | normalized=SELL | confidence=0.7500 | prob_profit=0.0003 | p_dir=0.9997 | decision=PASS | reason=meets confidence and probability thresholds
2026-09-04 17:19:39,167 | INFO | SIGNAL FILTER | symbol=CPER | original=HOLD | normalized=HOLD | confidence=0.5000 | prob_profit=0.7942 | decision=HOLD | reason=explicit HOLD decision retained for logging
2026-09-04 17:19:39,168 | INFO | SIGNAL FILTER | symbol=DBB | original=HOLD | normalized=HOLD | confidence=0.5000 | prob_profit=0.6648 | decision=HOLD | reason=explicit HOLD decision retained for logging
2026-09-04 17:19:39,168 | INFO | SIGNAL FILTER | symbol=DBC | original=HOLD | normalized=HOLD | confidence=0.5000 | prob_profit=0.6838 | decision=HOLD | reason=explicit HOLD decision retained for logging
2026-09-04 17:19:39,168 | INFO | SIGNAL FILTER | symbol=GSG | original=HOLD | normalized=HOLD | confidence=0.5000 | prob_profit=0.8465 | decision=HOLD | reason=explicit HOLD decision retained for logging
2026-09-04 17:19:39,168 | INFO | SIGNAL FILTER | symbol=BAC | original=HOLD | normalized=HOLD | confidence=0.5000 | prob_profit=0.6849 | decision=HOLD | reason=explicit HOLD decision retained for logging
2026-09-04 17:19:39,168 | INFO | SIGNALS GENERATED: 17 total, 4 directional candidates, 13 hold decisions
2026-09-04 17:19:39,168 | INFO |   UNG   SELL conf=0.75 prob=0.01 | energy / natural gas futures
2026-09-04 17:19:39,168 | INFO |   BNO   BUY  conf=0.64 prob=1.00 | energy / Brent crude futures
2026-09-04 17:19:39,168 | INFO |   SLV   BUY  conf=0.75 prob=1.00 | precious_metals / physical silver
2026-09-04 17:19:39,168 | INFO |   PALL  SELL conf=0.75 prob=0.00 | precious_metals / physical palladium
2026-09-04 17:19:39,170 | INFO | THESES SHADOW-LOGGED: 17
2026-09-04 17:19:39,637 | WARNING | Options data unavailable for UNG ({"message":"OPRA agreement is not signed"}
). Using placeholder candidates.
2026-09-04 17:19:39,638 | INFO | OPTIONS CANDIDATES FOR TODAY: UNG -> PUT {'symbol': 'UNG', 'expiration': '2026-10-04', 'strike': None, 'type': 'put', 'delta': None} | CALL {'symbol': 'UNG', 'expiration': '2026-10-04', 'strike': None, 'type': 'call', 'delta': None}
2026-09-04 17:19:39,872 | WARNING | Options data unavailable for BNO ({"message":"OPRA agreement is not signed"}
). Using placeholder candidates.
2026-09-04 17:19:39,873 | INFO | OPTIONS CANDIDATES FOR TODAY: BNO -> PUT {'symbol': 'BNO', 'expiration': '2026-10-04', 'strike': None, 'type': 'put', 'delta': None} | CALL {'symbol': 'BNO', 'expiration': '2026-10-04', 'strike': None, 'type': 'call', 'delta': None}
2026-09-04 17:19:40,104 | WARNING | Options data unavailable for SLV ({"message":"OPRA agreement is not signed"}
). Using placeholder candidates.
2026-09-04 17:19:40,106 | INFO | OPTIONS CANDIDATES FOR TODAY: SLV -> PUT {'symbol': 'SLV', 'expiration': '2026-10-04', 'strike': None, 'type': 'put', 'delta': None} | CALL {'symbol': 'SLV', 'expiration': '2026-10-04', 'strike': None, 'type': 'call', 'delta': None}
2026-09-04 17:19:40,329 | WARNING | Options data unavailable for PALL ({"message":"OPRA agreement is not signed"}
). Using placeholder candidates.
2026-09-04 17:19:40,330 | INFO | OPTIONS CANDIDATES FOR TODAY: PALL -> PUT {'symbol': 'PALL', 'expiration': '2026-10-04', 'strike': None, 'type': 'put', 'delta': None} | CALL {'symbol': 'PALL', 'expiration': '2026-10-04', 'strike': None, 'type': 'call', 'delta': None}
2026-09-04 17:19:40,331 | INFO | Loading portfolio state...
2026-09-04 17:19:40,700 | INFO | INVERSE ROUTE (entry) | SELL UNG -> BUY KOLD | -2x | KOLD @ $28.36 (-2x UNG)
2026-09-04 17:19:40,701 | INFO | INVERSE ROUTE (skipped) | SELL PALL not actionable: no liquid inverse palladium fund listed in the US
2026-09-04 17:19:40,701 | INFO | INVERSE ROUTING: routed_entry=1, unroutable=1
  FROM    SIGNAL ACTION         TO      REASON
  UNG     SELL   routed_entry   KOLD    KOLD @ $28.36 (-2x UNG)
  PALL    SELL   unroutable     -       no liquid inverse palladium fund listed in the US
2026-09-04 17:19:40,701 | INFO | Loading portfolio state for routed symbols: KOLD
2026-09-04 17:19:40,769 | INFO | Executing trading cycle...

📋 Pre-trade snapshot:
   Equity source: broker_live
   Account equity: $493.84
   Exposure (invested fraction): 0.3665
   Trades today (executed): 0
   Daily return: -0.0020
   Risk config: exposure=0.3, max_pos=0.2, max_trades/day=3, daily_loss_limit=0.02, paper_mode=True
[INFO] PAPER TRADING MODE: True — executing in paper mode with guardrails enabled.

🎯 KOLD: BUY
   Quantity: 1 shares
   Entry: $28.36
   TP: $28.93
   SL: $28.08

[RISK TRACE] KOLD
   equity_source_used: broker_live
   account_equity_value: 493.84
   max_position_size_value: 0.2
   computed_max_dollar_position: 98.77
   proposed_order_value: 28.36
   capped_quantity: 3
   final_decision: REJECT
   rejection_reason: Blocked: portfolio exposure limit reached

🎯 SLV: BUY
   Quantity: 1 shares
   Entry: $59.81
   TP: $62.20
   SL: $58.61

[RISK TRACE] SLV
   equity_source_used: broker_live
   account_equity_value: 493.84
   max_position_size_value: 0.2
   computed_max_dollar_position: 98.77
   proposed_order_value: 59.81
   capped_quantity: 1
   final_decision: REJECT
   rejection_reason: Blocked: portfolio exposure limit reached
2026-09-04 17:19:41,043 | INFO | ORDERS ATTEMPTED: 0
2026-09-04 17:19:41,044 | INFO | ORDERS SUBMITTED: 0
2026-09-04 17:19:41,045 | INFO | Decision summary: {'hold': 14, 'rejected': 2}
2026-09-04 17:19:41,045 | INFO | END DAILY TRADING RUN
