2026-09-08 17:42:00,411 | INFO | eos finance domains unavailable (ImportError: eos checkout not found at /home/runner/work/finance_project/mcp_server. Set EOS_ROOT to the mcp_server directory to enable the finance domains.). Trading pipeline continues with built-in logic only.
2026-09-08 17:42:01,539 | INFO | Failed to extract font properties from /usr/share/fonts/truetype/noto/NotoColorEmoji.ttf: Non-scalable fonts are not supported
2026-09-08 17:42:01,660 | INFO | generated new fontManager
2026-09-08 17:42:01,807 | INFO | START DAILY TRADING RUN
2026-09-08 17:42:01,832 | INFO | DATE/TIME: 2026-09-08T13:42:01.832454-04:00
2026-09-08 17:42:02,480 | INFO | ACCOUNT: equity=$495.07 (source=broker_live) | cash=$312.87 | exposure=36.8%
2026-09-08 17:42:02,692 | INFO | FILL RECONCILE: 4 fills -> 1 round trips, realized P&L $-42.74 (0W/1L, 0.0% win rate), 2 lots still open, 1 rows written
2026-09-08 17:42:02,692 | INFO |   TSLA     1.00 sh  2026-03-24 -> 2026-07-23  $379.74 -> $337.00  P&L $-42.74 (-11.26%, 120d)
2026-09-08 17:42:02,692 | INFO |   OPEN BAC      2.00 sh @ $47.38 since 2026-03-24
2026-09-08 17:42:02,692 | INFO |   OPEN BNO      1.00 sh @ $49.60 since 2026-08-13
2026-09-08 17:42:02,726 | INFO | CURRENTLY HELD: BAC, BNO
2026-09-08 17:42:02,728 | INFO | Failed to create TzCache, reason: Error creating TzCache folder: '/home/runner/.cache/py-yfinance' reason: [Errno 17] File exists: '/home/runner/.cache/py-yfinance'. TzCache will not be used. Tip: You can direct cache to use a different location with 'set_tz_cache_location(mylocation)'
2026-09-08 17:42:06,774 | INFO | UNIVERSE SCREEN: scope=all | 16/24 affordable at $99.01/position (20% of $495.07 equity)
  OK UNG        $10.38  up to 9 share(s) at $10.38
  OK CANE       $11.48  up to 8 share(s) at $11.48
  OK PPLT       $16.69  up to 5 share(s) at $16.69
  OK CORN       $19.94  up to 4 share(s) at $19.94
  OK PALL       $24.56  up to 4 share(s) at $24.56
  OK DBB        $26.18  up to 3 share(s) at $26.18
  OK WEAT       $26.80  up to 3 share(s) at $26.80
  OK SOYB       $27.73  up to 3 share(s) at $27.73
  OK DBA        $29.03  up to 3 share(s) at $29.03
  OK DBC        $32.14  up to 3 share(s) at $32.14
  OK GSG        $35.06  up to 2 share(s) at $35.06
  OK CPER       $40.93  up to 2 share(s) at $40.93
  OK BNO        $56.60  up to 1 share(s) at $56.60
  OK SLV        $59.88  up to 1 share(s) at $59.88
  OK XLE        $64.50  up to 1 share(s) at $64.50
  OK IAU        $82.46  up to 1 share(s) at $82.46
  -- UGA       $134.20  1 share costs $134.20 but the cap is $99.01 (20% of $495.07)
  -- USO       $143.33  1 share costs $143.33 but the cap is $99.01 (20% of $495.07)
  -- NVDA      $225.90  1 share costs $225.90 but the cap is $99.01 (20% of $495.07)
  -- AMZN      $256.92  1 share costs $256.92 but the cap is $99.01 (20% of $495.07)
  -- AAPL      $316.13  1 share costs $316.13 but the cap is $99.01 (20% of $495.07)
  -- GOOGL     $339.27  1 share costs $339.27 but the cap is $99.01 (20% of $495.07)
  -- GLD       $402.27  1 share costs $402.27 but the cap is $99.01 (20% of $495.07)
  -- MSFT      $492.52  1 share costs $492.52 but the cap is $99.01 (20% of $495.07)
2026-09-08 17:42:06,774 | INFO | TRADING UNIVERSE (17): WEAT, CORN, SOYB, CANE, DBA, UNG, BNO, XLE, SLV, IAU, PPLT, PALL, CPER, DBB, DBC, GSG, BAC
2026-09-08 17:42:06,845 | INFO | EXIT RECONCILE | BAC | ALREADY_PROTECTED | open protective sell order exists
2026-09-08 17:42:06,845 | INFO | EXIT RECONCILE | BNO | ALREADY_PROTECTED | open protective sell order exists
2026-09-08 17:42:06,845 | INFO | EXIT RECONCILE SUMMARY: 2 positions checked, 0 exits attached
2026-09-08 17:42:06,845 | INFO | Generating signals...
YF.download() has changed argument auto_adjust default to True

🔵 Running Bayesian Linear Regression for WEAT...
🟠 Running Gaussian Process for WEAT...

📊 WEAT - Unified Forecast Summary (2026-09-08)
======================================================================
🔵 Bayesian Forecast: 0.0037 ± 0.2031
🟠 GP Forecast:       -0.0066 ± 0.0098
🟢 Ensemble Forecast: -0.0066 ± 0.0140
📈 RSI Signal:        HOLD (RSI: 69.3)
📊 BB Signal:         HOLD (Z-Score: 0.56)
🎯 Final Signal:      HOLD (Confidence: 50.0%)
💰 Recommendation:    HOLD

💰 Next-Day Closing Price Predictions:
   Current Close:    $26.80
   Bayesian:         $26.89 ($21.45 - $32.34)
   GP:               $26.62 ($26.36 - $26.88)
   Ensemble:         $26.62 ($26.24 - $26.99)

🔵 Running Bayesian Linear Regression for CORN...
🟠 Running Gaussian Process for CORN...

📊 CORN - Unified Forecast Summary (2026-09-08)
======================================================================
🔵 Bayesian Forecast: 0.0031 ± 0.2029
🟠 GP Forecast:       0.0006 ± 0.0058
🟢 Ensemble Forecast: 0.0006 ± 0.0084
📈 RSI Signal:        SELL (RSI: 72.9)
📊 BB Signal:         HOLD (Z-Score: 0.80)
🎯 Final Signal:      HOLD (Confidence: 50.0%)
💰 Recommendation:    HOLD

💰 Next-Day Closing Price Predictions:
   Current Close:    $19.94
   Bayesian:         $20.00 ($15.96 - $24.05)
   GP:               $19.95 ($19.84 - $20.07)
   Ensemble:         $19.95 ($19.78 - $20.12)

🔵 Running Bayesian Linear Regression for SOYB...
🟠 Running Gaussian Process for SOYB...

📊 SOYB - Unified Forecast Summary (2026-09-08)
======================================================================
🔵 Bayesian Forecast: 0.0036 ± 0.2028
🟠 GP Forecast:       0.0011 ± 0.0068
🟢 Ensemble Forecast: 0.0011 ± 0.0099
📈 RSI Signal:        SELL (RSI: 88.1)
📊 BB Signal:         HOLD (Z-Score: 1.31)
🎯 Final Signal:      HOLD (Confidence: 50.0%)
💰 Recommendation:    HOLD

💰 Next-Day Closing Price Predictions:
   Current Close:    $27.73
   Bayesian:         $27.83 ($22.20 - $33.45)
   GP:               $27.76 ($27.57 - $27.95)
   Ensemble:         $27.76 ($27.49 - $28.03)

🔵 Running Bayesian Linear Regression for CANE...
🟠 Running Gaussian Process for CANE...

📊 CANE - Unified Forecast Summary (2026-09-08)
======================================================================
🔵 Bayesian Forecast: 0.0070 ± 0.2027
🟠 GP Forecast:       0.0047 ± 0.0063
🟢 Ensemble Forecast: 0.0047 ± 0.0091
📈 RSI Signal:        SELL (RSI: 79.2)
📊 BB Signal:         HOLD (Z-Score: 1.03)
🎯 Final Signal:      HOLD (Confidence: 50.0%)
💰 Recommendation:    HOLD

💰 Next-Day Closing Price Predictions:
   Current Close:    $11.48
   Bayesian:         $11.56 ($9.23 - $13.89)
   GP:               $11.53 ($11.46 - $11.61)
   Ensemble:         $11.53 ($11.43 - $11.64)

🔵 Running Bayesian Linear Regression for DBA...
🟠 Running Gaussian Process for DBA...

📊 DBA - Unified Forecast Summary (2026-09-08)
======================================================================
🔵 Bayesian Forecast: 0.0011 ± 0.2015
🟠 GP Forecast:       -0.0014 ± 0.0058
🟢 Ensemble Forecast: -0.0014 ± 0.0085
📈 RSI Signal:        SELL (RSI: 80.6)
📊 BB Signal:         HOLD (Z-Score: 0.88)
🎯 Final Signal:      HOLD (Confidence: 50.0%)
💰 Recommendation:    HOLD

💰 Next-Day Closing Price Predictions:
   Current Close:    $29.03
   Bayesian:         $29.06 ($23.21 - $34.91)
   GP:               $28.99 ($28.82 - $29.16)
   Ensemble:         $28.99 ($28.74 - $29.24)

🔵 Running Bayesian Linear Regression for UNG...
🟠 Running Gaussian Process for UNG...

📊 UNG - Unified Forecast Summary (2026-09-08)
======================================================================
🔵 Bayesian Forecast: 0.0103 ± 0.2010
🟠 GP Forecast:       0.0030 ± 0.0040
🟢 Ensemble Forecast: 0.0030 ± 0.0060
📈 RSI Signal:        HOLD (RSI: 42.2)
📊 BB Signal:         HOLD (Z-Score: 0.45)
🎯 Final Signal:      HOLD (Confidence: 50.0%)
💰 Recommendation:    HOLD

💰 Next-Day Closing Price Predictions:
   Current Close:    $10.36
   Bayesian:         $10.47 ($8.39 - $12.56)
   GP:               $10.40 ($10.35 - $10.44)
   Ensemble:         $10.40 ($10.33 - $10.46)

🔵 Running Bayesian Linear Regression for BNO...
🟠 Running Gaussian Process for BNO...

📊 BNO - Unified Forecast Summary (2026-09-08)
======================================================================
🔵 Bayesian Forecast: 0.0222 ± 0.2021
🟠 GP Forecast:       0.0281 ± 0.0074
🟢 Ensemble Forecast: 0.0281 ± 0.0107
📈 RSI Signal:        HOLD (RSI: 69.1)
📊 BB Signal:         SELL (Z-Score: 1.75)
🎯 Final Signal:      BUY (Confidence: 75.0%)
💰 Recommendation:    BUY

💰 Next-Day Closing Price Predictions:
   Current Close:    $56.58
   Bayesian:         $57.84 ($46.40 - $69.28)
   GP:               $58.17 ($57.75 - $58.59)
   Ensemble:         $58.17 ($57.56 - $58.77)

🔵 Running Bayesian Linear Regression for XLE...
🟠 Running Gaussian Process for XLE...

📊 XLE - Unified Forecast Summary (2026-09-08)
======================================================================
🔵 Bayesian Forecast: 0.0068 ± 0.2014
🟠 GP Forecast:       0.0046 ± 0.0044
🟢 Ensemble Forecast: 0.0046 ± 0.0065
📈 RSI Signal:        HOLD (RSI: 58.8)
📊 BB Signal:         HOLD (Z-Score: 1.11)
🎯 Final Signal:      HOLD (Confidence: 50.0%)
💰 Recommendation:    HOLD

💰 Next-Day Closing Price Predictions:
   Current Close:    $64.50
   Bayesian:         $64.95 ($51.95 - $77.94)
   GP:               $64.80 ($64.52 - $65.08)
   Ensemble:         $64.80 ($64.38 - $65.22)

🔵 Running Bayesian Linear Regression for SLV...
🟠 Running Gaussian Process for SLV...

📊 SLV - Unified Forecast Summary (2026-09-08)
======================================================================
🔵 Bayesian Forecast: -0.0091 ± 0.2018
🟠 GP Forecast:       0.0096 ± 0.0057
🟢 Ensemble Forecast: 0.0095 ± 0.0084
📈 RSI Signal:        HOLD (RSI: 50.8)
📊 BB Signal:         HOLD (Z-Score: -0.13)
🎯 Final Signal:      BUY (Confidence: 75.0%)
💰 Recommendation:    BUY

💰 Next-Day Closing Price Predictions:
   Current Close:    $59.88
   Bayesian:         $59.34 ($47.25 - $71.43)
   GP:               $60.46 ($60.12 - $60.80)
   Ensemble:         $60.46 ($59.95 - $60.96)

🔵 Running Bayesian Linear Regression for IAU...
🟠 Running Gaussian Process for IAU...

📊 IAU - Unified Forecast Summary (2026-09-08)
======================================================================
🔵 Bayesian Forecast: -0.0058 ± 0.2018
🟠 GP Forecast:       0.0064 ± 0.0059
🟢 Ensemble Forecast: 0.0064 ± 0.0085
📈 RSI Signal:        HOLD (RSI: 48.8)
📊 BB Signal:         HOLD (Z-Score: -0.76)
🎯 Final Signal:      HOLD (Confidence: 50.0%)
💰 Recommendation:    HOLD

💰 Next-Day Closing Price Predictions:
   Current Close:    $82.48
   Bayesian:         $82.00 ($65.36 - $98.65)
   GP:               $83.01 ($82.52 - $83.49)
   Ensemble:         $83.00 ($82.30 - $83.71)

🔵 Running Bayesian Linear Regression for PPLT...
🟠 Running Gaussian Process for PPLT...

📊 PPLT - Unified Forecast Summary (2026-09-08)
======================================================================
🔵 Bayesian Forecast: 0.0103 ± 0.2016
🟠 GP Forecast:       0.0021 ± 0.0048
🟢 Ensemble Forecast: 0.0021 ± 0.0071
📈 RSI Signal:        HOLD (RSI: 57.9)
📊 BB Signal:         HOLD (Z-Score: 0.80)
🎯 Final Signal:      HOLD (Confidence: 50.0%)
💰 Recommendation:    HOLD

💰 Next-Day Closing Price Predictions:
   Current Close:    $16.69
   Bayesian:         $16.87 ($13.50 - $20.23)
   GP:               $16.73 ($16.65 - $16.81)
   Ensemble:         $16.73 ($16.61 - $16.85)

🔵 Running Bayesian Linear Regression for PALL...
🟠 Running Gaussian Process for PALL...

📊 PALL - Unified Forecast Summary (2026-09-08)
======================================================================
🔵 Bayesian Forecast: -0.0003 ± 0.2042
🟠 GP Forecast:       0.0130 ± 0.0114
🟢 Ensemble Forecast: 0.0130 ± 0.0163
📈 RSI Signal:        HOLD (RSI: 64.4)
📊 BB Signal:         HOLD (Z-Score: 0.08)
🎯 Final Signal:      HOLD (Confidence: 50.0%)
💰 Recommendation:    HOLD

💰 Next-Day Closing Price Predictions:
   Current Close:    $24.54
   Bayesian:         $24.53 ($19.52 - $29.54)
   GP:               $24.86 ($24.58 - $25.14)
   Ensemble:         $24.86 ($24.46 - $25.26)

🔵 Running Bayesian Linear Regression for CPER...
🟠 Running Gaussian Process for CPER...

📊 CPER - Unified Forecast Summary (2026-09-08)
======================================================================
🔵 Bayesian Forecast: 0.0196 ± 0.2026
🟠 GP Forecast:       0.0012 ± 0.0038
🟢 Ensemble Forecast: 0.0012 ± 0.0058
📈 RSI Signal:        HOLD (RSI: 32.2)
📊 BB Signal:         SELL (Z-Score: 2.23)
🎯 Final Signal:      HOLD (Confidence: 50.0%)
💰 Recommendation:    HOLD

💰 Next-Day Closing Price Predictions:
   Current Close:    $40.93
   Bayesian:         $41.73 ($33.44 - $50.02)
   GP:               $40.98 ($40.82 - $41.13)
   Ensemble:         $40.98 ($40.74 - $41.22)

🔵 Running Bayesian Linear Regression for DBB...
🟠 Running Gaussian Process for DBB...

📊 DBB - Unified Forecast Summary (2026-09-08)
======================================================================
🔵 Bayesian Forecast: 0.0126 ± 0.2028
🟠 GP Forecast:       0.0011 ± 0.0026
🟢 Ensemble Forecast: 0.0011 ± 0.0042
📈 RSI Signal:        HOLD (RSI: 58.8)
📊 BB Signal:         SELL (Z-Score: 2.70)
🎯 Final Signal:      HOLD (Confidence: 50.0%)
💰 Recommendation:    HOLD

💰 Next-Day Closing Price Predictions:
   Current Close:    $26.18
   Bayesian:         $26.52 ($21.21 - $31.83)
   GP:               $26.21 ($26.15 - $26.28)
   Ensemble:         $26.21 ($26.11 - $26.32)

🔵 Running Bayesian Linear Regression for DBC...
🟠 Running Gaussian Process for DBC...

📊 DBC - Unified Forecast Summary (2026-09-08)
======================================================================
🔵 Bayesian Forecast: 0.0085 ± 0.2017
🟠 GP Forecast:       0.0081 ± 0.0045
🟢 Ensemble Forecast: 0.0081 ± 0.0066
📈 RSI Signal:        SELL (RSI: 75.6)
📊 BB Signal:         SELL (Z-Score: 1.63)
🎯 Final Signal:      BUY (Confidence: 75.0%)
💰 Recommendation:    BUY

💰 Next-Day Closing Price Predictions:
   Current Close:    $32.14
   Bayesian:         $32.41 ($25.93 - $38.90)
   GP:               $32.40 ($32.26 - $32.54)
   Ensemble:         $32.40 ($32.19 - $32.61)

🔵 Running Bayesian Linear Regression for GSG...
🟠 Running Gaussian Process for GSG...

📊 GSG - Unified Forecast Summary (2026-09-08)
======================================================================
🔵 Bayesian Forecast: 0.0112 ± 0.2019
🟠 GP Forecast:       0.0110 ± 0.0046
🟢 Ensemble Forecast: 0.0110 ± 0.0068
📈 RSI Signal:        SELL (RSI: 77.0)
📊 BB Signal:         SELL (Z-Score: 1.62)
🎯 Final Signal:      BUY (Confidence: 75.0%)
💰 Recommendation:    BUY

💰 Next-Day Closing Price Predictions:
   Current Close:    $35.06
   Bayesian:         $35.45 ($28.38 - $42.53)
   GP:               $35.45 ($35.28 - $35.61)
   Ensemble:         $35.45 ($35.21 - $35.68)

🔵 Running Bayesian Linear Regression for BAC...
🟠 Running Gaussian Process for BAC...

📊 BAC - Unified Forecast Summary (2026-09-08)
======================================================================
🔵 Bayesian Forecast: 0.0021 ± 0.2019
🟠 GP Forecast:       -0.0001 ± 0.0040
🟢 Ensemble Forecast: -0.0001 ± 0.0061
📈 RSI Signal:        HOLD (RSI: 59.0)
📊 BB Signal:         HOLD (Z-Score: 0.19)
🎯 Final Signal:      HOLD (Confidence: 50.0%)
💰 Recommendation:    HOLD

💰 Next-Day Closing Price Predictions:
   Current Close:    $62.80
   Bayesian:         $62.93 ($50.25 - $75.61)
   GP:               $62.79 ($62.54 - $63.05)
   Ensemble:         $62.79 ($62.41 - $63.18)
2026-09-08 17:42:20,992 | INFO | SIGNAL FILTER | symbol=WEAT | original=HOLD | normalized=HOLD | confidence=0.5000 | prob_profit=0.1721 | decision=HOLD | reason=explicit HOLD decision retained for logging
2026-09-08 17:42:20,992 | INFO | SIGNAL FILTER | symbol=CORN | original=HOLD | normalized=HOLD | confidence=0.5000 | prob_profit=0.5562 | decision=HOLD | reason=explicit HOLD decision retained for logging
2026-09-08 17:42:20,992 | INFO | SIGNAL FILTER | symbol=SOYB | original=HOLD | normalized=HOLD | confidence=0.5000 | prob_profit=0.5891 | decision=HOLD | reason=explicit HOLD decision retained for logging
2026-09-08 17:42:20,992 | INFO | SIGNAL FILTER | symbol=CANE | original=HOLD | normalized=HOLD | confidence=0.5000 | prob_profit=0.8487 | decision=HOLD | reason=explicit HOLD decision retained for logging
2026-09-08 17:42:20,992 | INFO | SIGNAL FILTER | symbol=DBA | original=HOLD | normalized=HOLD | confidence=0.5000 | prob_profit=0.3714 | decision=HOLD | reason=explicit HOLD decision retained for logging
2026-09-08 17:42:20,992 | INFO | SIGNAL FILTER | symbol=UNG | original=HOLD | normalized=HOLD | confidence=0.5000 | prob_profit=0.8378 | decision=HOLD | reason=explicit HOLD decision retained for logging
2026-09-08 17:42:20,992 | INFO | SIGNAL FILTER | symbol=BNO | original=BUY | normalized=BUY | confidence=0.6375 | prob_profit=1.0000 | p_dir=1.0000 | decision=PASS | reason=meets confidence and probability thresholds
2026-09-08 17:42:20,992 | INFO | SIGNAL FILTER | symbol=XLE | original=HOLD | normalized=HOLD | confidence=0.5000 | prob_profit=0.9194 | decision=HOLD | reason=explicit HOLD decision retained for logging
2026-09-08 17:42:20,992 | INFO | SIGNAL FILTER | symbol=SLV | original=BUY | normalized=BUY | confidence=0.7500 | prob_profit=0.9887 | p_dir=0.9887 | decision=PASS | reason=meets confidence and probability thresholds
2026-09-08 17:42:20,992 | INFO | SIGNAL FILTER | symbol=IAU | original=HOLD | normalized=HOLD | confidence=0.5000 | prob_profit=0.9317 | decision=HOLD | reason=explicit HOLD decision retained for logging
2026-09-08 17:42:20,992 | INFO | SIGNAL FILTER | symbol=PPLT | original=HOLD | normalized=HOLD | confidence=0.5000 | prob_profit=0.7220 | decision=HOLD | reason=explicit HOLD decision retained for logging
2026-09-08 17:42:20,992 | INFO | SIGNAL FILTER | symbol=PALL | original=HOLD | normalized=HOLD | confidence=0.5000 | prob_profit=0.9444 | decision=HOLD | reason=explicit HOLD decision retained for logging
2026-09-08 17:42:20,992 | INFO | SIGNAL FILTER | symbol=CPER | original=HOLD | normalized=HOLD | confidence=0.4250 | prob_profit=0.6563 | decision=HOLD | reason=explicit HOLD decision retained for logging
2026-09-08 17:42:20,992 | INFO | SIGNAL FILTER | symbol=DBB | original=HOLD | normalized=HOLD | confidence=0.4250 | prob_profit=0.7069 | decision=HOLD | reason=explicit HOLD decision retained for logging
2026-09-08 17:42:20,992 | INFO | SIGNAL FILTER | symbol=DBC | original=BUY | normalized=BUY | confidence=0.6375 | prob_profit=0.9932 | p_dir=0.9932 | decision=PASS | reason=meets confidence and probability thresholds
2026-09-08 17:42:20,992 | INFO | SIGNAL FILTER | symbol=GSG | original=BUY | normalized=BUY | confidence=0.6375 | prob_profit=0.9994 | p_dir=0.9994 | decision=PASS | reason=meets confidence and probability thresholds
2026-09-08 17:42:20,992 | INFO | SIGNAL FILTER | symbol=BAC | original=HOLD | normalized=HOLD | confidence=0.5000 | prob_profit=0.4898 | decision=HOLD | reason=explicit HOLD decision retained for logging
2026-09-08 17:42:20,992 | INFO | SIGNALS GENERATED: 17 total, 4 directional candidates, 13 hold decisions
2026-09-08 17:42:20,992 | INFO |   BNO   BUY  conf=0.64 prob=1.00 | energy / Brent crude futures
2026-09-08 17:42:20,993 | INFO |   SLV   BUY  conf=0.75 prob=0.99 | precious_metals / physical silver
2026-09-08 17:42:20,993 | INFO |   DBC   BUY  conf=0.64 prob=0.99 | broad_commodity / diversified commodity basket
2026-09-08 17:42:20,993 | INFO |   GSG   BUY  conf=0.64 prob=1.00 | broad_commodity / GSCI commodity index
2026-09-08 17:42:20,994 | INFO | THESES SHADOW-LOGGED: 17
2026-09-08 17:42:21,134 | WARNING | Options data unavailable for BNO ({"message":"OPRA agreement is not signed"}
). Using placeholder candidates.
2026-09-08 17:42:21,134 | INFO | OPTIONS CANDIDATES FOR TODAY: BNO -> PUT {'symbol': 'BNO', 'expiration': '2026-10-08', 'strike': None, 'type': 'put', 'delta': None} | CALL {'symbol': 'BNO', 'expiration': '2026-10-08', 'strike': None, 'type': 'call', 'delta': None}
2026-09-08 17:42:21,296 | WARNING | Options data unavailable for SLV ({"message":"OPRA agreement is not signed"}
). Using placeholder candidates.
2026-09-08 17:42:21,297 | INFO | OPTIONS CANDIDATES FOR TODAY: SLV -> PUT {'symbol': 'SLV', 'expiration': '2026-10-08', 'strike': None, 'type': 'put', 'delta': None} | CALL {'symbol': 'SLV', 'expiration': '2026-10-08', 'strike': None, 'type': 'call', 'delta': None}
2026-09-08 17:42:21,467 | WARNING | Options data unavailable for DBC ({"message":"OPRA agreement is not signed"}
). Using placeholder candidates.
2026-09-08 17:42:21,468 | INFO | OPTIONS CANDIDATES FOR TODAY: DBC -> PUT {'symbol': 'DBC', 'expiration': '2026-10-08', 'strike': None, 'type': 'put', 'delta': None} | CALL {'symbol': 'DBC', 'expiration': '2026-10-08', 'strike': None, 'type': 'call', 'delta': None}
2026-09-08 17:42:21,628 | WARNING | Options data unavailable for GSG ({"message":"OPRA agreement is not signed"}
). Using placeholder candidates.
2026-09-08 17:42:21,629 | INFO | OPTIONS CANDIDATES FOR TODAY: GSG -> PUT {'symbol': 'GSG', 'expiration': '2026-10-08', 'strike': None, 'type': 'put', 'delta': None} | CALL {'symbol': 'GSG', 'expiration': '2026-10-08', 'strike': None, 'type': 'call', 'delta': None}
2026-09-08 17:42:21,629 | INFO | Loading portfolio state...
2026-09-08 17:42:21,702 | INFO | INVERSE ROUTING: nothing to route
  (no directional signals to route)
2026-09-08 17:42:21,702 | INFO | Executing trading cycle...

📋 Pre-trade snapshot:
   Equity source: broker_live
   Account equity: $495.05
   Exposure (invested fraction): 0.3680
   Trades today (executed): 0
   Daily return: 0.0014
   Risk config: exposure=0.3, max_pos=0.2, max_trades/day=3, daily_loss_limit=0.02, paper_mode=True
[INFO] PAPER TRADING MODE: True — executing in paper mode with guardrails enabled.

🎯 SLV: BUY
   Quantity: 1 shares
   Entry: $59.88
   TP: $62.28
   SL: $58.69

[RISK TRACE] SLV
   equity_source_used: broker_live
   account_equity_value: 495.05
   max_position_size_value: 0.2
   computed_max_dollar_position: 99.01
   proposed_order_value: 59.88
   capped_quantity: 1
   final_decision: REJECT
   rejection_reason: Blocked: portfolio exposure limit reached

🎯 DBC: BUY
   Quantity: 1 shares
   Entry: $32.14
   TP: $33.43
   SL: $31.50

[RISK TRACE] DBC
   equity_source_used: broker_live
   account_equity_value: 495.05
   max_position_size_value: 0.2
   computed_max_dollar_position: 99.01
   proposed_order_value: 32.14
   capped_quantity: 3
   final_decision: REJECT
   rejection_reason: Blocked: portfolio exposure limit reached

🎯 GSG: BUY
   Quantity: 1 shares
   Entry: $35.06
   TP: $36.46
   SL: $34.36

[RISK TRACE] GSG
   equity_source_used: broker_live
   account_equity_value: 495.05
   max_position_size_value: 0.2
   computed_max_dollar_position: 99.01
   proposed_order_value: 35.06
   capped_quantity: 2
   final_decision: REJECT
   rejection_reason: Blocked: portfolio exposure limit reached
2026-09-08 17:42:22,316 | INFO | ORDERS ATTEMPTED: 0
2026-09-08 17:42:22,316 | INFO | ORDERS SUBMITTED: 0
2026-09-08 17:42:22,318 | INFO | Decision summary: {'hold': 14, 'rejected': 3}
2026-09-08 17:42:22,318 | INFO | END DAILY TRADING RUN
