2026-09-14 18:58:43,585 | WARNING | EOS FINANCE DOMAINS UNAVAILABLE (ImportError: eos checkout not found at /home/runner/work/finance_project/mcp_server. Set EOS_ROOT to the mcp_server directory to enable the finance domains.). Running on reduced built-in logic only -- this is NOT the configuration backtests are validated under. Set EOS_ROOT to the mcp_server directory to restore it.
2026-09-14 18:58:43,811 | INFO | Failed to extract font properties from /usr/share/fonts/truetype/noto/NotoColorEmoji.ttf: Non-scalable fonts are not supported
2026-09-14 18:58:43,816 | INFO | generated new fontManager
2026-09-14 18:58:43,973 | INFO | START DAILY TRADING RUN
2026-09-14 18:58:43,973 | INFO | DATE/TIME: 2026-09-14T14:58:43.973257-04:00
2026-09-14 18:58:44,581 | INFO | ACCOUNT: equity=$498.77 (source=broker_live) | cash=$398.85 | exposure=20.0%
2026-09-14 18:58:44,718 | INFO | FILL RECONCILE: 9 fills -> 4 round trips, realized P&L $-12.19 (2W/2L, 50.0% win rate), 2 lots still open, 4 rows written
2026-09-14 18:58:44,718 | INFO |   TSLA     1.00 sh  2026-03-24 -> 2026-07-23  $379.74 -> $337.00  P&L $-42.74 (-11.26%, 120d)
2026-09-14 18:58:44,718 | INFO |   BAC      1.00 sh  2026-03-24 -> 2026-09-09  $47.38 -> $62.79  P&L $+15.41 (+32.52%, 169d)
2026-09-14 18:58:44,718 | INFO |   BAC      1.00 sh  2026-03-24 -> 2026-09-11  $47.38 -> $62.54  P&L $+15.16 (+32.00%, 171d)
2026-09-14 18:58:44,718 | INFO |   CORN     1.00 sh  2026-09-09 -> 2026-09-11  $19.91 -> $19.89  P&L $-0.02 (-0.10%, 1d)
2026-09-14 18:58:44,718 | INFO |   OPEN BNO      1.00 sh @ $49.60 since 2026-08-13
2026-09-14 18:58:44,718 | INFO |   OPEN CPER     1.00 sh @ $39.27 since 2026-09-11
2026-09-14 18:58:44,749 | INFO | CURRENTLY HELD: BNO, CPER
2026-09-14 18:58:44,750 | INFO | Failed to create TzCache, reason: Error creating TzCache folder: '/home/runner/.cache/py-yfinance' reason: [Errno 17] File exists: '/home/runner/.cache/py-yfinance'. TzCache will not be used. Tip: You can direct cache to use a different location with 'set_tz_cache_location(mylocation)'
2026-09-14 18:58:48,590 | INFO | UNIVERSE SCREEN: scope=all | 16/24 affordable at $99.75/position (20% of $498.77 equity)
  OK UNG        $10.35  up to 9 share(s) at $10.35
  OK CANE       $11.48  up to 8 share(s) at $11.48
  OK PPLT       $16.03  up to 6 share(s) at $16.03
  OK CORN       $20.00  up to 4 share(s) at $20.00
  OK PALL       $23.36  up to 4 share(s) at $23.36
  OK DBB        $25.12  up to 3 share(s) at $25.12
  OK WEAT       $26.19  up to 3 share(s) at $26.19
  OK SOYB       $27.64  up to 3 share(s) at $27.64
  OK DBA        $28.97  up to 3 share(s) at $28.97
  OK DBC        $33.08  up to 3 share(s) at $33.08
  OK GSG        $36.39  up to 2 share(s) at $36.39
  OK CPER       $38.40  up to 2 share(s) at $38.40
  OK SLV        $57.48  up to 1 share(s) at $57.48
  OK BNO        $61.53  up to 1 share(s) at $61.53
  OK XLE        $64.35  up to 1 share(s) at $64.35
  OK IAU        $80.96  up to 1 share(s) at $80.96
  -- UGA       $137.17  1 share costs $137.17 but the cap is $99.75 (20% of $498.77)
  -- USO       $155.40  1 share costs $155.40 but the cap is $99.75 (20% of $498.77)
  -- NVDA      $212.35  1 share costs $212.35 but the cap is $99.75 (20% of $498.77)
  -- AMZN      $253.86  1 share costs $253.86 but the cap is $99.75 (20% of $498.77)
  -- AAPL      $334.40  1 share costs $334.40 but the cap is $99.75 (20% of $498.77)
  -- GOOGL     $347.34  1 share costs $347.34 but the cap is $99.75 (20% of $498.77)
  -- GLD       $394.88  1 share costs $394.88 but the cap is $99.75 (20% of $498.77)
  -- MSFT      $506.09  1 share costs $506.09 but the cap is $99.75 (20% of $498.77)
2026-09-14 18:58:48,590 | INFO | TRADING UNIVERSE (16): WEAT, CORN, SOYB, CANE, DBA, UNG, BNO, XLE, SLV, IAU, PPLT, PALL, CPER, DBB, DBC, GSG
2026-09-14 18:58:48,688 | INFO | EXIT RECONCILE | BNO | ALREADY_PROTECTED | open protective sell order exists
2026-09-14 18:58:48,688 | INFO | EXIT RECONCILE | CPER | ATTACHED | GTC trailing exit attached qty=1 (trail 2.0%)
2026-09-14 18:58:48,688 | INFO | EXIT RECONCILE SUMMARY: 2 positions checked, 1 exits attached
2026-09-14 18:58:48,696 | WARNING | History fetch failed for AAPL ('str' object has no attribute 'date').
2026-09-14 18:58:48,699 | WARNING | History fetch failed for MSFT ('str' object has no attribute 'date').
2026-09-14 18:58:48,701 | WARNING | History fetch failed for AMZN ('str' object has no attribute 'date').
2026-09-14 18:58:48,704 | WARNING | History fetch failed for NVDA ('str' object has no attribute 'date').
2026-09-14 18:58:48,706 | WARNING | History fetch failed for GOOGL ('str' object has no attribute 'date').
2026-09-14 18:58:48,709 | WARNING | History fetch failed for WEAT ('str' object has no attribute 'date').
2026-09-14 18:58:48,711 | WARNING | History fetch failed for CORN ('str' object has no attribute 'date').
2026-09-14 18:58:48,714 | WARNING | History fetch failed for SOYB ('str' object has no attribute 'date').
2026-09-14 18:58:48,716 | WARNING | History fetch failed for CANE ('str' object has no attribute 'date').
2026-09-14 18:58:48,719 | WARNING | History fetch failed for DBA ('str' object has no attribute 'date').
2026-09-14 18:58:48,721 | WARNING | History fetch failed for UNG ('str' object has no attribute 'date').
2026-09-14 18:58:48,724 | WARNING | History fetch failed for BNO ('str' object has no attribute 'date').
2026-09-14 18:58:48,726 | WARNING | History fetch failed for USO ('str' object has no attribute 'date').
2026-09-14 18:58:48,729 | WARNING | History fetch failed for UGA ('str' object has no attribute 'date').
2026-09-14 18:58:48,731 | WARNING | History fetch failed for XLE ('str' object has no attribute 'date').
2026-09-14 18:58:48,734 | WARNING | History fetch failed for SLV ('str' object has no attribute 'date').
2026-09-14 18:58:48,736 | WARNING | History fetch failed for IAU ('str' object has no attribute 'date').
2026-09-14 18:58:48,739 | WARNING | History fetch failed for GLD ('str' object has no attribute 'date').
2026-09-14 18:58:48,741 | WARNING | History fetch failed for PPLT ('str' object has no attribute 'date').
2026-09-14 18:58:48,744 | WARNING | History fetch failed for PALL ('str' object has no attribute 'date').
2026-09-14 18:58:48,746 | WARNING | History fetch failed for CPER ('str' object has no attribute 'date').
2026-09-14 18:58:48,749 | WARNING | History fetch failed for DBB ('str' object has no attribute 'date').
2026-09-14 18:58:48,751 | WARNING | History fetch failed for DBC ('str' object has no attribute 'date').
2026-09-14 18:58:48,753 | WARNING | History fetch failed for GSG ('str' object has no attribute 'date').
2026-09-14 18:58:48,769 | INFO | COMPONENT ACCURACY (all history):
  base rate: the market rose on 51.7% of 24149 scored observations — beat this, not 50%
  component         n     acc            95% CI  verdict
  --------------------------------------------------------------
  Bollinger      6748   50.0%   [ 48.8%,  51.2%]  indistinguishable from a coin flip
  Bayesian      24149   49.2%   [ 48.6%,  49.8%]  WORSE than chance
  GaussianProc  24149   50.8%   [ 50.2%,  51.4%]  beats 50% but NOT the 51.7% base rate
  RSI            5793   51.4%   [ 50.1%,  52.7%]  beats 50% but NOT the 51.7% base rate
  ENSEMBLE       4631   51.0%   [ 49.6%,  52.4%]  indistinguishable from a coin flip
2026-09-14 18:58:48,933 | INFO | CALIBRATION: refit from 24147 matched prediction(s), saved to trade_logs/calibration.json
2026-09-14 18:58:49,276 | INFO | NEWS SCORING: 2 event(s) graded against realized returns
2026-09-14 18:58:49,277 | INFO | NEWS DIFFUSION ACCURACY (all history):
  base rate: the market rose on 58.0% of 88 scored news-linked observations
  match_type    n     acc            95% CI  verdict
  ----------------------------------------------------------
  explicit      3   33.3%   [  0.0%,  86.7%]  sample too small (n<10)
  theme        18   55.6%   [ 32.6%,  78.5%]  indistinguishable from chance
2026-09-14 18:58:49,408 | INFO | NEWS DIFFUSION: 2 event(s) across 6 symbol(s)
2026-09-14 18:58:49,408 | INFO | NEWS EVENT | symbol=XLE | match=explicit | polarity=neutral (0.00) | themes=- | Leading And Lagging Sectors For September 14, 2026
2026-09-14 18:58:49,408 | INFO | NEWS EVENT | symbol=XLE | match=explicit | polarity=bullish (1.00) | themes=geopolitical_supply_shock | Energy Stocks Surge Past Tech Companies Amid Escalating US-Iran Conflict
2026-09-14 18:58:49,408 | INFO | NEWS EVENT | symbol=WEAT | match=theme | polarity=bullish (1.00) | themes=geopolitical_supply_shock | Energy Stocks Surge Past Tech Companies Amid Escalating US-Iran Conflict
2026-09-14 18:58:49,408 | INFO | NEWS EVENT | symbol=CORN | match=theme | polarity=bullish (1.00) | themes=geopolitical_supply_shock | Energy Stocks Surge Past Tech Companies Amid Escalating US-Iran Conflict
2026-09-14 18:58:49,408 | INFO | NEWS EVENT | symbol=UNG | match=theme | polarity=bullish (1.00) | themes=geopolitical_supply_shock | Energy Stocks Surge Past Tech Companies Amid Escalating US-Iran Conflict
2026-09-14 18:58:49,408 | INFO | NEWS EVENT | symbol=BNO | match=theme | polarity=bullish (1.00) | themes=geopolitical_supply_shock | Energy Stocks Surge Past Tech Companies Amid Escalating US-Iran Conflict
2026-09-14 18:58:49,408 | INFO | NEWS EVENT | symbol=IAU | match=theme | polarity=bullish (1.00) | themes=geopolitical_supply_shock | Energy Stocks Surge Past Tech Companies Amid Escalating US-Iran Conflict
2026-09-14 18:58:49,410 | INFO | NEWS DIFFUSION: 7 new event(s) persisted for scoring
2026-09-14 18:58:49,410 | INFO | Generating signals...
YF.download() has changed argument auto_adjust default to True

🔵 Running Bayesian Linear Regression for WEAT...
🟠 Running Gaussian Process for WEAT...

📊 WEAT - Unified Forecast Summary (2026-09-14)
======================================================================
🔵 Bayesian Forecast: -0.0043 ± 0.2026
🟠 GP Forecast:       0.0067 ± 0.0084
🟢 Ensemble Forecast: 0.0066 ± 0.0121
📈 RSI Signal:        HOLD (RSI: 46.5)
📊 BB Signal:         HOLD (Z-Score: -0.24)
🎯 Final Signal:      HOLD (Confidence: 50.0%)
💰 Recommendation:    HOLD

💰 Next-Day Closing Price Predictions:
   Current Close:    $26.19
   Bayesian:         $26.08 ($20.77 - $31.38)
   GP:               $26.36 ($26.14 - $26.58)
   Ensemble:         $26.36 ($26.05 - $26.68)

🔵 Running Bayesian Linear Regression for CORN...
🟠 Running Gaussian Process for CORN...

📊 CORN - Unified Forecast Summary (2026-09-14)
======================================================================
🔵 Bayesian Forecast: 0.0017 ± 0.2014
🟠 GP Forecast:       -0.0038 ± 0.0038
🟢 Ensemble Forecast: -0.0038 ± 0.0057
📈 RSI Signal:        SELL (RSI: 73.8)
📊 BB Signal:         HOLD (Z-Score: 0.61)
🎯 Final Signal:      SELL (Confidence: 75.0%)
💰 Recommendation:    SELL

💰 Next-Day Closing Price Predictions:
   Current Close:    $20.00
   Bayesian:         $20.03 ($16.01 - $24.06)
   GP:               $19.92 ($19.85 - $20.00)
   Ensemble:         $19.92 ($19.81 - $20.04)

🔵 Running Bayesian Linear Regression for SOYB...
🟠 Running Gaussian Process for SOYB...

📊 SOYB - Unified Forecast Summary (2026-09-14)
======================================================================
🔵 Bayesian Forecast: 0.0024 ± 0.2025
🟠 GP Forecast:       0.0051 ± 0.0075
🟢 Ensemble Forecast: 0.0051 ± 0.0107
📈 RSI Signal:        HOLD (RSI: 64.0)
📊 BB Signal:         HOLD (Z-Score: 0.82)
🎯 Final Signal:      HOLD (Confidence: 50.0%)
💰 Recommendation:    HOLD

💰 Next-Day Closing Price Predictions:
   Current Close:    $27.64
   Bayesian:         $27.71 ($22.11 - $33.30)
   GP:               $27.78 ($27.58 - $27.99)
   Ensemble:         $27.78 ($27.49 - $28.08)

🔵 Running Bayesian Linear Regression for CANE...
🟠 Running Gaussian Process for CANE...

📊 CANE - Unified Forecast Summary (2026-09-14)
======================================================================
🔵 Bayesian Forecast: 0.0037 ± 0.2028
🟠 GP Forecast:       0.0026 ± 0.0074
🟢 Ensemble Forecast: 0.0026 ± 0.0107
📈 RSI Signal:        SELL (RSI: 75.0)
📊 BB Signal:         HOLD (Z-Score: 0.53)
🎯 Final Signal:      HOLD (Confidence: 50.0%)
💰 Recommendation:    HOLD

💰 Next-Day Closing Price Predictions:
   Current Close:    $11.48
   Bayesian:         $11.52 ($9.19 - $13.85)
   GP:               $11.51 ($11.42 - $11.60)
   Ensemble:         $11.51 ($11.39 - $11.63)

🔵 Running Bayesian Linear Regression for DBA...
🟠 Running Gaussian Process for DBA...

📊 DBA - Unified Forecast Summary (2026-09-14)
======================================================================
🔵 Bayesian Forecast: -0.0002 ± 0.2013
🟠 GP Forecast:       -0.0001 ± 0.0071
🟢 Ensemble Forecast: -0.0001 ± 0.0102
📈 RSI Signal:        HOLD (RSI: 62.1)
📊 BB Signal:         HOLD (Z-Score: 0.42)
🎯 Final Signal:      HOLD (Confidence: 50.0%)
💰 Recommendation:    HOLD

💰 Next-Day Closing Price Predictions:
   Current Close:    $28.98
   Bayesian:         $28.97 ($23.14 - $34.80)
   GP:               $28.97 ($28.77 - $29.18)
   Ensemble:         $28.97 ($28.68 - $29.27)

🔵 Running Bayesian Linear Regression for UNG...
🟠 Running Gaussian Process for UNG...

📊 UNG - Unified Forecast Summary (2026-09-14)
======================================================================
🔵 Bayesian Forecast: 0.0089 ± 0.2017
🟠 GP Forecast:       -0.0030 ± 0.0044
🟢 Ensemble Forecast: -0.0030 ± 0.0066
📈 RSI Signal:        HOLD (RSI: 55.2)
📊 BB Signal:         HOLD (Z-Score: 0.27)
🎯 Final Signal:      HOLD (Confidence: 50.0%)
💰 Recommendation:    HOLD

💰 Next-Day Closing Price Predictions:
   Current Close:    $10.35
   Bayesian:         $10.44 ($8.35 - $12.53)
   GP:               $10.32 ($10.27 - $10.36)
   Ensemble:         $10.32 ($10.25 - $10.39)

🔵 Running Bayesian Linear Regression for BNO...
🟠 Running Gaussian Process for BNO...

📊 BNO - Unified Forecast Summary (2026-09-14)
======================================================================
🔵 Bayesian Forecast: 0.0142 ± 0.2026
🟠 GP Forecast:       -0.0023 ± 0.0090
🟢 Ensemble Forecast: -0.0023 ± 0.0130
📈 RSI Signal:        HOLD (RSI: 61.6)
📊 BB Signal:         SELL (Z-Score: 1.70)
🎯 Final Signal:      HOLD (Confidence: 50.0%)
💰 Recommendation:    HOLD

💰 Next-Day Closing Price Predictions:
   Current Close:    $61.53
   Bayesian:         $62.40 ($49.93 - $74.86)
   GP:               $61.38 ($60.83 - $61.94)
   Ensemble:         $61.38 ($60.58 - $62.19)

🔵 Running Bayesian Linear Regression for XLE...
🟠 Running Gaussian Process for XLE...

📊 XLE - Unified Forecast Summary (2026-09-14)
======================================================================
🔵 Bayesian Forecast: 0.0017 ± 0.2004
🟠 GP Forecast:       0.0034 ± 0.0037
🟢 Ensemble Forecast: 0.0034 ± 0.0056
📈 RSI Signal:        BUY (RSI: 26.0)
📊 BB Signal:         HOLD (Z-Score: 0.47)
🎯 Final Signal:      HOLD (Confidence: 50.0%)
💰 Recommendation:    HOLD

💰 Next-Day Closing Price Predictions:
   Current Close:    $64.33
   Bayesian:         $64.44 ($51.55 - $77.34)
   GP:               $64.55 ($64.31 - $64.79)
   Ensemble:         $64.55 ($64.19 - $64.91)

🔵 Running Bayesian Linear Regression for SLV...
🟠 Running Gaussian Process for SLV...

📊 SLV - Unified Forecast Summary (2026-09-14)
======================================================================
🔵 Bayesian Forecast: -0.0266 ± 0.2029
🟠 GP Forecast:       -0.0060 ± 0.0081
🟢 Ensemble Forecast: -0.0060 ± 0.0118
📈 RSI Signal:        HOLD (RSI: 39.6)
📊 BB Signal:         HOLD (Z-Score: -1.45)
🎯 Final Signal:      HOLD (Confidence: 50.0%)
💰 Recommendation:    HOLD

💰 Next-Day Closing Price Predictions:
   Current Close:    $57.48
   Bayesian:         $55.95 ($44.29 - $67.61)
   GP:               $57.14 ($56.67 - $57.61)
   Ensemble:         $57.14 ($56.46 - $57.81)

🔵 Running Bayesian Linear Regression for IAU...
🟠 Running Gaussian Process for IAU...

📊 IAU - Unified Forecast Summary (2026-09-14)
======================================================================
🔵 Bayesian Forecast: -0.0080 ± 0.2014
🟠 GP Forecast:       -0.0084 ± 0.0067
🟢 Ensemble Forecast: -0.0084 ± 0.0097
📈 RSI Signal:        HOLD (RSI: 35.7)
📊 BB Signal:         HOLD (Z-Score: -1.32)
🎯 Final Signal:      HOLD (Confidence: 50.0%)
💰 Recommendation:    HOLD

💰 Next-Day Closing Price Predictions:
   Current Close:    $80.96
   Bayesian:         $80.31 ($64.00 - $96.62)
   GP:               $80.28 ($79.74 - $80.83)
   Ensemble:         $80.28 ($79.49 - $81.07)

🔵 Running Bayesian Linear Regression for PPLT...
🟠 Running Gaussian Process for PPLT...

📊 PPLT - Unified Forecast Summary (2026-09-14)
======================================================================
🔵 Bayesian Forecast: -0.0181 ± 0.2027
🟠 GP Forecast:       0.0029 ± 0.0088
🟢 Ensemble Forecast: 0.0028 ± 0.0127
📈 RSI Signal:        HOLD (RSI: 34.3)
📊 BB Signal:         HOLD (Z-Score: -0.96)
🎯 Final Signal:      HOLD (Confidence: 50.0%)
💰 Recommendation:    HOLD

💰 Next-Day Closing Price Predictions:
   Current Close:    $16.02
   Bayesian:         $15.73 ($12.48 - $18.98)
   GP:               $16.07 ($15.93 - $16.21)
   Ensemble:         $16.07 ($15.86 - $16.27)

🔵 Running Bayesian Linear Regression for PALL...
🟠 Running Gaussian Process for PALL...

📊 PALL - Unified Forecast Summary (2026-09-14)
======================================================================
🔵 Bayesian Forecast: -0.0149 ± 0.2026
🟠 GP Forecast:       -0.0047 ± 0.0159
🟢 Ensemble Forecast: -0.0048 ± 0.0225
📈 RSI Signal:        HOLD (RSI: 37.7)
📊 BB Signal:         HOLD (Z-Score: -1.38)
🎯 Final Signal:      HOLD (Confidence: 50.0%)
💰 Recommendation:    HOLD

💰 Next-Day Closing Price Predictions:
   Current Close:    $23.36
   Bayesian:         $23.01 ($18.28 - $27.74)
   GP:               $23.25 ($22.88 - $23.62)
   Ensemble:         $23.25 ($22.72 - $23.77)

🔵 Running Bayesian Linear Regression for CPER...
🟠 Running Gaussian Process for CPER...

📊 CPER - Unified Forecast Summary (2026-09-14)
======================================================================
🔵 Bayesian Forecast: -0.0185 ± 0.2042
🟠 GP Forecast:       0.0029 ± 0.0063
🟢 Ensemble Forecast: 0.0029 ± 0.0093
📈 RSI Signal:        HOLD (RSI: 32.0)
📊 BB Signal:         BUY (Z-Score: -2.14)
🎯 Final Signal:      HOLD (Confidence: 50.0%)
💰 Recommendation:    HOLD

💰 Next-Day Closing Price Predictions:
   Current Close:    $38.40
   Bayesian:         $37.69 ($29.85 - $45.52)
   GP:               $38.51 ($38.26 - $38.75)
   Ensemble:         $38.50 ($38.15 - $38.86)

🔵 Running Bayesian Linear Regression for DBB...
🟠 Running Gaussian Process for DBB...

📊 DBB - Unified Forecast Summary (2026-09-14)
======================================================================
🔵 Bayesian Forecast: -0.0072 ± 0.2026
🟠 GP Forecast:       0.0048 ± 0.0053
🟢 Ensemble Forecast: 0.0048 ± 0.0078
📈 RSI Signal:        HOLD (RSI: 32.3)
📊 BB Signal:         HOLD (Z-Score: -1.37)
🎯 Final Signal:      HOLD (Confidence: 50.0%)
💰 Recommendation:    HOLD

💰 Next-Day Closing Price Predictions:
   Current Close:    $25.13
   Bayesian:         $24.95 ($19.86 - $30.04)
   GP:               $25.25 ($25.12 - $25.39)
   Ensemble:         $25.25 ($25.05 - $25.45)

🔵 Running Bayesian Linear Regression for DBC...
🟠 Running Gaussian Process for DBC...

📊 DBC - Unified Forecast Summary (2026-09-14)
======================================================================
🔵 Bayesian Forecast: 0.0054 ± 0.2015
🟠 GP Forecast:       -0.0005 ± 0.0050
🟢 Ensemble Forecast: -0.0005 ± 0.0074
📈 RSI Signal:        HOLD (RSI: 66.2)
📊 BB Signal:         HOLD (Z-Score: 1.48)
🎯 Final Signal:      HOLD (Confidence: 50.0%)
💰 Recommendation:    HOLD

💰 Next-Day Closing Price Predictions:
   Current Close:    $33.08
   Bayesian:         $33.25 ($26.59 - $39.92)
   GP:               $33.06 ($32.89 - $33.22)
   Ensemble:         $33.06 ($32.81 - $33.30)

🔵 Running Bayesian Linear Regression for GSG...
🟠 Running Gaussian Process for GSG...

📊 GSG - Unified Forecast Summary (2026-09-14)
======================================================================
🔵 Bayesian Forecast: 0.0078 ± 0.2017
🟠 GP Forecast:       0.0012 ± 0.0050
🟢 Ensemble Forecast: 0.0012 ± 0.0073
📈 RSI Signal:        SELL (RSI: 73.4)
📊 BB Signal:         SELL (Z-Score: 1.55)
🎯 Final Signal:      SELL (Confidence: 75.0%)
💰 Recommendation:    SELL

💰 Next-Day Closing Price Predictions:
   Current Close:    $36.39
   Bayesian:         $36.67 ($29.33 - $44.01)
   GP:               $36.44 ($36.25 - $36.62)
   Ensemble:         $36.44 ($36.17 - $36.70)
2026-09-14 18:59:00,135 | INFO | CALIBRATION APPLIED: 16 signal(s), fit on n=24147 (fitted 2026-09-14T18:58:48+00:00) — 15 moved by >5pp
2026-09-14 18:59:00,141 | INFO | SIGNAL FILTER | symbol=WEAT | original=HOLD | normalized=HOLD | confidence=0.5000 | prob_profit=0.5321 | decision=HOLD | reason=explicit HOLD decision retained for logging
2026-09-14 18:59:00,141 | INFO | SIGNAL FILTER | symbol=CORN | original=SELL | normalized=SELL | confidence=0.7500 | prob_profit=0.4922 | p_dir=0.5078 | decision=PASS | reason=meets confidence and probability thresholds
2026-09-14 18:59:00,141 | INFO | SIGNAL FILTER | symbol=SOYB | original=HOLD | normalized=HOLD | confidence=0.5000 | prob_profit=0.5321 | decision=HOLD | reason=explicit HOLD decision retained for logging
2026-09-14 18:59:00,141 | INFO | SIGNAL FILTER | symbol=CANE | original=HOLD | normalized=HOLD | confidence=0.5000 | prob_profit=0.5321 | decision=HOLD | reason=explicit HOLD decision retained for logging
2026-09-14 18:59:00,141 | INFO | SIGNAL FILTER | symbol=DBA | original=HOLD | normalized=HOLD | confidence=0.5000 | prob_profit=0.5199 | decision=HOLD | reason=explicit HOLD decision retained for logging
2026-09-14 18:59:00,141 | INFO | SIGNAL FILTER | symbol=UNG | original=HOLD | normalized=HOLD | confidence=0.5000 | prob_profit=0.4922 | decision=HOLD | reason=explicit HOLD decision retained for logging
2026-09-14 18:59:00,141 | INFO | SIGNAL FILTER | symbol=BNO | original=HOLD | normalized=HOLD | confidence=0.4250 | prob_profit=0.5150 | decision=HOLD | reason=explicit HOLD decision retained for logging
2026-09-14 18:59:00,141 | INFO | SIGNAL FILTER | symbol=XLE | original=HOLD | normalized=HOLD | confidence=0.5000 | prob_profit=0.5321 | decision=HOLD | reason=explicit HOLD decision retained for logging
2026-09-14 18:59:00,141 | INFO | SIGNAL FILTER | symbol=SLV | original=HOLD | normalized=HOLD | confidence=0.5000 | prob_profit=0.4922 | decision=HOLD | reason=explicit HOLD decision retained for logging
2026-09-14 18:59:00,141 | INFO | SIGNAL FILTER | symbol=IAU | original=HOLD | normalized=HOLD | confidence=0.5000 | prob_profit=0.4922 | decision=HOLD | reason=explicit HOLD decision retained for logging
2026-09-14 18:59:00,141 | INFO | SIGNAL FILTER | symbol=PPLT | original=HOLD | normalized=HOLD | confidence=0.5000 | prob_profit=0.5321 | decision=HOLD | reason=explicit HOLD decision retained for logging
2026-09-14 18:59:00,141 | INFO | SIGNAL FILTER | symbol=PALL | original=HOLD | normalized=HOLD | confidence=0.5000 | prob_profit=0.5150 | decision=HOLD | reason=explicit HOLD decision retained for logging
2026-09-14 18:59:00,141 | INFO | SIGNAL FILTER | symbol=CPER | original=HOLD | normalized=HOLD | confidence=0.4250 | prob_profit=0.5321 | decision=HOLD | reason=explicit HOLD decision retained for logging
2026-09-14 18:59:00,141 | INFO | SIGNAL FILTER | symbol=DBB | original=HOLD | normalized=HOLD | confidence=0.5000 | prob_profit=0.5321 | decision=HOLD | reason=explicit HOLD decision retained for logging
2026-09-14 18:59:00,141 | INFO | SIGNAL FILTER | symbol=DBC | original=HOLD | normalized=HOLD | confidence=0.5000 | prob_profit=0.5150 | decision=HOLD | reason=explicit HOLD decision retained for logging
2026-09-14 18:59:00,141 | INFO | SIGNAL FILTER | symbol=GSG | original=SELL | normalized=SELL | confidence=0.8625 | prob_profit=0.5199 | p_dir=0.4801 | decision=REJECT | reason=P(down) 0.4801 < 0.5000
2026-09-14 18:59:00,141 | INFO | EDGE GATE | symbol=CORN | move=0.378% | p_dir=0.508 | cost=0.300% | EV=-0.294% | decision=PASS (shadow) | reason=predicted move 0.378% at 50.8% does not cover 0.300% round-trip cost (EV -0.294%)
2026-09-14 18:59:00,141 | INFO | EDGE GATE SUMMARY: 1 directional signal(s) evaluated, 0 demoted to HOLD (shadow mode)
2026-09-14 18:59:00,141 | INFO | SIGNALS GENERATED: 16 total, 1 directional candidates, 14 hold decisions
2026-09-14 18:59:00,141 | INFO |   CORN  SELL conf=0.75 prob=0.49 | agriculture / corn futures
2026-09-14 18:59:00,143 | INFO | THESES SHADOW-LOGGED: 16
2026-09-14 18:59:00,485 | INFO | Options chain for CORN served from the INDICATIVE (delayed) feed; OPRA unavailable ({"message":"OPRA agreement is not signed"}).
2026-09-14 18:59:00,489 | INFO | OPTIONS CANDIDATES FOR TODAY: CORN -> PUT {'symbol': 'CORN261016P00019000', 'underlying': 'CORN', 'expiration': '2026-10-16', 'strike': 19.0, 'type': 'put', 'delta': -0.196, 'implied_volatility': 0.2254} | CALL {'symbol': 'CORN261016C00021000', 'underlying': 'CORN', 'expiration': '2026-10-16', 'strike': 21.0, 'type': 'call', 'delta': 0.2471, 'implied_volatility': 0.2134}
2026-09-14 18:59:00,489 | INFO | Loading portfolio state...
2026-09-14 18:59:00,665 | INFO | INVERSE ROUTE (skipped) | SELL CORN not actionable: no liquid inverse corn fund listed in the US
2026-09-14 18:59:00,665 | INFO | INVERSE ROUTING: unroutable=1
  FROM    SIGNAL ACTION         TO      REASON
  CORN    SELL   unroutable     -       no liquid inverse corn fund listed in the US
2026-09-14 18:59:00,665 | INFO | Executing trading cycle...

📋 Pre-trade snapshot:
   Equity source: broker_live
   Account equity: $498.77
   Exposure (invested fraction): 0.2003
   Trades today (executed): 0
   Daily return: -0.0013
   Risk config: exposure=0.3, max_pos=0.2, max_trades/day=3, daily_loss_limit=0.02, paper_mode=True
[INFO] PAPER TRADING MODE: True — executing in paper mode with guardrails enabled.
2026-09-14 18:59:00,833 | INFO | ORDERS ATTEMPTED: 0
2026-09-14 18:59:00,833 | INFO | ORDERS SUBMITTED: 0
2026-09-14 18:59:00,835 | INFO | Decision summary: {'hold': 14}
2026-09-14 18:59:00,835 | INFO | END DAILY TRADING RUN
