2026-09-29 22:43:09,241 | WARNING | EOS FINANCE DOMAINS UNAVAILABLE (ImportError: eos checkout not found at /home/runner/work/finance_project/mcp_server. Set EOS_ROOT to the mcp_server directory to enable the finance domains.). Running on reduced built-in logic only -- this is NOT the configuration backtests are validated under. Set EOS_ROOT to the mcp_server directory to restore it.
2026-09-29 22:43:09,963 | INFO | Failed to extract font properties from /usr/share/fonts/truetype/noto/NotoColorEmoji.ttf: Non-scalable fonts are not supported
2026-09-29 22:43:10,437 | INFO | generated new fontManager
2026-09-29 22:43:10,606 | INFO | START DAILY TRADING RUN
2026-09-29 22:43:10,606 | INFO | DATE/TIME: 2026-09-29T18:43:10.606897-04:00
2026-09-29 22:43:11,041 | INFO | Duplicate run detected for 2026-09-29. Forcing dry_run=True.
2026-09-29 22:43:11,327 | INFO | ACCOUNT: equity=$494.05 (source=broker_live) | cash=$469.06 | exposure=5.1%
2026-09-29 22:43:11,416 | INFO | FILL RECONCILE: 38 fills -> 19 round trips, realized P&L $-5.86 (7W/12L, 36.8% win rate), 1 lots still open [dry run, nothing written]
2026-09-29 22:43:11,416 | INFO |   TSLA     1.00 sh  2026-03-24 -> 2026-07-23  $379.74 -> $337.00  P&L $-42.74 (-11.26%, 120d)
2026-09-29 22:43:11,416 | INFO |   BAC      1.00 sh  2026-03-24 -> 2026-09-09  $47.38 -> $62.79  P&L $+15.41 (+32.52%, 169d)
2026-09-29 22:43:11,416 | INFO |   BAC      1.00 sh  2026-03-24 -> 2026-09-11  $47.38 -> $62.54  P&L $+15.16 (+32.00%, 171d)
2026-09-29 22:43:11,416 | INFO |   CORN     1.00 sh  2026-09-09 -> 2026-09-11  $19.91 -> $19.89  P&L $-0.02 (-0.10%, 1d)
2026-09-29 22:43:11,416 | INFO |   KOLD     1.00 sh  2026-09-15 -> 2026-09-15  $28.63 -> $28.34  P&L $-0.29 (-1.01%, 0d)
2026-09-29 22:43:11,416 | INFO |   CPER     1.00 sh  2026-09-11 -> 2026-09-17  $39.27 -> $39.89  P&L $+0.62 (+1.58%, 6d)
2026-09-29 22:43:11,416 | INFO |   BNO      1.00 sh  2026-08-13 -> 2026-09-17  $49.60 -> $61.30  P&L $+11.70 (+23.59%, 35d)
2026-09-29 22:43:11,416 | INFO |   KOLD     1.00 sh  2026-09-16 -> 2026-09-18  $29.39 -> $28.97  P&L $-0.42 (-1.43%, 1d)
2026-09-29 22:43:11,416 | INFO |   GSG      1.00 sh  2026-09-16 -> 2026-09-21  $36.72 -> $35.97  P&L $-0.75 (-2.04%, 4d)
2026-09-29 22:43:11,416 | INFO |   DBC      1.00 sh  2026-09-16 -> 2026-09-21  $33.27 -> $32.54  P&L $-0.73 (-2.19%, 4d)
2026-09-29 22:43:11,416 | INFO |   PALL     1.00 sh  2026-09-17 -> 2026-09-21  $23.36 -> $23.57  P&L $+0.21 (+0.90%, 3d)
2026-09-29 22:43:11,416 | INFO |   PPLT     1.00 sh  2026-09-17 -> 2026-09-23  $16.17 -> $15.99  P&L $-0.18 (-1.11%, 5d)
2026-09-29 22:43:11,416 | INFO |   SLV      1.00 sh  2026-09-22 -> 2026-09-24  $59.76 -> $57.24  P&L $-2.52 (-4.22%, 1d)
2026-09-29 22:43:11,416 | INFO |   PALL     1.00 sh  2026-09-22 -> 2026-09-25  $23.48 -> $22.67  P&L $-0.81 (-3.45%, 2d)
2026-09-29 22:43:11,416 | INFO |   KOLD     1.00 sh  2026-09-24 -> 2026-09-25  $22.92 -> $24.80  P&L $+1.88 (+8.20%, 1d)
2026-09-29 22:43:11,416 | INFO |   IAU      1.00 sh  2026-09-24 -> 2026-09-28  $80.04 -> $77.93  P&L $-2.11 (-2.64%, 3d)
2026-09-29 22:43:11,416 | INFO |   SCO      1.00 sh  2026-09-29 -> 2026-09-29  $20.40 -> $20.37  P&L $-0.03 (-0.15%, 0d)
2026-09-29 22:43:11,416 | INFO |   GLL      1.00 sh  2026-09-29 -> 2026-09-29  $24.89 -> $24.93  P&L $+0.04 (+0.16%, 0d)
2026-09-29 22:43:11,416 | INFO |   ZSL      1.00 sh  2026-09-29 -> 2026-09-29  $27.20 -> $26.92  P&L $-0.28 (-1.03%, 0d)
2026-09-29 22:43:11,417 | INFO |   OPEN WEAT     1.00 sh @ $24.99 since 2026-09-29
2026-09-29 22:43:11,473 | INFO | CURRENTLY HELD: WEAT
2026-09-29 22:43:14,112 | ERROR | 
1 Failed download:
2026-09-29 22:43:14,112 | ERROR | ['DBA']: OperationalError('database is locked')
2026-09-29 22:43:14,119 | INFO | UNIVERSE SCREEN: scope=all | 15/24 affordable at $98.81/position (20% of $494.05 equity)
  OK UNG        $10.35  up to 9 share(s) at $10.35
  OK CANE       $11.36  up to 8 share(s) at $11.36
  OK PPLT       $15.47  up to 6 share(s) at $15.47
  OK CORN       $19.50  up to 5 share(s) at $19.50
  OK PALL       $22.14  up to 4 share(s) at $22.14
  OK WEAT       $25.05  up to 3 share(s) at $25.05
  OK DBB        $25.56  up to 3 share(s) at $25.56
  OK SOYB       $27.59  up to 3 share(s) at $27.59
  OK DBC        $32.00  up to 3 share(s) at $32.00
  OK GSG        $35.11  up to 2 share(s) at $35.11
  OK CPER       $39.93  up to 2 share(s) at $39.93
  OK SLV        $55.48  up to 1 share(s) at $55.48
  OK BNO        $58.75  up to 1 share(s) at $58.75
  OK XLE        $61.54  up to 1 share(s) at $61.54
  OK IAU        $78.52  up to 1 share(s) at $78.52
  -- UGA       $140.03  1 share costs $140.03 but the cap is $98.81 (20% of $494.05)
  -- USO       $143.35  1 share costs $143.35 but the cap is $98.81 (20% of $494.05)
  -- NVDA      $227.21  1 share costs $227.21 but the cap is $98.81 (20% of $494.05)
  -- AMZN      $246.67  1 share costs $246.67 but the cap is $98.81 (20% of $494.05)
  -- AAPL      $329.40  1 share costs $329.40 but the cap is $98.81 (20% of $494.05)
  -- GOOGL     $340.92  1 share costs $340.92 but the cap is $98.81 (20% of $494.05)
  -- GLD       $382.89  1 share costs $382.89 but the cap is $98.81 (20% of $494.05)
  -- MSFT      $508.96  1 share costs $508.96 but the cap is $98.81 (20% of $494.05)
  -- DBA           n/a  no price available
2026-09-29 22:43:14,119 | INFO | TRADING UNIVERSE (15): WEAT, CORN, SOYB, CANE, UNG, BNO, XLE, SLV, IAU, PPLT, PALL, CPER, DBB, DBC, GSG
2026-09-29 22:43:14,234 | INFO | EXIT RECONCILE | WEAT | DRY_RUN | would attach GTC trailing sell qty=1 @ anchor $24.99 (trail 2.0%)
2026-09-29 22:43:14,234 | INFO | EXIT RECONCILE SUMMARY: 1 positions checked, 0 exits attached
2026-09-29 22:43:14,262 | INFO | COMPONENT ACCURACY (all history):
  base rate: the market rose on 51.6% of 24366 scored observations — beat this, not 50%
  component         n     acc            95% CI  verdict
  --------------------------------------------------------------
  Bollinger      6757   49.9%   [ 48.7%,  51.1%]  indistinguishable from a coin flip
  Bayesian      24366   49.2%   [ 48.6%,  49.9%]  WORSE than chance
  GaussianProc  24366   50.8%   [ 50.2%,  51.4%]  beats 50% but NOT the 51.6% base rate
  RSI            5862   51.5%   [ 50.2%,  52.7%]  beats 50% but NOT the 51.6% base rate
  ENSEMBLE       4645   50.9%   [ 49.5%,  52.4%]  indistinguishable from a coin flip
2026-09-29 22:43:14,848 | INFO | CALIBRATION: refit from 24357 matched prediction(s), saved to trade_logs/calibration.json
2026-09-29 22:43:14,850 | INFO | NEWS DIFFUSION ACCURACY (all history):
  base rate: the market rose on 43.9% of 264 scored news-linked observations
  match_type    n     acc            95% CI  verdict
  ----------------------------------------------------------
  explicit     24   12.5%   [  0.0%,  25.7%]  WORSE than chance
  theme        75   38.7%   [ 27.6%,  49.7%]  WORSE than chance
2026-09-29 22:43:15,049 | INFO | NEWS DIFFUSION: 11 event(s) across 10 symbol(s)
2026-09-29 22:43:15,049 | INFO | NEWS EVENT | symbol=UNG | match=explicit | polarity=neutral (0.00) | themes=- | 'Trump to Unveil $54B Alaska LNG Plan Amid Midterm Woes'- Bloomberg
2026-09-29 22:43:15,049 | INFO | NEWS EVENT | symbol=XLE | match=explicit | polarity=bullish (0.33) | themes=- | 30-Year Yield Hits 2002 High; Credit-Score Giant FICO Plunges 27%: Stock Market Today
2026-09-29 22:43:15,049 | INFO | NEWS EVENT | symbol=XLE | match=explicit | polarity=bearish (-1.00) | themes=- | Oil Near $100 Should Lift Energy. Instead XLE ETF Is Falling — Here's Why
2026-09-29 22:43:15,049 | INFO | NEWS EVENT | symbol=UNG | match=explicit | polarity=neutral (0.00) | themes=geopolitical_supply_shock | Reported September 28, 'Russia raises 2027 military spending by 27%, budget documents show' - Reuters Exclusive
2026-09-29 22:43:15,049 | INFO | NEWS EVENT | symbol=WEAT | match=explicit | polarity=neutral (0.00) | themes=geopolitical_supply_shock | Reported September 28, 'Russia raises 2027 military spending by 27%, budget documents show' - Reuters Exclusive
2026-09-29 22:43:15,049 | INFO | NEWS EVENT | symbol=CORN | match=theme | polarity=neutral (0.00) | themes=geopolitical_supply_shock | Reported September 28, 'Russia raises 2027 military spending by 27%, budget documents show' - Reuters Exclusive
2026-09-29 22:43:15,049 | INFO | NEWS EVENT | symbol=BNO | match=theme | polarity=neutral (0.00) | themes=geopolitical_supply_shock | Reported September 28, 'Russia raises 2027 military spending by 27%, budget documents show' - Reuters Exclusive
2026-09-29 22:43:15,049 | INFO | NEWS EVENT | symbol=IAU | match=theme | polarity=neutral (0.00) | themes=geopolitical_supply_shock | Reported September 28, 'Russia raises 2027 military spending by 27%, budget documents show' - Reuters Exclusive
2026-09-29 22:43:15,049 | INFO | NEWS EVENT | symbol=XLE | match=explicit | polarity=neutral (0.00) | themes=- | $700 Billion S&P 500 Sell-Off Meets $100 Oil: Are Investors Rotating Into Value ETFs?
2026-09-29 22:43:15,049 | INFO | NEWS EVENT | symbol=BNO | match=explicit | polarity=bullish (1.00) | themes=geopolitical_supply_shock | Oil is trading higher following reports suggesting President Trump rejected Iran's plan to reopen the Strait of Hormuz a
2026-09-29 22:43:15,049 | INFO | NEWS EVENT | symbol=WEAT | match=theme | polarity=bullish (1.00) | themes=geopolitical_supply_shock | Oil is trading higher following reports suggesting President Trump rejected Iran's plan to reopen the Strait of Hormuz a
2026-09-29 22:43:15,049 | INFO | NEWS EVENT | symbol=CORN | match=theme | polarity=bullish (1.00) | themes=geopolitical_supply_shock | Oil is trading higher following reports suggesting President Trump rejected Iran's plan to reopen the Strait of Hormuz a
2026-09-29 22:43:15,049 | INFO | NEWS EVENT | symbol=UNG | match=theme | polarity=bullish (1.00) | themes=geopolitical_supply_shock | Oil is trading higher following reports suggesting President Trump rejected Iran's plan to reopen the Strait of Hormuz a
2026-09-29 22:43:15,049 | INFO | NEWS EVENT | symbol=IAU | match=theme | polarity=bullish (1.00) | themes=geopolitical_supply_shock | Oil is trading higher following reports suggesting President Trump rejected Iran's plan to reopen the Strait of Hormuz a
2026-09-29 22:43:15,049 | INFO | NEWS EVENT | symbol=XLE | match=explicit | polarity=bullish (0.33) | themes=- | Nasdaq 100 Sinks, Oil Rallies as Trump Rejects Iran's Hormuz Plan: Stock Market Today
2026-09-29 22:43:15,049 | INFO | NEWS EVENT | symbol=XLE | match=explicit | polarity=neutral (0.00) | themes=- | 8 Of 11 Sectors Fall In Monday Trading As Defensives Lead
2026-09-29 22:43:15,049 | INFO | NEWS EVENT | symbol=IAU | match=explicit | polarity=neutral (0.00) | themes=inflation_hedge | Why Are Precious Metal Stocks Falling Today?
2026-09-29 22:43:15,050 | INFO | NEWS EVENT | symbol=SLV | match=explicit | polarity=neutral (0.00) | themes=inflation_hedge | Why Are Precious Metal Stocks Falling Today?
2026-09-29 22:43:15,050 | INFO | NEWS EVENT | symbol=PPLT | match=theme | polarity=neutral (0.00) | themes=inflation_hedge | Why Are Precious Metal Stocks Falling Today?
2026-09-29 22:43:15,050 | INFO | NEWS EVENT | symbol=DBC | match=theme | polarity=neutral (0.00) | themes=inflation_hedge | Why Are Precious Metal Stocks Falling Today?
2026-09-29 22:43:15,050 | INFO | NEWS EVENT | symbol=GSG | match=theme | polarity=neutral (0.00) | themes=inflation_hedge | Why Are Precious Metal Stocks Falling Today?
2026-09-29 22:43:15,050 | INFO | NEWS EVENT | symbol=IAU | match=explicit | polarity=bullish (1.00) | themes=- | Gold Bull Run Looks Finished—Unless You Look Closer
2026-09-29 22:43:15,050 | INFO | NEWS EVENT | symbol=UNG | match=explicit | polarity=neutral (0.00) | themes=- | Reported Earlier, 'Iran Is Pressed to Make Nuclear Concessions to Revive Peace Talks With U.S.' - WSJ
2026-09-29 22:43:15,052 | INFO | Generating signals...
YF.download() has changed argument auto_adjust default to True

🔵 Running Bayesian Linear Regression for WEAT...
🟠 Running Gaussian Process for WEAT...

📊 WEAT - Unified Forecast Summary (2026-09-29)
======================================================================
🔵 Bayesian Forecast: -0.0105 ± 0.2029
🟠 GP Forecast:       0.0005 ± 0.0049
🟢 Ensemble Forecast: 0.0005 ± 0.0073
📈 RSI Signal:        HOLD (RSI: 57.0)
📊 BB Signal:         BUY (Z-Score: -1.57)
🎯 Final Signal:      HOLD (Confidence: 50.0%)
💰 Recommendation:    HOLD

💰 Next-Day Closing Price Predictions:
   Current Close:    $25.05
   Bayesian:         $24.79 ($19.70 - $29.87)
   GP:               $25.06 ($24.94 - $25.19)
   Ensemble:         $25.06 ($24.88 - $25.24)

🔵 Running Bayesian Linear Regression for CORN...
🟠 Running Gaussian Process for CORN...

📊 CORN - Unified Forecast Summary (2026-09-29)
======================================================================
🔵 Bayesian Forecast: -0.0083 ± 0.2036
🟠 GP Forecast:       -0.0008 ± 0.0055
🟢 Ensemble Forecast: -0.0008 ± 0.0081
📈 RSI Signal:        HOLD (RSI: 57.9)
📊 BB Signal:         BUY (Z-Score: -1.86)
🎯 Final Signal:      HOLD (Confidence: 50.0%)
💰 Recommendation:    HOLD

💰 Next-Day Closing Price Predictions:
   Current Close:    $19.50
   Bayesian:         $19.34 ($15.37 - $23.31)
   GP:               $19.49 ($19.38 - $19.59)
   Ensemble:         $19.49 ($19.33 - $19.64)

🔵 Running Bayesian Linear Regression for SOYB...
🟠 Running Gaussian Process for SOYB...

📊 SOYB - Unified Forecast Summary (2026-09-29)
======================================================================
🔵 Bayesian Forecast: -0.0031 ± 0.2036
🟠 GP Forecast:       0.0037 ± 0.0050
🟢 Ensemble Forecast: 0.0037 ± 0.0073
📈 RSI Signal:        HOLD (RSI: 56.3)
📊 BB Signal:         HOLD (Z-Score: -0.98)
🎯 Final Signal:      HOLD (Confidence: 50.0%)
💰 Recommendation:    HOLD

💰 Next-Day Closing Price Predictions:
   Current Close:    $27.59
   Bayesian:         $27.50 ($21.89 - $33.12)
   GP:               $27.69 ($27.56 - $27.83)
   Ensemble:         $27.69 ($27.49 - $27.89)

🔵 Running Bayesian Linear Regression for CANE...
🟠 Running Gaussian Process for CANE...

📊 CANE - Unified Forecast Summary (2026-09-29)
======================================================================
🔵 Bayesian Forecast: -0.0003 ± 0.2005
🟠 GP Forecast:       0.0014 ± 0.0046
🟢 Ensemble Forecast: 0.0014 ± 0.0068
📈 RSI Signal:        HOLD (RSI: 33.4)
📊 BB Signal:         HOLD (Z-Score: -0.11)
🎯 Final Signal:      HOLD (Confidence: 50.0%)
💰 Recommendation:    HOLD

💰 Next-Day Closing Price Predictions:
   Current Close:    $11.36
   Bayesian:         $11.36 ($9.08 - $13.63)
   GP:               $11.38 ($11.32 - $11.43)
   Ensemble:         $11.38 ($11.30 - $11.45)

🔵 Running Bayesian Linear Regression for UNG...
🟠 Running Gaussian Process for UNG...

📊 UNG - Unified Forecast Summary (2026-09-29)
======================================================================
🔵 Bayesian Forecast: -0.0029 ± 0.2055
🟠 GP Forecast:       0.0102 ± 0.0128
🟢 Ensemble Forecast: 0.0102 ± 0.0182
📈 RSI Signal:        SELL (RSI: 73.7)
📊 BB Signal:         HOLD (Z-Score: -0.57)
🎯 Final Signal:      HOLD (Confidence: 50.0%)
💰 Recommendation:    HOLD

💰 Next-Day Closing Price Predictions:
   Current Close:    $10.35
   Bayesian:         $10.32 ($8.19 - $12.45)
   GP:               $10.46 ($10.32 - $10.59)
   Ensemble:         $10.46 ($10.27 - $10.64)

🔵 Running Bayesian Linear Regression for BNO...
🟠 Running Gaussian Process for BNO...

📊 BNO - Unified Forecast Summary (2026-09-29)
======================================================================
🔵 Bayesian Forecast: -0.0090 ± 0.2024
🟠 GP Forecast:       0.0061 ± 0.0089
🟢 Ensemble Forecast: 0.0061 ± 0.0128
📈 RSI Signal:        HOLD (RSI: 50.2)
📊 BB Signal:         HOLD (Z-Score: -0.33)
🎯 Final Signal:      HOLD (Confidence: 50.0%)
💰 Recommendation:    HOLD

💰 Next-Day Closing Price Predictions:
   Current Close:    $58.75
   Bayesian:         $58.22 ($46.33 - $70.11)
   GP:               $59.11 ($58.59 - $59.63)
   Ensemble:         $59.11 ($58.36 - $59.86)

🔵 Running Bayesian Linear Regression for XLE...
🟠 Running Gaussian Process for XLE...

📊 XLE - Unified Forecast Summary (2026-09-29)
======================================================================
🔵 Bayesian Forecast: -0.0092 ± 0.2027
🟠 GP Forecast:       0.0055 ± 0.0061
🟢 Ensemble Forecast: 0.0055 ± 0.0089
📈 RSI Signal:        HOLD (RSI: 41.2)
📊 BB Signal:         BUY (Z-Score: -1.71)
🎯 Final Signal:      HOLD (Confidence: 50.0%)
💰 Recommendation:    HOLD

💰 Next-Day Closing Price Predictions:
   Current Close:    $61.54
   Bayesian:         $60.98 ($48.50 - $73.45)
   GP:               $61.88 ($61.51 - $62.26)
   Ensemble:         $61.88 ($61.33 - $62.43)

🔵 Running Bayesian Linear Regression for SLV...
🟠 Running Gaussian Process for SLV...

📊 SLV - Unified Forecast Summary (2026-09-29)
======================================================================
🔵 Bayesian Forecast: -0.0249 ± 0.2038
🟠 GP Forecast:       -0.0018 ± 0.0067
🟢 Ensemble Forecast: -0.0018 ± 0.0098
📈 RSI Signal:        HOLD (RSI: 47.7)
📊 BB Signal:         BUY (Z-Score: -1.80)
🎯 Final Signal:      HOLD (Confidence: 50.0%)
💰 Recommendation:    HOLD

💰 Next-Day Closing Price Predictions:
   Current Close:    $55.48
   Bayesian:         $54.10 ($42.79 - $65.41)
   GP:               $55.38 ($55.01 - $55.75)
   Ensemble:         $55.38 ($54.84 - $55.92)

🔵 Running Bayesian Linear Regression for IAU...
🟠 Running Gaussian Process for IAU...

📊 IAU - Unified Forecast Summary (2026-09-29)
======================================================================
🔵 Bayesian Forecast: -0.0090 ± 0.2026
🟠 GP Forecast:       -0.0024 ± 0.0049
🟢 Ensemble Forecast: -0.0024 ± 0.0072
📈 RSI Signal:        HOLD (RSI: 39.7)
📊 BB Signal:         BUY (Z-Score: -1.82)
🎯 Final Signal:      HOLD (Confidence: 50.0%)
💰 Recommendation:    HOLD

💰 Next-Day Closing Price Predictions:
   Current Close:    $78.52
   Bayesian:         $77.81 ($61.90 - $93.72)
   GP:               $78.33 ($77.95 - $78.72)
   Ensemble:         $78.33 ($77.76 - $78.90)

🔵 Running Bayesian Linear Regression for PPLT...
🟠 Running Gaussian Process for PPLT...

📊 PPLT - Unified Forecast Summary (2026-09-29)
======================================================================
🔵 Bayesian Forecast: -0.0232 ± 0.2041
🟠 GP Forecast:       -0.0104 ± 0.0054
🟢 Ensemble Forecast: -0.0104 ± 0.0080
📈 RSI Signal:        HOLD (RSI: 52.9)
📊 BB Signal:         BUY (Z-Score: -1.72)
🎯 Final Signal:      SELL (Confidence: 75.0%)
💰 Recommendation:    SELL

💰 Next-Day Closing Price Predictions:
   Current Close:    $15.47
   Bayesian:         $15.11 ($11.95 - $18.27)
   GP:               $15.31 ($15.23 - $15.39)
   Ensemble:         $15.31 ($15.19 - $15.43)

🔵 Running Bayesian Linear Regression for PALL...
🟠 Running Gaussian Process for PALL...

📊 PALL - Unified Forecast Summary (2026-09-29)
======================================================================
🔵 Bayesian Forecast: -0.0129 ± 0.2022
🟠 GP Forecast:       -0.0048 ± 0.0050
🟢 Ensemble Forecast: -0.0048 ± 0.0074
📈 RSI Signal:        HOLD (RSI: 46.2)
📊 BB Signal:         BUY (Z-Score: -1.59)
🎯 Final Signal:      HOLD (Confidence: 50.0%)
💰 Recommendation:    HOLD

💰 Next-Day Closing Price Predictions:
   Current Close:    $22.14
   Bayesian:         $21.85 ($17.38 - $26.33)
   GP:               $22.03 ($21.92 - $22.15)
   Ensemble:         $22.03 ($21.87 - $22.20)

🔵 Running Bayesian Linear Regression for CPER...
🟠 Running Gaussian Process for CPER...

📊 CPER - Unified Forecast Summary (2026-09-29)
======================================================================
🔵 Bayesian Forecast: 0.0033 ± 0.2018
🟠 GP Forecast:       0.0020 ± 0.0053
🟢 Ensemble Forecast: 0.0020 ± 0.0077
📈 RSI Signal:        HOLD (RSI: 59.7)
📊 BB Signal:         HOLD (Z-Score: 0.08)
🎯 Final Signal:      HOLD (Confidence: 50.0%)
💰 Recommendation:    HOLD

💰 Next-Day Closing Price Predictions:
   Current Close:    $39.93
   Bayesian:         $40.06 ($32.00 - $48.12)
   GP:               $40.01 ($39.80 - $40.22)
   Ensemble:         $40.01 ($39.70 - $40.32)

🔵 Running Bayesian Linear Regression for DBB...
🟠 Running Gaussian Process for DBB...

📊 DBB - Unified Forecast Summary (2026-09-29)
======================================================================
🔵 Bayesian Forecast: -0.0036 ± 0.2024
🟠 GP Forecast:       0.0015 ± 0.0045
🟢 Ensemble Forecast: 0.0015 ± 0.0067
📈 RSI Signal:        HOLD (RSI: 64.9)
📊 BB Signal:         HOLD (Z-Score: -0.33)
🎯 Final Signal:      HOLD (Confidence: 50.0%)
💰 Recommendation:    HOLD

💰 Next-Day Closing Price Predictions:
   Current Close:    $25.56
   Bayesian:         $25.47 ($20.29 - $30.64)
   GP:               $25.60 ($25.48 - $25.71)
   Ensemble:         $25.60 ($25.43 - $25.77)

🔵 Running Bayesian Linear Regression for DBC...
🟠 Running Gaussian Process for DBC...

📊 DBC - Unified Forecast Summary (2026-09-29)
======================================================================
🔵 Bayesian Forecast: -0.0076 ± 0.2029
🟠 GP Forecast:       0.0028 ± 0.0047
🟢 Ensemble Forecast: 0.0028 ± 0.0070
📈 RSI Signal:        HOLD (RSI: 47.5)
📊 BB Signal:         HOLD (Z-Score: -1.24)
🎯 Final Signal:      HOLD (Confidence: 50.0%)
💰 Recommendation:    HOLD

💰 Next-Day Closing Price Predictions:
   Current Close:    $32.00
   Bayesian:         $31.76 ($25.26 - $38.25)
   GP:               $32.09 ($31.94 - $32.24)
   Ensemble:         $32.09 ($31.87 - $32.31)

🔵 Running Bayesian Linear Regression for GSG...
🟠 Running Gaussian Process for GSG...

📊 GSG - Unified Forecast Summary (2026-09-29)
======================================================================
🔵 Bayesian Forecast: -0.0086 ± 0.2026
🟠 GP Forecast:       0.0011 ± 0.0045
🟢 Ensemble Forecast: 0.0011 ± 0.0067
📈 RSI Signal:        HOLD (RSI: 55.9)
📊 BB Signal:         HOLD (Z-Score: -1.10)
🎯 Final Signal:      HOLD (Confidence: 50.0%)
💰 Recommendation:    HOLD

💰 Next-Day Closing Price Predictions:
   Current Close:    $35.11
   Bayesian:         $34.81 ($27.70 - $41.92)
   GP:               $35.15 ($34.99 - $35.31)
   Ensemble:         $35.15 ($34.91 - $35.39)
2026-09-29 22:43:25,221 | INFO | CALIBRATION APPLIED: 15 signal(s), fit on n=24357 (fitted 2026-09-29T22:43:14+00:00) — 14 moved by >5pp
2026-09-29 22:43:25,226 | INFO | VOL SIZING | symbol=PPLT | predicted_vol=39.8% | scale=x0.63 | ENFORCED | vol 39.8% vs 25% target -> x0.63
2026-09-29 22:43:25,226 | INFO | SIGNAL FILTER | symbol=WEAT | original=HOLD | normalized=HOLD | confidence=0.4250 | prob_profit=0.5191 | decision=HOLD | reason=explicit HOLD decision retained for logging
2026-09-29 22:43:25,226 | INFO | SIGNAL FILTER | symbol=CORN | original=HOLD | normalized=HOLD | confidence=0.4250 | prob_profit=0.5146 | decision=HOLD | reason=explicit HOLD decision retained for logging
2026-09-29 22:43:25,226 | INFO | SIGNAL FILTER | symbol=SOYB | original=HOLD | normalized=HOLD | confidence=0.5000 | prob_profit=0.5322 | decision=HOLD | reason=explicit HOLD decision retained for logging
2026-09-29 22:43:25,226 | INFO | SIGNAL FILTER | symbol=CANE | original=HOLD | normalized=HOLD | confidence=0.5000 | prob_profit=0.5254 | decision=HOLD | reason=explicit HOLD decision retained for logging
2026-09-29 22:43:25,226 | INFO | SIGNAL FILTER | symbol=UNG | original=HOLD | normalized=HOLD | confidence=0.5000 | prob_profit=0.5322 | decision=HOLD | reason=explicit HOLD decision retained for logging
2026-09-29 22:43:25,226 | INFO | SIGNAL FILTER | symbol=BNO | original=HOLD | normalized=HOLD | confidence=0.5000 | prob_profit=0.5322 | decision=HOLD | reason=explicit HOLD decision retained for logging
2026-09-29 22:43:25,226 | INFO | SIGNAL FILTER | symbol=XLE | original=HOLD | normalized=HOLD | confidence=0.4250 | prob_profit=0.5322 | decision=HOLD | reason=explicit HOLD decision retained for logging
2026-09-29 22:43:25,226 | INFO | SIGNAL FILTER | symbol=SLV | original=HOLD | normalized=HOLD | confidence=0.4250 | prob_profit=0.5146 | decision=HOLD | reason=explicit HOLD decision retained for logging
2026-09-29 22:43:25,226 | INFO | SIGNAL FILTER | symbol=IAU | original=HOLD | normalized=HOLD | confidence=0.4250 | prob_profit=0.4909 | decision=HOLD | reason=explicit HOLD decision retained for logging
2026-09-29 22:43:25,226 | INFO | SIGNAL FILTER | symbol=PPLT | original=SELL | normalized=SELL | confidence=0.6375 | prob_profit=0.4891 | p_dir=0.5109 | decision=PASS | reason=meets confidence and probability thresholds
2026-09-29 22:43:25,226 | INFO | SIGNAL FILTER | symbol=PALL | original=HOLD | normalized=HOLD | confidence=0.4250 | prob_profit=0.4909 | decision=HOLD | reason=explicit HOLD decision retained for logging
2026-09-29 22:43:25,226 | INFO | SIGNAL FILTER | symbol=CPER | original=HOLD | normalized=HOLD | confidence=0.5000 | prob_profit=0.5322 | decision=HOLD | reason=explicit HOLD decision retained for logging
2026-09-29 22:43:25,226 | INFO | SIGNAL FILTER | symbol=DBB | original=HOLD | normalized=HOLD | confidence=0.5000 | prob_profit=0.5322 | decision=HOLD | reason=explicit HOLD decision retained for logging
2026-09-29 22:43:25,226 | INFO | SIGNAL FILTER | symbol=DBC | original=HOLD | normalized=HOLD | confidence=0.5000 | prob_profit=0.5322 | decision=HOLD | reason=explicit HOLD decision retained for logging
2026-09-29 22:43:25,227 | INFO | SIGNAL FILTER | symbol=GSG | original=HOLD | normalized=HOLD | confidence=0.5000 | prob_profit=0.5191 | decision=HOLD | reason=explicit HOLD decision retained for logging
2026-09-29 22:43:25,227 | INFO | EDGE GATE | symbol=PPLT | move=1.040% | p_dir=0.511 | cost=0.300% | EV=-0.277% | decision=REJECT | reason=predicted move 1.040% at 51.1% does not cover 0.300% round-trip cost (EV -0.277%)
2026-09-29 22:43:25,227 | ERROR | rejection_reason: edge gate PPLT: predicted move 1.040% at 51.1% does not cover 0.300% round-trip cost (EV -0.277%)
2026-09-29 22:43:25,227 | INFO | EDGE GATE SUMMARY: 1 directional signal(s) evaluated, 1 demoted to HOLD (enforcing)
2026-09-29 22:43:25,227 | INFO | SIGNALS GENERATED: 15 total, 0 directional candidates, 15 hold decisions
2026-09-29 22:43:25,228 | INFO | THESES SHADOW-LOGGED: 15
2026-09-29 22:43:25,228 | INFO | OPTIONS CANDIDATES FOR TODAY: none
2026-09-29 22:43:25,228 | INFO | Loading portfolio state...
2026-09-29 22:43:25,340 | INFO | INVERSE ROUTING: nothing to route
  (no directional signals to route)
2026-09-29 22:43:25,341 | INFO | EDGE GATE SUMMARY: 0 directional signal(s) evaluated, 0 demoted to HOLD (enforcing)
2026-09-29 22:43:25,341 | INFO | Executing trading cycle...

📋 Pre-trade snapshot:
   Equity source: broker_live
   Account equity: $494.05
   Exposure (invested fraction): 0.0506
   Trades today (executed): 0
   Daily return: -0.0005
   Risk config: exposure=0.3, max_pos=0.2, max_trades/day=3, daily_loss_limit=0.02, paper_mode=True
[INFO] PAPER TRADING MODE: True — executing in paper mode with guardrails enabled.
2026-09-29 22:43:25,855 | INFO | ORDERS ATTEMPTED: 0
2026-09-29 22:43:25,856 | INFO | ORDERS SUBMITTED: 0
2026-09-29 22:43:25,857 | INFO | Decision summary: {'hold': 15}
2026-09-29 22:43:25,857 | INFO | END DAILY TRADING RUN
