2026-09-22 17:51:47,177 | WARNING | EOS FINANCE DOMAINS UNAVAILABLE (ImportError: eos checkout not found at /home/runner/work/finance_project/mcp_server. Set EOS_ROOT to the mcp_server directory to enable the finance domains.). Running on reduced built-in logic only -- this is NOT the configuration backtests are validated under. Set EOS_ROOT to the mcp_server directory to restore it.
2026-09-22 17:51:47,466 | INFO | Failed to extract font properties from /usr/share/fonts/truetype/noto/NotoColorEmoji.ttf: Non-scalable fonts are not supported
2026-09-22 17:51:47,603 | INFO | generated new fontManager
2026-09-22 17:51:47,830 | INFO | START DAILY TRADING RUN
2026-09-22 17:51:47,830 | INFO | DATE/TIME: 2026-09-22T13:51:47.830541-04:00
2026-09-22 17:51:48,125 | INFO | ACCOUNT: equity=$498.37 (source=broker_live) | cash=$481.89 | exposure=3.3%
2026-09-22 17:51:48,172 | INFO | FILL RECONCILE: 22 fills -> 11 round trips, realized P&L $-1.85 (5W/6L, 45.5% win rate), 1 lots still open, 11 rows written
2026-09-22 17:51:48,172 | INFO |   TSLA     1.00 sh  2026-03-24 -> 2026-07-23  $379.74 -> $337.00  P&L $-42.74 (-11.26%, 120d)
2026-09-22 17:51:48,172 | INFO |   BAC      1.00 sh  2026-03-24 -> 2026-09-09  $47.38 -> $62.79  P&L $+15.41 (+32.52%, 169d)
2026-09-22 17:51:48,172 | INFO |   BAC      1.00 sh  2026-03-24 -> 2026-09-11  $47.38 -> $62.54  P&L $+15.16 (+32.00%, 171d)
2026-09-22 17:51:48,172 | INFO |   CORN     1.00 sh  2026-09-09 -> 2026-09-11  $19.91 -> $19.89  P&L $-0.02 (-0.10%, 1d)
2026-09-22 17:51:48,172 | INFO |   KOLD     1.00 sh  2026-09-15 -> 2026-09-15  $28.63 -> $28.34  P&L $-0.29 (-1.01%, 0d)
2026-09-22 17:51:48,173 | INFO |   CPER     1.00 sh  2026-09-11 -> 2026-09-17  $39.27 -> $39.89  P&L $+0.62 (+1.58%, 6d)
2026-09-22 17:51:48,173 | INFO |   BNO      1.00 sh  2026-08-13 -> 2026-09-17  $49.60 -> $61.30  P&L $+11.70 (+23.59%, 35d)
2026-09-22 17:51:48,173 | INFO |   KOLD     1.00 sh  2026-09-16 -> 2026-09-18  $29.39 -> $28.97  P&L $-0.42 (-1.43%, 1d)
2026-09-22 17:51:48,173 | INFO |   GSG      1.00 sh  2026-09-16 -> 2026-09-21  $36.72 -> $35.97  P&L $-0.75 (-2.04%, 4d)
2026-09-22 17:51:48,173 | INFO |   DBC      1.00 sh  2026-09-16 -> 2026-09-21  $33.27 -> $32.54  P&L $-0.73 (-2.19%, 4d)
2026-09-22 17:51:48,173 | INFO |   PALL     1.00 sh  2026-09-17 -> 2026-09-21  $23.36 -> $23.57  P&L $+0.21 (+0.90%, 3d)
2026-09-22 17:51:48,173 | INFO |   OPEN PPLT     1.00 sh @ $16.17 since 2026-09-17
2026-09-22 17:51:48,183 | INFO | CURRENTLY HELD: PPLT
2026-09-22 17:51:49,362 | INFO | UNIVERSE SCREEN: scope=all | 16/24 affordable at $99.67/position (20% of $498.37 equity)
  OK UNG        $10.72  up to 9 share(s) at $10.72
  OK CANE       $11.22  up to 8 share(s) at $11.22
  OK PPLT       $16.48  up to 6 share(s) at $16.48
  OK CORN       $20.08  up to 4 share(s) at $20.08
  OK PALL       $23.48  up to 4 share(s) at $23.48
  OK DBB        $26.01  up to 3 share(s) at $26.01
  OK WEAT       $26.10  up to 3 share(s) at $26.10
  OK SOYB       $28.14  up to 3 share(s) at $28.14
  OK DBA        $28.60  up to 3 share(s) at $28.60
  OK DBC        $32.58  up to 3 share(s) at $32.58
  OK GSG        $35.82  up to 2 share(s) at $35.82
  OK CPER       $41.03  up to 2 share(s) at $41.03
  OK BNO        $58.54  up to 1 share(s) at $58.54
  OK SLV        $59.76  up to 1 share(s) at $59.76
  OK XLE        $62.32  up to 1 share(s) at $62.32
  OK IAU        $81.58  up to 1 share(s) at $81.58
  -- UGA       $145.05  1 share costs $145.05 but the cap is $99.67 (20% of $498.37)
  -- USO       $146.23  1 share costs $146.23 but the cap is $99.67 (20% of $498.37)
  -- NVDA      $228.84  1 share costs $228.84 but the cap is $99.67 (20% of $498.37)
  -- AMZN      $255.19  1 share costs $255.19 but the cap is $99.67 (20% of $498.37)
  -- AAPL      $341.23  1 share costs $341.23 but the cap is $99.67 (20% of $498.37)
  -- GOOGL     $352.53  1 share costs $352.53 but the cap is $99.67 (20% of $498.37)
  -- GLD       $397.95  1 share costs $397.95 but the cap is $99.67 (20% of $498.37)
  -- MSFT      $496.30  1 share costs $496.30 but the cap is $99.67 (20% of $498.37)
2026-09-22 17:51:49,362 | INFO | TRADING UNIVERSE (16): WEAT, CORN, SOYB, CANE, DBA, UNG, BNO, XLE, SLV, IAU, PPLT, PALL, CPER, DBB, DBC, GSG
2026-09-22 17:51:49,380 | INFO | EXIT RECONCILE | PPLT | ALREADY_PROTECTED | open protective sell order exists
2026-09-22 17:51:49,380 | INFO | EXIT RECONCILE SUMMARY: 1 positions checked, 0 exits attached
2026-09-22 17:51:49,414 | INFO | COMPONENT ACCURACY (all history):
  base rate: the market rose on 51.7% of 24270 scored observations — beat this, not 50%
  component         n     acc            95% CI  verdict
  --------------------------------------------------------------
  Bollinger      6742   50.0%   [ 48.8%,  51.1%]  indistinguishable from a coin flip
  Bayesian      24270   49.2%   [ 48.6%,  49.8%]  WORSE than chance
  GaussianProc  24270   50.8%   [ 50.2%,  51.4%]  beats 50% but NOT the 51.7% base rate
  RSI            5836   51.5%   [ 50.2%,  52.8%]  beats 50% but NOT the 51.7% base rate
  ENSEMBLE       4632   50.9%   [ 49.5%,  52.4%]  indistinguishable from a coin flip
2026-09-22 17:51:49,706 | INFO | CALIBRATION: refit from 24261 matched prediction(s), saved to trade_logs/calibration.json
2026-09-22 17:51:50,671 | INFO | NEWS SCORING: 23 event(s) graded against realized returns
2026-09-22 17:51:50,672 | INFO | NEWS DIFFUSION ACCURACY (all history):
  base rate: the market rose on 44.4% of 198 scored news-linked observations
  match_type    n     acc            95% CI  verdict
  ----------------------------------------------------------
  explicit     17    5.9%   [  0.0%,  17.1%]  WORSE than chance
  theme        60   38.3%   [ 26.0%,  50.6%]  indistinguishable from chance
2026-09-22 17:51:50,725 | INFO | NEWS DIFFUSION: 10 event(s) across 12 symbol(s)
2026-09-22 17:51:50,725 | INFO | NEWS EVENT | symbol=BNO | match=explicit | polarity=bullish (1.00) | themes=geopolitical_supply_shock,crude | Bank of America Says It May Take $150 Oil to Break the Economy
2026-09-22 17:51:50,725 | INFO | NEWS EVENT | symbol=WEAT | match=theme | polarity=bullish (1.00) | themes=geopolitical_supply_shock,crude | Bank of America Says It May Take $150 Oil to Break the Economy
2026-09-22 17:51:50,725 | INFO | NEWS EVENT | symbol=CORN | match=theme | polarity=bullish (1.00) | themes=geopolitical_supply_shock,crude | Bank of America Says It May Take $150 Oil to Break the Economy
2026-09-22 17:51:50,725 | INFO | NEWS EVENT | symbol=UNG | match=theme | polarity=bullish (1.00) | themes=geopolitical_supply_shock,crude | Bank of America Says It May Take $150 Oil to Break the Economy
2026-09-22 17:51:50,725 | INFO | NEWS EVENT | symbol=IAU | match=theme | polarity=bullish (1.00) | themes=geopolitical_supply_shock,crude | Bank of America Says It May Take $150 Oil to Break the Economy
2026-09-22 17:51:50,725 | INFO | NEWS EVENT | symbol=XLE | match=theme | polarity=bullish (1.00) | themes=geopolitical_supply_shock,crude | Bank of America Says It May Take $150 Oil to Break the Economy
2026-09-22 17:51:50,725 | INFO | NEWS EVENT | symbol=DBC | match=theme | polarity=bullish (1.00) | themes=geopolitical_supply_shock,crude | Bank of America Says It May Take $150 Oil to Break the Economy
2026-09-22 17:51:50,725 | INFO | NEWS EVENT | symbol=GSG | match=theme | polarity=bullish (1.00) | themes=geopolitical_supply_shock,crude | Bank of America Says It May Take $150 Oil to Break the Economy
2026-09-22 17:51:50,725 | INFO | NEWS EVENT | symbol=XLE | match=explicit | polarity=neutral (0.00) | themes=- | Leading And Lagging Sectors For September 22, 2026
2026-09-22 17:51:50,726 | INFO | NEWS EVENT | symbol=SLV | match=explicit | polarity=neutral (0.00) | themes=inflation_hedge | ‘The Sell Button Won’t Work’: Why Rate Hikes No Longer Save Debt Markets
2026-09-22 17:51:50,726 | INFO | NEWS EVENT | symbol=IAU | match=explicit | polarity=neutral (0.00) | themes=inflation_hedge | ‘The Sell Button Won’t Work’: Why Rate Hikes No Longer Save Debt Markets
2026-09-22 17:51:50,726 | INFO | NEWS EVENT | symbol=DBA | match=theme | polarity=neutral (0.00) | themes=inflation_hedge | ‘The Sell Button Won’t Work’: Why Rate Hikes No Longer Save Debt Markets
2026-09-22 17:51:50,726 | INFO | NEWS EVENT | symbol=PPLT | match=theme | polarity=neutral (0.00) | themes=inflation_hedge | ‘The Sell Button Won’t Work’: Why Rate Hikes No Longer Save Debt Markets
2026-09-22 17:51:50,726 | INFO | NEWS EVENT | symbol=DBC | match=theme | polarity=neutral (0.00) | themes=inflation_hedge | ‘The Sell Button Won’t Work’: Why Rate Hikes No Longer Save Debt Markets
2026-09-22 17:51:50,726 | INFO | NEWS EVENT | symbol=GSG | match=theme | polarity=neutral (0.00) | themes=inflation_hedge | ‘The Sell Button Won’t Work’: Why Rate Hikes No Longer Save Debt Markets
2026-09-22 17:51:50,726 | INFO | NEWS EVENT | symbol=CPER | match=explicit | polarity=bullish (1.00) | themes=- | Michael Burry Says He’s ‘Largely Ignoring’ AI Stocks — Here’s the Copper Miner He’s Betting on as Data Center Demand Soa
2026-09-22 17:51:50,726 | INFO | NEWS EVENT | symbol=DBA | match=explicit | polarity=bullish (1.00) | themes=- | US Diesel Prices Surge Past $6.50: The Agriculture ETFs Caught in the Crossfire
2026-09-22 17:51:50,726 | INFO | NEWS EVENT | symbol=XLE | match=explicit | polarity=bullish (1.00) | themes=crude | Nasdaq 100 Rallies, Intel Soars 14%: Stock Market Today
2026-09-22 17:51:50,726 | INFO | NEWS EVENT | symbol=BNO | match=theme | polarity=bullish (1.00) | themes=crude | Nasdaq 100 Rallies, Intel Soars 14%: Stock Market Today
2026-09-22 17:51:50,726 | INFO | NEWS EVENT | symbol=DBC | match=theme | polarity=bullish (1.00) | themes=crude | Nasdaq 100 Rallies, Intel Soars 14%: Stock Market Today
2026-09-22 17:51:50,726 | INFO | NEWS EVENT | symbol=GSG | match=theme | polarity=bullish (1.00) | themes=crude | Nasdaq 100 Rallies, Intel Soars 14%: Stock Market Today
2026-09-22 17:51:50,726 | INFO | NEWS EVENT | symbol=XLE | match=explicit | polarity=neutral (0.00) | themes=inflation_hedge | The Fed Is Watching AI Inflation. Here's What ETF Investors Should Watch
2026-09-22 17:51:50,726 | INFO | NEWS EVENT | symbol=DBA | match=theme | polarity=neutral (0.00) | themes=inflation_hedge | The Fed Is Watching AI Inflation. Here's What ETF Investors Should Watch
2026-09-22 17:51:50,726 | INFO | NEWS EVENT | symbol=SLV | match=theme | polarity=neutral (0.00) | themes=inflation_hedge | The Fed Is Watching AI Inflation. Here's What ETF Investors Should Watch
2026-09-22 17:51:50,726 | INFO | NEWS EVENT | symbol=IAU | match=theme | polarity=neutral (0.00) | themes=inflation_hedge | The Fed Is Watching AI Inflation. Here's What ETF Investors Should Watch
2026-09-22 17:51:50,726 | INFO | NEWS EVENT | symbol=PPLT | match=theme | polarity=neutral (0.00) | themes=inflation_hedge | The Fed Is Watching AI Inflation. Here's What ETF Investors Should Watch
2026-09-22 17:51:50,726 | INFO | NEWS EVENT | symbol=DBC | match=theme | polarity=neutral (0.00) | themes=inflation_hedge | The Fed Is Watching AI Inflation. Here's What ETF Investors Should Watch
2026-09-22 17:51:50,726 | INFO | NEWS EVENT | symbol=GSG | match=theme | polarity=neutral (0.00) | themes=inflation_hedge | The Fed Is Watching AI Inflation. Here's What ETF Investors Should Watch
2026-09-22 17:51:50,726 | INFO | NEWS EVENT | symbol=XLE | match=explicit | polarity=neutral (0.00) | themes=- | Leading And Lagging Sectors For September 21, 2026
2026-09-22 17:51:50,726 | INFO | NEWS EVENT | symbol=BNO | match=explicit | polarity=bullish (1.00) | themes=geopolitical_supply_shock | Diesel Hits Historic $6.51/Gal: Commodity Strategist Warns We Are Facing a Deficit That 'No Handshake' Can Refill
2026-09-22 17:51:50,726 | INFO | NEWS EVENT | symbol=WEAT | match=theme | polarity=bullish (1.00) | themes=geopolitical_supply_shock | Diesel Hits Historic $6.51/Gal: Commodity Strategist Warns We Are Facing a Deficit That 'No Handshake' Can Refill
2026-09-22 17:51:50,726 | INFO | NEWS EVENT | symbol=CORN | match=theme | polarity=bullish (1.00) | themes=geopolitical_supply_shock | Diesel Hits Historic $6.51/Gal: Commodity Strategist Warns We Are Facing a Deficit That 'No Handshake' Can Refill
2026-09-22 17:51:50,726 | INFO | NEWS EVENT | symbol=UNG | match=theme | polarity=bullish (1.00) | themes=geopolitical_supply_shock | Diesel Hits Historic $6.51/Gal: Commodity Strategist Warns We Are Facing a Deficit That 'No Handshake' Can Refill
2026-09-22 17:51:50,726 | INFO | NEWS EVENT | symbol=IAU | match=theme | polarity=bullish (1.00) | themes=geopolitical_supply_shock | Diesel Hits Historic $6.51/Gal: Commodity Strategist Warns We Are Facing a Deficit That 'No Handshake' Can Refill
2026-09-22 17:51:50,727 | INFO | NEWS EVENT | symbol=SLV | match=explicit | polarity=neutral (0.00) | themes=geopolitical_supply_shock | Gold to $5,000? Strategist Warns a Drop to $3,000 Comes First
2026-09-22 17:51:50,727 | INFO | NEWS EVENT | symbol=IAU | match=explicit | polarity=neutral (0.00) | themes=geopolitical_supply_shock | Gold to $5,000? Strategist Warns a Drop to $3,000 Comes First
2026-09-22 17:51:50,727 | INFO | NEWS EVENT | symbol=WEAT | match=theme | polarity=neutral (0.00) | themes=geopolitical_supply_shock | Gold to $5,000? Strategist Warns a Drop to $3,000 Comes First
2026-09-22 17:51:50,727 | INFO | NEWS EVENT | symbol=CORN | match=theme | polarity=neutral (0.00) | themes=geopolitical_supply_shock | Gold to $5,000? Strategist Warns a Drop to $3,000 Comes First
2026-09-22 17:51:50,727 | INFO | NEWS EVENT | symbol=UNG | match=theme | polarity=neutral (0.00) | themes=geopolitical_supply_shock | Gold to $5,000? Strategist Warns a Drop to $3,000 Comes First
2026-09-22 17:51:50,727 | INFO | NEWS EVENT | symbol=BNO | match=theme | polarity=neutral (0.00) | themes=geopolitical_supply_shock | Gold to $5,000? Strategist Warns a Drop to $3,000 Comes First
2026-09-22 17:51:50,730 | INFO | NEWS DIFFUSION: 17 new event(s) persisted for scoring
2026-09-22 17:51:50,730 | INFO | Generating signals...
YF.download() has changed argument auto_adjust default to True

🔵 Running Bayesian Linear Regression for WEAT...
🟠 Running Gaussian Process for WEAT...

📊 WEAT - Unified Forecast Summary (2026-09-22)
======================================================================
🔵 Bayesian Forecast: -0.0066 ± 0.2027
🟠 GP Forecast:       0.0077 ± 0.0059
🟢 Ensemble Forecast: 0.0076 ± 0.0086
📈 RSI Signal:        HOLD (RSI: 60.5)
📊 BB Signal:         HOLD (Z-Score: -0.89)
🎯 Final Signal:      HOLD (Confidence: 50.0%)
💰 Recommendation:    HOLD

💰 Next-Day Closing Price Predictions:
   Current Close:    $26.10
   Bayesian:         $25.93 ($20.64 - $31.22)
   GP:               $26.30 ($26.15 - $26.45)
   Ensemble:         $26.30 ($26.07 - $26.52)

🔵 Running Bayesian Linear Regression for CORN...
🟠 Running Gaussian Process for CORN...

📊 CORN - Unified Forecast Summary (2026-09-22)
======================================================================
🔵 Bayesian Forecast: 0.0005 ± 0.2028
🟠 GP Forecast:       -0.0021 ± 0.0048
🟢 Ensemble Forecast: -0.0021 ± 0.0071
📈 RSI Signal:        SELL (RSI: 73.1)
📊 BB Signal:         HOLD (Z-Score: 0.49)
🎯 Final Signal:      HOLD (Confidence: 50.0%)
💰 Recommendation:    HOLD

💰 Next-Day Closing Price Predictions:
   Current Close:    $20.08
   Bayesian:         $20.09 ($16.02 - $24.16)
   GP:               $20.04 ($19.94 - $20.13)
   Ensemble:         $20.04 ($19.90 - $20.18)

🔵 Running Bayesian Linear Regression for SOYB...
🟠 Running Gaussian Process for SOYB...

📊 SOYB - Unified Forecast Summary (2026-09-22)
======================================================================
🔵 Bayesian Forecast: 0.0025 ± 0.2012
🟠 GP Forecast:       -0.0030 ± 0.0065
🟢 Ensemble Forecast: -0.0030 ± 0.0094
📈 RSI Signal:        HOLD (RSI: 68.0)
📊 BB Signal:         HOLD (Z-Score: 1.10)
🎯 Final Signal:      HOLD (Confidence: 50.0%)
💰 Recommendation:    HOLD

💰 Next-Day Closing Price Predictions:
   Current Close:    $28.14
   Bayesian:         $28.21 ($22.55 - $33.87)
   GP:               $28.05 ($27.87 - $28.24)
   Ensemble:         $28.05 ($27.79 - $28.32)

🔵 Running Bayesian Linear Regression for CANE...
🟠 Running Gaussian Process for CANE...

📊 CANE - Unified Forecast Summary (2026-09-22)
======================================================================
🔵 Bayesian Forecast: -0.0022 ± 0.2015
🟠 GP Forecast:       -0.0000 ± 0.0057
🟢 Ensemble Forecast: -0.0000 ± 0.0083
📈 RSI Signal:        HOLD (RSI: 47.7)
📊 BB Signal:         HOLD (Z-Score: -0.75)
🎯 Final Signal:      HOLD (Confidence: 50.0%)
💰 Recommendation:    HOLD

💰 Next-Day Closing Price Predictions:
   Current Close:    $11.22
   Bayesian:         $11.20 ($8.93 - $13.46)
   GP:               $11.22 ($11.16 - $11.28)
   Ensemble:         $11.22 ($11.13 - $11.31)

🔵 Running Bayesian Linear Regression for DBA...
🟠 Running Gaussian Process for DBA...

📊 DBA - Unified Forecast Summary (2026-09-22)
======================================================================
🔵 Bayesian Forecast: -0.0037 ± 0.2024
🟠 GP Forecast:       -0.0012 ± 0.0074
🟢 Ensemble Forecast: -0.0012 ± 0.0107
📈 RSI Signal:        HOLD (RSI: 48.6)
📊 BB Signal:         HOLD (Z-Score: -0.79)
🎯 Final Signal:      HOLD (Confidence: 50.0%)
💰 Recommendation:    HOLD

💰 Next-Day Closing Price Predictions:
   Current Close:    $28.60
   Bayesian:         $28.50 ($22.71 - $34.29)
   GP:               $28.57 ($28.36 - $28.78)
   Ensemble:         $28.57 ($28.26 - $28.88)

🔵 Running Bayesian Linear Regression for UNG...
🟠 Running Gaussian Process for UNG...

📊 UNG - Unified Forecast Summary (2026-09-22)
======================================================================
🔵 Bayesian Forecast: 0.0309 ± 0.2033
🟠 GP Forecast:       0.0033 ± 0.0041
🟢 Ensemble Forecast: 0.0033 ± 0.0062
📈 RSI Signal:        HOLD (RSI: 64.0)
📊 BB Signal:         SELL (Z-Score: 1.74)
🎯 Final Signal:      HOLD (Confidence: 50.0%)
💰 Recommendation:    HOLD

💰 Next-Day Closing Price Predictions:
   Current Close:    $10.72
   Bayesian:         $11.05 ($8.87 - $13.22)
   GP:               $10.75 ($10.71 - $10.79)
   Ensemble:         $10.75 ($10.68 - $10.82)

🔵 Running Bayesian Linear Regression for BNO...
🟠 Running Gaussian Process for BNO...

📊 BNO - Unified Forecast Summary (2026-09-22)
======================================================================
🔵 Bayesian Forecast: 0.0101 ± 0.2022
🟠 GP Forecast:       0.0052 ± 0.0102
🟢 Ensemble Forecast: 0.0052 ± 0.0146
📈 RSI Signal:        HOLD (RSI: 58.9)
📊 BB Signal:         HOLD (Z-Score: 0.26)
🎯 Final Signal:      HOLD (Confidence: 50.0%)
💰 Recommendation:    HOLD

💰 Next-Day Closing Price Predictions:
   Current Close:    $58.54
   Bayesian:         $59.13 ($47.29 - $70.97)
   GP:               $58.85 ($58.25 - $59.44)
   Ensemble:         $58.85 ($57.99 - $59.70)

🔵 Running Bayesian Linear Regression for XLE...
🟠 Running Gaussian Process for XLE...

📊 XLE - Unified Forecast Summary (2026-09-22)
======================================================================
🔵 Bayesian Forecast: -0.0059 ± 0.2034
🟠 GP Forecast:       -0.0010 ± 0.0061
🟢 Ensemble Forecast: -0.0010 ± 0.0088
📈 RSI Signal:        HOLD (RSI: 48.4)
📊 BB Signal:         HOLD (Z-Score: -1.19)
🎯 Final Signal:      HOLD (Confidence: 50.0%)
💰 Recommendation:    HOLD

💰 Next-Day Closing Price Predictions:
   Current Close:    $62.31
   Bayesian:         $61.95 ($49.28 - $74.62)
   GP:               $62.25 ($61.87 - $62.63)
   Ensemble:         $62.25 ($61.70 - $62.80)

🔵 Running Bayesian Linear Regression for SLV...
🟠 Running Gaussian Process for SLV...

📊 SLV - Unified Forecast Summary (2026-09-22)
======================================================================
🔵 Bayesian Forecast: -0.0063 ± 0.2006
🟠 GP Forecast:       0.0095 ± 0.0044
🟢 Ensemble Forecast: 0.0094 ± 0.0065
📈 RSI Signal:        BUY (RSI: 28.9)
📊 BB Signal:         HOLD (Z-Score: 0.17)
🎯 Final Signal:      STRONG BUY (Confidence: 90.0%)
💰 Recommendation:    STRONG BUY

💰 Next-Day Closing Price Predictions:
   Current Close:    $59.76
   Bayesian:         $59.38 ($47.40 - $71.37)
   GP:               $60.32 ($60.06 - $60.58)
   Ensemble:         $60.32 ($59.93 - $60.71)
2026-09-22 17:51:54,773 | INFO | SIGNAL NORMALIZED | symbol=SLV | original=STRONG BUY | normalized=BUY | confidence=0.9000 | prob_profit=0.9981

🔵 Running Bayesian Linear Regression for IAU...
🟠 Running Gaussian Process for IAU...

📊 IAU - Unified Forecast Summary (2026-09-22)
======================================================================
🔵 Bayesian Forecast: -0.0052 ± 0.2007
🟠 GP Forecast:       -0.0020 ± 0.0039
🟢 Ensemble Forecast: -0.0020 ± 0.0059
📈 RSI Signal:        BUY (RSI: 24.9)
📊 BB Signal:         HOLD (Z-Score: -0.59)
🎯 Final Signal:      HOLD (Confidence: 50.0%)
💰 Recommendation:    HOLD

💰 Next-Day Closing Price Predictions:
   Current Close:    $81.58
   Bayesian:         $81.16 ($64.79 - $97.54)
   GP:               $81.42 ($81.10 - $81.75)
   Ensemble:         $81.42 ($80.94 - $81.91)

🔵 Running Bayesian Linear Regression for PPLT...
🟠 Running Gaussian Process for PPLT...

📊 PPLT - Unified Forecast Summary (2026-09-22)
======================================================================
🔵 Bayesian Forecast: 0.0018 ± 0.2004
🟠 GP Forecast:       0.0049 ± 0.0064
🟢 Ensemble Forecast: 0.0049 ± 0.0093
📈 RSI Signal:        BUY (RSI: 21.1)
📊 BB Signal:         HOLD (Z-Score: 0.40)
🎯 Final Signal:      HOLD (Confidence: 50.0%)
💰 Recommendation:    HOLD

💰 Next-Day Closing Price Predictions:
   Current Close:    $16.48
   Bayesian:         $16.51 ($13.20 - $19.81)
   GP:               $16.56 ($16.45 - $16.66)
   Ensemble:         $16.56 ($16.40 - $16.71)

🔵 Running Bayesian Linear Regression for PALL...
🟠 Running Gaussian Process for PALL...

📊 PALL - Unified Forecast Summary (2026-09-22)
======================================================================
🔵 Bayesian Forecast: -0.0145 ± 0.2009
🟠 GP Forecast:       0.0068 ± 0.0066
🟢 Ensemble Forecast: 0.0068 ± 0.0096
📈 RSI Signal:        BUY (RSI: 18.3)
📊 BB Signal:         HOLD (Z-Score: -0.80)
🎯 Final Signal:      BUY (Confidence: 75.0%)
💰 Recommendation:    BUY

💰 Next-Day Closing Price Predictions:
   Current Close:    $23.48
   Bayesian:         $23.13 ($18.42 - $27.85)
   GP:               $23.63 ($23.48 - $23.79)
   Ensemble:         $23.63 ($23.41 - $23.86)

🔵 Running Bayesian Linear Regression for CPER...
🟠 Running Gaussian Process for CPER...

📊 CPER - Unified Forecast Summary (2026-09-22)
======================================================================
🔵 Bayesian Forecast: 0.0079 ± 0.2015
🟠 GP Forecast:       -0.0000 ± 0.0076
🟢 Ensemble Forecast: -0.0000 ± 0.0109
📈 RSI Signal:        HOLD (RSI: 33.9)
📊 BB Signal:         SELL (Z-Score: 1.53)
🎯 Final Signal:      HOLD (Confidence: 50.0%)
💰 Recommendation:    HOLD

💰 Next-Day Closing Price Predictions:
   Current Close:    $41.03
   Bayesian:         $41.36 ($33.09 - $49.63)
   GP:               $41.03 ($40.72 - $41.35)
   Ensemble:         $41.03 ($40.59 - $41.48)

🔵 Running Bayesian Linear Regression for DBB...
🟠 Running Gaussian Process for DBB...

📊 DBB - Unified Forecast Summary (2026-09-22)
======================================================================
🔵 Bayesian Forecast: 0.0048 ± 0.2008
🟠 GP Forecast:       0.0035 ± 0.0064
🟢 Ensemble Forecast: 0.0035 ± 0.0092
📈 RSI Signal:        HOLD (RSI: 40.0)
📊 BB Signal:         HOLD (Z-Score: 1.20)
🎯 Final Signal:      HOLD (Confidence: 50.0%)
💰 Recommendation:    HOLD

💰 Next-Day Closing Price Predictions:
   Current Close:    $26.01
   Bayesian:         $26.14 ($20.91 - $31.36)
   GP:               $26.10 ($25.93 - $26.27)
   Ensemble:         $26.10 ($25.86 - $26.34)

🔵 Running Bayesian Linear Regression for DBC...
🟠 Running Gaussian Process for DBC...

📊 DBC - Unified Forecast Summary (2026-09-22)
======================================================================
🔵 Bayesian Forecast: 0.0016 ± 0.2012
🟠 GP Forecast:       0.0021 ± 0.0056
🟢 Ensemble Forecast: 0.0021 ± 0.0081
📈 RSI Signal:        HOLD (RSI: 54.8)
📊 BB Signal:         HOLD (Z-Score: 0.33)
🎯 Final Signal:      HOLD (Confidence: 50.0%)
💰 Recommendation:    HOLD

💰 Next-Day Closing Price Predictions:
   Current Close:    $32.58
   Bayesian:         $32.63 ($26.08 - $39.19)
   GP:               $32.65 ($32.47 - $32.83)
   Ensemble:         $32.65 ($32.38 - $32.91)

🔵 Running Bayesian Linear Regression for GSG...
🟠 Running Gaussian Process for GSG...

📊 GSG - Unified Forecast Summary (2026-09-22)
======================================================================
🔵 Bayesian Forecast: 0.0031 ± 0.2016
🟠 GP Forecast:       0.0028 ± 0.0053
🟢 Ensemble Forecast: 0.0028 ± 0.0078
📈 RSI Signal:        SELL (RSI: 70.8)
📊 BB Signal:         HOLD (Z-Score: 0.40)
🎯 Final Signal:      HOLD (Confidence: 50.0%)
💰 Recommendation:    HOLD

💰 Next-Day Closing Price Predictions:
   Current Close:    $35.82
   Bayesian:         $35.93 ($28.71 - $43.15)
   GP:               $35.92 ($35.73 - $36.11)
   Ensemble:         $35.92 ($35.64 - $36.20)
2026-09-22 17:52:00,758 | INFO | CALIBRATION APPLIED: 16 signal(s), fit on n=24261 (fitted 2026-09-22T17:51:49+00:00) — 14 moved by >5pp
2026-09-22 17:52:00,762 | INFO | VOL SIZING | symbol=SLV | predicted_vol=37.4% | scale=x0.67 | ENFORCED | vol 37.4% vs 25% target -> x0.67
2026-09-22 17:52:00,765 | INFO | VOL SIZING | symbol=PALL | predicted_vol=47.4% | scale=x0.53 | ENFORCED | vol 47.4% vs 25% target -> x0.53
2026-09-22 17:52:00,765 | INFO | SIGNAL FILTER | symbol=WEAT | original=HOLD | normalized=HOLD | confidence=0.5000 | prob_profit=0.5321 | decision=HOLD | reason=explicit HOLD decision retained for logging
2026-09-22 17:52:00,765 | INFO | SIGNAL FILTER | symbol=CORN | original=HOLD | normalized=HOLD | confidence=0.5000 | prob_profit=0.4925 | decision=HOLD | reason=explicit HOLD decision retained for logging
2026-09-22 17:52:00,765 | INFO | SIGNAL FILTER | symbol=SOYB | original=HOLD | normalized=HOLD | confidence=0.5000 | prob_profit=0.4925 | decision=HOLD | reason=explicit HOLD decision retained for logging
2026-09-22 17:52:00,765 | INFO | SIGNAL FILTER | symbol=CANE | original=HOLD | normalized=HOLD | confidence=0.5000 | prob_profit=0.5201 | decision=HOLD | reason=explicit HOLD decision retained for logging
2026-09-22 17:52:00,765 | INFO | SIGNAL FILTER | symbol=DBA | original=HOLD | normalized=HOLD | confidence=0.5000 | prob_profit=0.5152 | decision=HOLD | reason=explicit HOLD decision retained for logging
2026-09-22 17:52:00,765 | INFO | SIGNAL FILTER | symbol=UNG | original=HOLD | normalized=HOLD | confidence=0.4250 | prob_profit=0.5321 | decision=HOLD | reason=explicit HOLD decision retained for logging
2026-09-22 17:52:00,765 | INFO | SIGNAL FILTER | symbol=BNO | original=HOLD | normalized=HOLD | confidence=0.5000 | prob_profit=0.5321 | decision=HOLD | reason=explicit HOLD decision retained for logging
2026-09-22 17:52:00,765 | INFO | SIGNAL FILTER | symbol=XLE | original=HOLD | normalized=HOLD | confidence=0.5000 | prob_profit=0.5152 | decision=HOLD | reason=explicit HOLD decision retained for logging
2026-09-22 17:52:00,765 | INFO | SIGNAL FILTER | symbol=SLV | original=STRONG BUY | normalized=BUY | confidence=0.9000 | prob_profit=0.5321 | p_dir=0.5321 | decision=PASS | reason=meets confidence and probability thresholds
2026-09-22 17:52:00,765 | INFO | SIGNAL FILTER | symbol=IAU | original=HOLD | normalized=HOLD | confidence=0.5000 | prob_profit=0.4925 | decision=HOLD | reason=explicit HOLD decision retained for logging
2026-09-22 17:52:00,765 | INFO | SIGNAL FILTER | symbol=PPLT | original=HOLD | normalized=HOLD | confidence=0.5000 | prob_profit=0.5321 | decision=HOLD | reason=explicit HOLD decision retained for logging
2026-09-22 17:52:00,765 | INFO | SIGNAL FILTER | symbol=PALL | original=BUY | normalized=BUY | confidence=0.7500 | prob_profit=0.5321 | p_dir=0.5321 | decision=PASS | reason=meets confidence and probability thresholds
2026-09-22 17:52:00,765 | INFO | SIGNAL FILTER | symbol=CPER | original=HOLD | normalized=HOLD | confidence=0.4250 | prob_profit=0.5201 | decision=HOLD | reason=explicit HOLD decision retained for logging
2026-09-22 17:52:00,765 | INFO | SIGNAL FILTER | symbol=DBB | original=HOLD | normalized=HOLD | confidence=0.5000 | prob_profit=0.5321 | decision=HOLD | reason=explicit HOLD decision retained for logging
2026-09-22 17:52:00,765 | INFO | SIGNAL FILTER | symbol=DBC | original=HOLD | normalized=HOLD | confidence=0.5000 | prob_profit=0.5321 | decision=HOLD | reason=explicit HOLD decision retained for logging
2026-09-22 17:52:00,765 | INFO | SIGNAL FILTER | symbol=GSG | original=HOLD | normalized=HOLD | confidence=0.5000 | prob_profit=0.5321 | decision=HOLD | reason=explicit HOLD decision retained for logging
2026-09-22 17:52:00,766 | INFO | EDGE GATE | symbol=SLV | move=0.944% | p_dir=0.532 | cost=0.130% | EV=-0.069% | decision=PASS (shadow) | reason=predicted move 0.944% at 53.2% does not cover 0.130% round-trip cost (EV -0.069%)
2026-09-22 17:52:00,766 | INFO | EDGE GATE | symbol=PALL | move=0.676% | p_dir=0.532 | cost=0.400% | EV=-0.357% | decision=PASS (shadow) | reason=predicted move 0.676% at 53.2% does not cover 0.400% round-trip cost (EV -0.357%)
2026-09-22 17:52:00,766 | INFO | EDGE GATE SUMMARY: 2 directional signal(s) evaluated, 0 demoted to HOLD (shadow mode)
2026-09-22 17:52:00,766 | INFO | SIGNALS GENERATED: 16 total, 2 directional candidates, 14 hold decisions
2026-09-22 17:52:00,766 | INFO |   SLV   BUY  conf=0.90 prob=0.53 | precious_metals / physical silver
2026-09-22 17:52:00,766 | INFO |   PALL  BUY  conf=0.75 prob=0.53 | precious_metals / physical palladium
2026-09-22 17:52:00,768 | INFO | THESES SHADOW-LOGGED: 16
2026-09-22 17:52:01,516 | INFO | Options chain for SLV served from the INDICATIVE (delayed) feed; OPRA unavailable ({"message":"OPRA agreement is not signed"}).
2026-09-22 17:52:01,566 | INFO | OPTIONS CANDIDATES FOR TODAY: SLV -> PUT {'symbol': 'SLV261016P00057500', 'underlying': 'SLV', 'expiration': '2026-10-16', 'strike': 57.5, 'type': 'put', 'delta': -0.3018, 'implied_volatility': 0.3361} | CALL {'symbol': 'SLV261030C00064500', 'underlying': 'SLV', 'expiration': '2026-10-30', 'strike': 64.5, 'type': 'call', 'delta': 0.3028, 'implied_volatility': 0.3873}
2026-09-22 17:52:01,690 | INFO | Options chain for PALL served from the INDICATIVE (delayed) feed; OPRA unavailable ({"message":"OPRA agreement is not signed"}).
2026-09-22 17:52:01,696 | INFO | OPTIONS CANDIDATES FOR TODAY: PALL -> PUT {'symbol': 'PALL261016P00023000', 'underlying': 'PALL', 'expiration': '2026-10-16', 'strike': 23.0, 'type': 'put', 'delta': -0.383, 'implied_volatility': 0.3562} | CALL {'symbol': 'PALL261016C00025000', 'underlying': 'PALL', 'expiration': '2026-10-16', 'strike': 25.0, 'type': 'call', 'delta': 0.2796, 'implied_volatility': 0.3727}
2026-09-22 17:52:01,696 | INFO | Loading portfolio state...
2026-09-22 17:52:01,712 | INFO | INVERSE ROUTING: nothing to route
  (no directional signals to route)
2026-09-22 17:52:01,712 | INFO | Executing trading cycle...

📋 Pre-trade snapshot:
   Equity source: broker_live
   Account equity: $498.37
   Exposure (invested fraction): 0.0331
   Trades today (executed): 0
   Daily return: 0.0003
   Risk config: exposure=0.3, max_pos=0.2, max_trades/day=3, daily_loss_limit=0.02, paper_mode=True
[INFO] PAPER TRADING MODE: True — executing in paper mode with guardrails enabled.

🎯 SLV: BUY
   Quantity: 1 shares
   Entry: $59.76
   TP: $62.15
   SL: $58.56

[RISK TRACE] SLV
   equity_source_used: broker_live
   account_equity_value: 498.37
   max_position_size_value: 0.2
   computed_max_dollar_position: 99.67
   proposed_order_value: 59.76
   capped_quantity: 1
   final_decision: EXECUTE
   rejection_reason: 
[OK] PAPER: BRACKET BUY 1 SLV
   TP: $62.15 | SL: $58.56
   Order ID: 1f2d0dec-aba5-4506-90d9-f593d6eab47e

🎯 PALL: BUY
   Quantity: 1 shares
   Entry: $23.48
   TP: $24.41
   SL: $23.01

[RISK TRACE] PALL
   equity_source_used: broker_live
   account_equity_value: 498.37
   max_position_size_value: 0.2
   computed_max_dollar_position: 99.67
   proposed_order_value: 23.48
   capped_quantity: 4
   final_decision: EXECUTE
   rejection_reason: 
[OK] PAPER: BRACKET BUY 1 PALL
   TP: $24.41 | SL: $23.01
   Order ID: 3c23acc3-3c7c-45d9-b219-a0a850fa54e5
2026-09-22 17:52:01,992 | INFO | ORDERS ATTEMPTED: 2
2026-09-22 17:52:01,992 | INFO | ORDERS SUBMITTED: 2
2026-09-22 17:52:01,995 | INFO | Decision summary: {'hold': 14, 'buy': 2}
2026-09-22 17:52:01,995 | INFO | END DAILY TRADING RUN
